Archive member included to satisfy reference by file (symbol)

c:/devkitPro/libctru/lib\libctru.a(gfx.o)
                              main.o (gfxInitDefault)
c:/devkitPro/libctru/lib\libctru.a(console.o)
                              main.o (consoleInit)
c:/devkitPro/libctru/lib\libctru.a(gx.o)
                              c:/devkitPro/libctru/lib\libctru.a(gfx.o) (gxCmdBuf)
c:/devkitPro/libctru/lib\libctru.a(httpc.o)
                              main.o (httpcInit)
c:/devkitPro/libctru/lib\libctru.a(hid.o)
                              main.o (hidScanInput)
c:/devkitPro/libctru/lib\libctru.a(apt.o)
                              main.o (aptMainLoop)
c:/devkitPro/libctru/lib\libctru.a(am.o)
                              main.o (AM_StartCiaInstall)
c:/devkitPro/libctru/lib\libctru.a(gspgpu.o)
                              c:/devkitPro/libctru/lib\libctru.a(gfx.o) (gspInit)
c:/devkitPro/libctru/lib\libctru.a(irrst.o)
                              c:/devkitPro/libctru/lib\libctru.a(hid.o) (irrstScanInput)
c:/devkitPro/libctru/lib\libctru.a(utf8_to_utf16.o)
                              c:/devkitPro/libctru/lib\libctru.a(am.o) (utf8_to_utf16)
c:/devkitPro/libctru/lib\libctru.a(decode_utf8.o)
                              c:/devkitPro/libctru/lib\libctru.a(utf8_to_utf16.o) (decode_utf8)
c:/devkitPro/libctru/lib\libctru.a(encode_utf16.o)
                              c:/devkitPro/libctru/lib\libctru.a(utf8_to_utf16.o) (encode_utf16)
c:/devkitPro/libctru/lib\libctru.a(initArgv.o)
                              c:/devkitpro/devkitarm/bin/../lib/gcc/arm-none-eabi/6.3.0/../../../../arm-none-eabi/lib/armv6k/fpu/3dsx_crt0.o (__system_argc)
c:/devkitPro/libctru/lib\libctru.a(initSystem.o)
                              c:/devkitPro/libctru/lib\libctru.a(apt.o) (__system_retAddr)
c:/devkitPro/libctru/lib\libctru.a(svc.o)
                              c:/devkitPro/libctru/lib\libctru.a(apt.o) (svcExitProcess)
c:/devkitPro/libctru/lib\libctru.a(stack_adjust.o)
                              c:/devkitpro/devkitarm/bin/../lib/gcc/arm-none-eabi/6.3.0/../../../../arm-none-eabi/lib/armv6k/fpu/3dsx_crt0.o (initSystem)
c:/devkitPro/libctru/lib\libctru.a(default_font.bin.o)
                              c:/devkitPro/libctru/lib\libctru.a(console.o) (default_font_bin)
c:/devkitPro/libctru/lib\libctru.a(linear.o)
                              c:/devkitPro/libctru/lib\libctru.a(gfx.o) (linearAlloc)
c:/devkitPro/libctru/lib\libctru.a(mappable.o)
                              c:/devkitPro/libctru/lib\libctru.a(gfx.o) (mappableAlloc)
c:/devkitPro/libctru/lib\libctru.a(vram.o)
                              c:/devkitPro/libctru/lib\libctru.a(gfx.o) (vramAlloc)
c:/devkitPro/libctru/lib\libctru.a(thread.o)
                              c:/devkitPro/libctru/lib\libctru.a(apt.o) (threadCreate)
c:/devkitPro/libctru/lib\libctru.a(srv.o)
                              c:/devkitPro/libctru/lib\libctru.a(apt.o) (srvInit)
c:/devkitPro/libctru/lib\libctru.a(os.o)
                              c:/devkitPro/libctru/lib\libctru.a(apt.o) (__ctru_speedup_config)
c:/devkitPro/libctru/lib\libctru.a(env.o)
                              c:/devkitPro/libctru/lib\libctru.a(irrst.o) (envGetHandle)
c:/devkitPro/libctru/lib\libctru.a(synchronization.o)
                              c:/devkitPro/libctru/lib\libctru.a(initSystem.o) (__sync_init)
c:/devkitPro/libctru/lib\libctru.a(ptmsysm.o)
                              c:/devkitPro/libctru/lib\libctru.a(os.o) (ptmSysmInit)
c:/devkitPro/libctru/lib\libctru.a(rbtree_find.o)
                              c:/devkitPro/libctru/lib\libctru.a(linear.o) (rbtree_find)
c:/devkitPro/libctru/lib\libctru.a(rbtree_remove.o)
                              c:/devkitPro/libctru/lib\libctru.a(linear.o) (rbtree_remove)
c:/devkitPro/libctru/lib\libctru.a(rbtree_iterator.o)
                              c:/devkitPro/libctru/lib\libctru.a(rbtree_remove.o) (rbtree_node_next)
c:/devkitPro/libctru/lib\libctru.a(rbtree_rotate.o)
                              c:/devkitPro/libctru/lib\libctru.a(rbtree_remove.o) (rbtree_rotate)
c:/devkitPro/libctru/lib\libctru.a(rbtree_insert.o)
                              c:/devkitPro/libctru/lib\libctru.a(linear.o) (rbtree_insert)
c:/devkitPro/libctru/lib\libctru.a(rbtree_init.o)
                              c:/devkitPro/libctru/lib\libctru.a(linear.o) (rbtree_init)
c:/devkitPro/libctru/lib\libctru.a(ctru_exit.o)
                              c:/devkitPro/libctru/lib\libctru.a(stack_adjust.o) (__libctru_exit)
c:/devkitPro/libctru/lib\libctru.a(appExit.o)
                              c:/devkitPro/libctru/lib\libctru.a(stack_adjust.o) (__appExit)
c:/devkitPro/libctru/lib\libctru.a(allocateHeaps.o)
                              c:/devkitPro/libctru/lib\libctru.a(initSystem.o) (__system_allocateHeaps)
c:/devkitPro/libctru/lib\libctru.a(syscalls.o)
                              c:/devkitPro/libctru/lib\libctru.a(initSystem.o) (__system_initSyscalls)
c:/devkitPro/libctru/lib\libctru.a(appInit.o)
[...]
Memory Configuration

Name             Origin             Length             Attributes
*default*        0x00000000         0xffffffff

Linker script and memory map

                0x00100000                PROVIDE (__start__, 0x100000)
                0x00100000                . = __start__

.text           0x00100000    0x21524
 *(.crt0)
 .crt0          0x00100000       0x94 c:/devkitpro/devkitarm/bin/../lib/gcc/arm-none-eabi/6.3.0/../../../../arm-none-eabi/lib/armv6k/fpu/3dsx_crt0.o
                0x00100000                _start
                0x00100008                __service_ptr
                0x0010000c                __apt_appid
                0x00100010                __heap_size
                0x00100014                __linear_heap_size
                0x00100018                __system_arglist
                0x0010001c                __system_runflags
 *(.init)
 .init          0x00100094        0xc c:/devkitpro/devkitarm/bin/../lib/gcc/arm-none-eabi/6.3.0/armv6k/fpu/crti.o
                0x00100094                _init
 .init          0x001000a0        0xc c:/devkitpro/devkitarm/bin/../lib/gcc/arm-none-eabi/6.3.0/armv6k/fpu/crtn.o
                0x001000ac                . = ALIGN (0x4)
 *(.text)
 .text          0x001000ac       0x64 c:/devkitPro/libctru/lib\libctru.a(stack_adjust.o)
                0x001000ac                initSystem
                0x001000f0                __ctru_exit
 .text          0x00100110      0x240 c:/devkitpro/devkitarm/bin/../lib/gcc/arm-none-eabi/6.3.0/armv6k/fpu\libgcc.a(_divsi3.o)
                0x00100110                __divsi3
                0x00100110                __aeabi_idiv
                0x00100330                __aeabi_idivmod
 .text          0x00100350        0x4 c:/devkitpro/devkitarm/bin/../lib/gcc/arm-none-eabi/6.3.0/armv6k/fpu\libgcc.a(_dvmd_tls.o)
                0x00100350                __aeabi_idiv0
                0x00100350                __aeabi_ldiv0
 .text          0x00100354       0x3c c:/devkitpro/devkitarm/bin/../lib/gcc/arm-none-eabi/6.3.0/armv6k/fpu\libgcc.a(_aeabi_uldivmod.o)
                0x00100354                __aeabi_uldivmod
 *fill*         0x00100390       0x10 
 .text          0x001003a0      0x390 c:/devkitpro/devkitarm/bin/../lib/gcc/arm-none-eabi/6.3.0/../../../../arm-none-eabi/lib/armv6k/fpu\libg.a(lib_a-strcmp.o)
                0x001003a8                strcmp
 .text          0x00100730      0x20c c:/devkitpro/devkitarm/bin/../lib/gcc/arm-none-eabi/6.3.0/armv6k/fpu\libgcc.a(_udivsi3.o)
                0x00100730                __aeabi_uidiv
                0x00100730                __udivsi3
                0x0010091c                __aeabi_uidivmod
 *(.text.*)
 .text.deregister_tm_clones
                0x0010093c       0x30 c:/devkitpro/devkitarm/bin/../lib/gcc/arm-none-eabi/6.3.0/armv6k/fpu/crtbegin.o
 .text.register_tm_clones
                0x0010096c       0x38 c:/devkitpro/devkitarm/bin/../lib/gcc/arm-none-eabi/6.3.0/armv6k/fpu/crtbegin.o
 .text.__do_global_dtors_aux
                0x001009a4       0x44 c:/devkitpro/devkitarm/bin/../lib/gcc/arm-none-eabi/6.3.0/armv6k/fpu/crtbegin.o
 .text.frame_dummy
                0x001009e8       0x5c c:/devkitpro/devkitarm/bin/../lib/gcc/arm-none-eabi/6.3.0/armv6k/fpu/crtbegin.o
 .text.http_download
                0x00100a44      0x3d0 main.o
                0x00100a44                http_download
 .text.CreateFiles
                0x00100e14       0xa8 main.o
                0x00100e14                CreateFiles
 .text.DownloadPlugin
                0x00100ebc       0x90 main.o
                0x00100ebc                DownloadPlugin
 *fill*         0x00100f4c        0x4 
 .text.startup.main
                0x00100f50       0xdc main.o
                0x00100f50                main
 .text.gfxSetFramebufferInfo.part.0
                0x0010102c       0x8c c:/devkitPro/libctru/lib\libctru.a(gfx.o)
 .text.__get_bytes_per_pixel
                0x001010b8       0x18 c:/devkitPro/libctru/lib\libctru.a(gfx.o)
                0x001010b8                __get_bytes_per_pixel
 .text.gfxSetScreenFormat
                0x001010d0      0x174 c:/devkitPro/libctru/lib\libctru.a(gfx.o)
                0x001010d0                gfxSetScreenFormat
 .text.gfxSetDoubleBuffering
                0x00101244       0x14 c:/devkitPro/libctru/lib\libctru.a(gfx.o)
                0x00101244                gfxSetDoubleBuffering
 .text.gfxSetFramebufferInfo
                0x00101258       0x70 c:/devkitPro/libctru/lib\libctru.a(gfx.o)
                0x00101258                gfxSetFramebufferInfo
 .text.gfxWriteFramebufferInfo
                0x001012c8       0x88 c:/devkitPro/libctru/lib\libctru.a(gfx.o)
                0x001012c8                gfxWriteFramebufferInfo
 .text.gfxInit  0x00101350      0x1fc c:/devkitPro/libctru/lib\libctru.a(gfx.o)
                0x00101350                gfxInit
 .text.gfxInitDefault
                0x0010154c       0x10 c:/devkitPro/libctru/lib\libctru.a(gfx.o)
                0x0010154c                gfxInitDefault
 .text.gfxExit  0x0010155c       0xe0 c:/devkitPro/libctru/lib\libctru.a(gfx.o)
                0x0010155c                gfxExit
 .text.gfxGetFramebuffer
                0x0010163c       0xb0 c:/devkitPro/libctru/lib\libctru.a(gfx.o)
                0x0010163c                gfxGetFramebuffer
 .text.gfxFlushBuffers
                0x001016ec       0xc8 c:/devkitPro/libctru/lib\libctru.a(gfx.o)
                0x001016ec                gfxFlushBuffers
 .text.gfxConfigScreen
                0x001017b4       0x70 c:/devkitPro/libctru/lib\libctru.a(gfx.o)
                0x001017b4                gfxConfigScreen
 .text.gfxSwapBuffers
                0x00101824       0x20 c:/devkitPro/libctru/lib\libctru.a(gfx.o)
                0x00101824                gfxSwapBuffers
 .text.gfxSwapBuffersGpu
                0x00101844       0x20 c:/devkitPro/libctru/lib\libctru.a(gfx.o)
                0x00101844                gfxSwapBuffersGpu
 .text.debug_write
                0x00101864       0x1c c:/devkitPro/libctru/lib\libctru.a(console.o)
                0x00101864                debug_write
 .text.consoleDrawChar
                0x00101880      0x1b0 c:/devkitPro/libctru/lib\libctru.a(console.o)
                0x00101880                consoleDrawChar
 .text.consolePrintChar
                0x00101a30      0x124 c:/devkitPro/libctru/lib\libctru.a(console.o)
                0x00101a30                consolePrintChar
 .text.consoleCls
                0x00101b54      0x190 c:/devkitPro/libctru/lib\libctru.a(console.o)
 .text.consoleInit
                0x00101ce4       0xf8 c:/devkitPro/libctru/lib\libctru.a(console.o)
                0x00101ce4                consoleInit
 .text.consoleClearLine
                0x00101ddc      0x144 c:/devkitPro/libctru/lib\libctru.a(console.o)
 .text.newRow   0x00101f20       0xbc c:/devkitPro/libctru/lib\libctru.a(console.o)
 .text.con_write
                0x00101fdc      0x79c c:/devkitPro/libctru/lib\libctru.a(console.o)
                0x00101fdc                con_write
 .text.httpcInit
                0x00102778      0x188 c:/devkitPro/libctru/lib\libctru.a(httpc.o)
                0x00102778                httpcInit
 .text.httpcExit
                0x00102900       0x84 c:/devkitPro/libctru/lib\libctru.a(httpc.o)
                0x00102900                httpcExit
 .text.httpcOpenContext
                0x00102984      0x13c c:/devkitPro/libctru/lib\libctru.a(httpc.o)
                0x00102984                httpcOpenContext
 .text.httpcCloseContext
                0x00102ac0       0x44 c:/devkitPro/libctru/lib\libctru.a(httpc.o)
                0x00102ac0                httpcCloseContext
 .text.httpcAddRequestHeaderField
                0x00102b04       0x80 c:/devkitPro/libctru/lib\libctru.a(httpc.o)
                0x00102b04                httpcAddRequestHeaderField
 .text.httpcBeginRequest
                0x00102b84       0x30 c:/devkitPro/libctru/lib\libctru.a(httpc.o)
                0x00102b84                httpcBeginRequest
 .text.httpcReceiveData
                0x00102bb4       0x44 c:/devkitPro/libctru/lib\libctru.a(httpc.o)
                0x00102bb4                httpcReceiveData
 .text.httpcDownloadData
                0x00102bf8      0x104 c:/devkitPro/libctru/lib\libctru.a(httpc.o)
                0x00102bf8                httpcDownloadData
 .text.httpcGetDownloadSizeState
                0x00102cfc       0x54 c:/devkitPro/libctru/lib\libctru.a(httpc.o)
                0x00102cfc                httpcGetDownloadSizeState
 .text.httpcGetResponseHeader
                0x00102d50       0x78 c:/devkitPro/libctru/lib\libctru.a(httpc.o)
                0x00102d50                httpcGetResponseHeader
 .text.httpcGetResponseStatusCode
                0x00102dc8       0x3c c:/devkitPro/libctru/lib\libctru.a(httpc.o)
                0x00102dc8                httpcGetResponseStatusCode
 .text.httpcSetSSLOpt
                0x00102e04       0x34 c:/devkitPro/libctru/lib\libctru.a(httpc.o)
                0x00102e04                httpcSetSSLOpt
 .text.hidExit  0x00102e38       0xd0 c:/devkitPro/libctru/lib\libctru.a(hid.o)
                0x00102e38                hidExit
 .text.hidScanInput
                0x00102f08      0x234 c:/devkitPro/libctru/lib\libctru.a(hid.o)
                0x00102f08                hidScanInput
 .text.hidKeysDown
                0x0010313c       0x10 c:/devkitPro/libctru/lib\libctru.a(hid.o)
                0x0010313c                hidKeysDown
 .text.HIDUSER_GetHandles
                0x0010314c       0x90 c:/devkitPro/libctru/lib\libctru.a(hid.o)
                0x0010314c                HIDUSER_GetHandles
 .text.hidInit  0x001031dc      0x18c c:/devkitPro/libctru/lib\libctru.a(hid.o)
                0x001031dc                hidInit
 .text._aptDebug
                0x00103368        0x4 c:/devkitPro/libctru/lib\libctru.a(apt.o)
                0x00103368                _aptDebug
 .text.aptSendCommand
                0x0010336c      0x130 c:/devkitPro/libctru/lib\libctru.a(apt.o)
                0x0010336c                aptSendCommand
 .text.aptExitProcess
                0x0010349c       0x3c c:/devkitPro/libctru/lib\libctru.a(apt.o)
 .text.APT_InquireNotification
                0x001034d8       0x4c c:/devkitPro/libctru/lib\libctru.a(apt.o)
                0x001034d8                APT_InquireNotification
 .text.aptEventHandler
                0x00103524      0x19c c:/devkitPro/libctru/lib\libctru.a(apt.o)
 .text.APT_AppletUtility
                0x001036c0       0x74 c:/devkitPro/libctru/lib\libctru.a(apt.o)
                0x001036c0                APT_AppletUtility
 .text.aptSetSleepAllowed
                0x00103734       0xb4 c:/devkitPro/libctru/lib\libctru.a(apt.o)
                0x00103734                aptSetSleepAllowed
 .text.APT_GlanceParameter
                0x001037e8       0xb4 c:/devkitPro/libctru/lib\libctru.a(apt.o)
                0x001037e8                APT_GlanceParameter
 .text.APT_ReceiveParameter
                0x0010389c       0xc0 c:/devkitPro/libctru/lib\libctru.a(apt.o)
                0x0010389c                APT_ReceiveParameter
 .text.aptReceiveParameter.constprop.1
                0x0010395c       0xa8 c:/devkitPro/libctru/lib\libctru.a(apt.o)
 *fill*         0x00103a04        0x4 
 .text.aptScreenTransfer
                0x00103a08      0x1ec c:/devkitPro/libctru/lib\libctru.a(apt.o)
 .text.aptWaitForWakeUp
                0x00103bf4      0x228 c:/devkitPro/libctru/lib\libctru.a(apt.o)
 .text.APT_CancelParameter
                0x00103e1c       0x70 c:/devkitPro/libctru/lib\libctru.a(apt.o)
                0x00103e1c                APT_CancelParameter
 .text.aptInit  0x00103e8c      0x230 c:/devkitPro/libctru/lib\libctru.a(apt.o)
                0x00103e8c                aptInit
 .text.aptClearParamQueue
                0x001040bc       0x8c c:/devkitPro/libctru/lib\libctru.a(apt.o)
 .text.aptMainLoop
                0x00104148      0x214 c:/devkitPro/libctru/lib\libctru.a(apt.o)
                0x00104148                aptMainLoop
 .text.aptExit  0x0010435c      0x148 c:/devkitPro/libctru/lib\libctru.a(apt.o)
                0x0010435c                aptExit
 .text.APT_CheckNew3DS
                0x001044a4       0x70 c:/devkitPro/libctru/lib\libctru.a(apt.o)
                0x001044a4                APT_CheckNew3DS
 .text.gspEventThreadMain
                0x00104514      0x160 c:/devkitPro/libctru/lib\libctru.a(gspgpu.o)
 .text.gspInit  0x00104674       0x74 c:/devkitPro/libctru/lib\libctru.a(gspgpu.o)
                0x00104674                gspInit
 .text.gspExit  0x001046e8       0x3c c:/devkitPro/libctru/lib\libctru.a(gspgpu.o)
                0x001046e8                gspExit
 .text.gspInitEventHandler
                0x00104724       0x88 c:/devkitPro/libctru/lib\libctru.a(gspgpu.o)
                0x00104724                gspInitEventHandler
 .text.gspExitEventHandler
                0x001047ac       0x30 c:/devkitPro/libctru/lib\libctru.a(gspgpu.o)
                0x001047ac                gspExitEventHandler
 .text.gspWaitForEvent
                0x001047dc       0x44 c:/devkitPro/libctru/lib\libctru.a(gspgpu.o)
                0x001047dc                gspWaitForEvent
 .text.GSPGPU_SetBufferSwap
                0x00104820       0x6c c:/devkitPro/libctru/lib\libctru.a(gspgpu.o)
                0x00104820                GSPGPU_SetBufferSwap
 .text.GSPGPU_FlushDataCache
                0x0010488c       0x4c c:/devkitPro/libctru/lib\libctru.a(gspgpu.o)
                0x0010488c                GSPGPU_FlushDataCache
 .text.GSPGPU_SetLcdForceBlack
                0x001048d8       0x34 c:/devkitPro/libctru/lib\libctru.a(gspgpu.o)
                0x001048d8                GSPGPU_SetLcdForceBlack
 .text.GSPGPU_RegisterInterruptRelayQueue
                0x0010490c       0x64 c:/devkitPro/libctru/lib\libctru.a(gspgpu.o)
                0x0010490c                GSPGPU_RegisterInterruptRelayQueue
 .text.GSPGPU_UnregisterInterruptRelayQueue
                0x00104970       0x2c c:/devkitPro/libctru/lib\libctru.a(gspgpu.o)
                0x00104970                GSPGPU_UnregisterInterruptRelayQueue
 .text.GSPGPU_AcquireRight
                0x0010499c       0x48 c:/devkitPro/libctru/lib\libctru.a(gspgpu.o)
                0x0010499c                GSPGPU_AcquireRight
 .text.GSPGPU_ReleaseRight
                0x001049e4       0x2c c:/devkitPro/libctru/lib\libctru.a(gspgpu.o)
                0x001049e4                GSPGPU_ReleaseRight
 .text.GSPGPU_ImportDisplayCaptureInfo
                0x00104a10       0x80 c:/devkitPro/libctru/lib\libctru.a(gspgpu.o)
                0x00104a10                GSPGPU_ImportDisplayCaptureInfo
 .text.GSPGPU_SaveVramSysArea
                0x00104a90       0x2c c:/devkitPro/libctru/lib\libctru.a(gspgpu.o)
                0x00104a90                GSPGPU_SaveVramSysArea
 .text.GSPGPU_RestoreVramSysArea
                0x00104abc       0x2c c:/devkitPro/libctru/lib\libctru.a(gspgpu.o)
                0x00104abc                GSPGPU_RestoreVramSysArea
 .text.irrstScanInput
                0x00104ae8       0xb0 c:/devkitPro/libctru/lib\libctru.a(irrst.o)
                0x00104ae8                irrstScanInput
 .text.irrstKeysHeld
                0x00104b98       0x1c c:/devkitPro/libctru/lib\libctru.a(irrst.o)
                0x00104b98                irrstKeysHeld
 .text.IRRST_GetHandles
                0x00104bb4       0x50 c:/devkitPro/libctru/lib\libctru.a(irrst.o)
                0x00104bb4                IRRST_GetHandles
 .text.irrstInit
                0x00104c04      0x150 c:/devkitPro/libctru/lib\libctru.a(irrst.o)
                0x00104c04                irrstInit
 .text.IRRST_Shutdown
                0x00104d54       0x2c c:/devkitPro/libctru/lib\libctru.a(irrst.o)
                0x00104d54                IRRST_Shutdown
 .text.irrstExit
                0x00104d80       0xac c:/devkitPro/libctru/lib\libctru.a(irrst.o)
                0x00104d80                irrstExit
 .text.utf8_to_utf16
                0x00104e2c       0xc0 c:/devkitPro/libctru/lib\libctru.a(utf8_to_utf16.o)
                0x00104e2c                utf8_to_utf16
 .text.decode_utf8
                0x00104eec      0x138 c:/devkitPro/libctru/lib\libctru.a(decode_utf8.o)
                0x00104eec                decode_utf8
 .text.encode_utf16
                0x00105024       0x68 c:/devkitPro/libctru/lib\libctru.a(encode_utf16.o)
                0x00105024                encode_utf16
 .text.__system_initArgv
                0x0010508c       0xe8 c:/devkitPro/libctru/lib\libctru.a(initArgv.o)
                0x0010508c                __system_initArgv
 .text.__libctru_init
                0x00105174       0x38 c:/devkitPro/libctru/lib\libctru.a(initSystem.o)
                0x00105174                __libctru_init
 .text.svcControlMemory
                0x001051ac       0x20 c:/devkitPro/libctru/lib\libctru.a(svc.o)
                0x001051ac                svcControlMemory
 .text.svcExitProcess
                0x001051cc        0x8 c:/devkitPro/libctru/lib\libctru.a(svc.o)
                0x001051cc                svcExitProcess
 .text.svcCreateThread
                0x001051d4       0x20 c:/devkitPro/libctru/lib\libctru.a(svc.o)
                0x001051d4                svcCreateThread
 .text.svcExitThread
                0x001051f4        0x8 c:/devkitPro/libctru/lib\libctru.a(svc.o)
                0x001051f4                svcExitThread
 .text.svcSleepThread
                0x001051fc        0x8 c:/devkitPro/libctru/lib\libctru.a(svc.o)
                0x001051fc                svcSleepThread
 .text.svcReleaseMutex
                0x00105204        0x8 c:/devkitPro/libctru/lib\libctru.a(svc.o)
                0x00105204                svcReleaseMutex
 .text.svcCreateEvent
                0x0010520c       0x14 c:/devkitPro/libctru/lib\libctru.a(svc.o)
                0x0010520c                svcCreateEvent
 .text.svcSignalEvent
                0x00105220        0x8 c:/devkitPro/libctru/lib\libctru.a(svc.o)
                0x00105220                svcSignalEvent
 .text.svcClearEvent
                0x00105228        0x8 c:/devkitPro/libctru/lib\libctru.a(svc.o)
                0x00105228                svcClearEvent
 .text.svcCreateMemoryBlock
                0x00105230       0x18 c:/devkitPro/libctru/lib\libctru.a(svc.o)
                0x00105230                svcCreateMemoryBlock
 .text.svcMapMemoryBlock
                0x00105248        0x8 c:/devkitPro/libctru/lib\libctru.a(svc.o)
                0x00105248                svcMapMemoryBlock
 .text.svcUnmapMemoryBlock
                0x00105250        0x8 c:/devkitPro/libctru/lib\libctru.a(svc.o)
                0x00105250                svcUnmapMemoryBlock
 .text.svcCreateAddressArbiter
                0x00105258       0x14 c:/devkitPro/libctru/lib\libctru.a(svc.o)
                0x00105258                svcCreateAddressArbiter
 .text.svcArbitrateAddress
                0x0010526c       0x18 c:/devkitPro/libctru/lib\libctru.a(svc.o)
                0x0010526c                svcArbitrateAddress
 .text.svcCloseHandle
                0x00105284        0x8 c:/devkitPro/libctru/lib\libctru.a(svc.o)
                0x00105284                svcCloseHandle
 .text.svcWaitSynchronization
                0x0010528c        0x8 c:/devkitPro/libctru/lib\libctru.a(svc.o)
                0x0010528c                svcWaitSynchronization
 .text.svcWaitSynchronizationN
                0x00105294       0x28 c:/devkitPro/libctru/lib\libctru.a(svc.o)
                0x00105294                svcWaitSynchronizationN
 .text.svcDuplicateHandle
                0x001052bc       0x14 c:/devkitPro/libctru/lib\libctru.a(svc.o)
                0x001052bc                svcDuplicateHandle
 .text.svcGetSystemTick
                0x001052d0        0x8 c:/devkitPro/libctru/lib\libctru.a(svc.o)
                0x001052d0                svcGetSystemTick
 .text.svcGetSystemInfo
                0x001052d8       0x18 c:/devkitPro/libctru/lib\libctru.a(svc.o)
                0x001052d8                svcGetSystemInfo
 .text.svcConnectToPort
                0x001052f0       0x14 c:/devkitPro/libctru/lib\libctru.a(svc.o)
                0x001052f0                svcConnectToPort
 .text.svcSendSyncRequest
                0x00105304        0x8 c:/devkitPro/libctru/lib\libctru.a(svc.o)
                0x00105304                svcSendSyncRequest
 .text.svcBreak
                0x0010530c        0x8 c:/devkitPro/libctru/lib\libctru.a(svc.o)
                0x0010530c                svcBreak
 .text.svcOutputDebugString
                0x00105314        0x8 c:/devkitPro/libctru/lib\libctru.a(svc.o)
                0x00105314                svcOutputDebugString
 .text._ZL21addrMapNodeComparatorPK11rbtree_nodeS1_
                0x0010531c       0x24 c:/devkitPro/libctru/lib\libctru.a(linear.o)
 .text._ZL21addrMapNodeDestructorP11rbtree_node
                0x00105340        0x4 c:/devkitPro/libctru/lib\libctru.a(linear.o)
 .text.linearMemAlign
                0x00105344      0x13c c:/devkitPro/libctru/lib\libctru.a(linear.o)
                0x00105344                linearMemAlign
 .text.linearAlloc
                0x00105480        0x8 c:/devkitPro/libctru/lib\libctru.a(linear.o)
                0x00105480                linearAlloc
 .text.linearFree
                0x00105488       0x50 c:/devkitPro/libctru/lib\libctru.a(linear.o)
                0x00105488                linearFree
 .text._ZL21addrMapNodeComparatorPK11rbtree_nodeS1_
                0x001054d8       0x24 c:/devkitPro/libctru/lib\libctru.a(mappable.o)
 .text._ZL21addrMapNodeDestructorP11rbtree_node
                0x001054fc        0x4 c:/devkitPro/libctru/lib\libctru.a(mappable.o)
 .text.mappableAlloc
                0x00105500       0xf4 c:/devkitPro/libctru/lib\libctru.a(mappable.o)
                0x00105500                mappableAlloc
 .text.mappableFree
                0x001055f4       0x50 c:/devkitPro/libctru/lib\libctru.a(mappable.o)
                0x001055f4                mappableFree
 .text._ZL21addrMapNodeComparatorPK11rbtree_nodeS1_
                0x00105644       0x24 c:/devkitPro/libctru/lib\libctru.a(vram.o)
 .text._ZL21addrMapNodeDestructorP11rbtree_node
                0x00105668        0x4 c:/devkitPro/libctru/lib\libctru.a(vram.o)
 .text.vramMemAlign
                0x0010566c      0x12c c:/devkitPro/libctru/lib\libctru.a(vram.o)
                0x0010566c                vramMemAlign
 .text.vramAlloc
                0x00105798        0x8 c:/devkitPro/libctru/lib\libctru.a(vram.o)
                0x00105798                vramAlloc
 .text.vramFree
                0x001057a0       0x50 c:/devkitPro/libctru/lib\libctru.a(vram.o)
                0x001057a0                vramFree
 .text.threadCreate
                0x001057f0      0x1bc c:/devkitPro/libctru/lib\libctru.a(thread.o)
                0x001057f0                threadCreate
 .text.threadJoin
                0x001059ac       0x24 c:/devkitPro/libctru/lib\libctru.a(thread.o)
                0x001059ac                threadJoin
 .text.threadExit
                0x001059d0       0x70 c:/devkitPro/libctru/lib\libctru.a(thread.o)
                0x001059d0                threadExit
 .text._thread_begin
                0x00105a40       0x40 c:/devkitPro/libctru/lib\libctru.a(thread.o)
 .text.srvExit  0x00105a80       0x50 c:/devkitPro/libctru/lib\libctru.a(srv.o)
                0x00105a80                srvExit
 .text.srvRegisterClient
                0x00105ad0       0x38 c:/devkitPro/libctru/lib\libctru.a(srv.o)
                0x00105ad0                srvRegisterClient
 .text.srvInit  0x00105b08       0x78 c:/devkitPro/libctru/lib\libctru.a(srv.o)
                0x00105b08                srvInit
 .text.srvGetServiceHandleDirect
                0x00105b80       0x68 c:/devkitPro/libctru/lib\libctru.a(srv.o)
                0x00105b80                srvGetServiceHandleDirect
 .text.srvGetServiceHandle
                0x00105be8       0x38 c:/devkitPro/libctru/lib\libctru.a(srv.o)
                0x00105be8                srvGetServiceHandle
 .text.getSysTime
                0x00105c20       0x58 c:/devkitPro/libctru/lib\libctru.a(os.o)
 .text.osGetMemRegionUsed
                0x00105c78       0x24 c:/devkitPro/libctru/lib\libctru.a(os.o)
                0x00105c78                osGetMemRegionUsed
 *fill*         0x00105c9c        0x4 
 .text.__libctru_gtod
                0x00105ca0       0xf4 c:/devkitPro/libctru/lib\libctru.a(os.o)
                0x00105ca0                __libctru_gtod
 .text.__ctru_speedup_config
                0x00105d94       0x34 c:/devkitPro/libctru/lib\libctru.a(os.o)
                0x00105d94                __ctru_speedup_config
 .text.envGetHandle
                0x00105dc8       0x84 c:/devkitPro/libctru/lib\libctru.a(env.o)
                0x00105dc8                envGetHandle
 .text.envDestroyHandles
                0x00105e4c       0x4c c:/devkitPro/libctru/lib\libctru.a(env.o)
                0x00105e4c                envDestroyHandles
 .text.LightLock_Unlock.part.1
                0x00105e98       0x34 c:/devkitPro/libctru/lib\libctru.a(synchronization.o)
 .text.__sync_init
                0x00105ecc        0xc c:/devkitPro/libctru/lib\libctru.a(synchronization.o)
                0x00105ecc                __sync_init
 .text.__sync_fini
                0x00105ed8       0x18 c:/devkitPro/libctru/lib\libctru.a(synchronization.o)
                0x00105ed8                __sync_fini
 .text.__sync_get_arbiter
                0x00105ef0       0x10 c:/devkitPro/libctru/lib\libctru.a(synchronization.o)
                0x00105ef0                __sync_get_arbiter
 .text.LightLock_Init
                0x00105f00       0x18 c:/devkitPro/libctru/lib\libctru.a(synchronization.o)
                0x00105f00                LightLock_Init
 .text.LightLock_Lock
                0x00105f18       0xa0 c:/devkitPro/libctru/lib\libctru.a(synchronization.o)
                0x00105f18                LightLock_Lock
 .text.LightLock_TryLock
                0x00105fb8       0x34 c:/devkitPro/libctru/lib\libctru.a(synchronization.o)
                0x00105fb8                LightLock_TryLock
 .text.LightLock_Unlock
                0x00105fec       0x20 c:/devkitPro/libctru/lib\libctru.a(synchronization.o)
                0x00105fec                LightLock_Unlock
 .text.RecursiveLock_Init
                0x0010600c       0x24 c:/devkitPro/libctru/lib\libctru.a(synchronization.o)
                0x0010600c                RecursiveLock_Init
 .text.RecursiveLock_Lock
                0x00106030       0x30 c:/devkitPro/libctru/lib\libctru.a(synchronization.o)
                0x00106030                RecursiveLock_Lock
 .text.RecursiveLock_TryLock
                0x00106060       0x58 c:/devkitPro/libctru/lib\libctru.a(synchronization.o)
                0x00106060                RecursiveLock_TryLock
 .text.RecursiveLock_Unlock
                0x001060b8       0x38 c:/devkitPro/libctru/lib\libctru.a(synchronization.o)
                0x001060b8                RecursiveLock_Unlock
 .text.LightEvent_Init
                0x001060f0       0x38 c:/devkitPro/libctru/lib\libctru.a(synchronization.o)
                0x001060f0                LightEvent_Init
 .text.LightEvent_Clear
                0x00106128       0x7c c:/devkitPro/libctru/lib\libctru.a(synchronization.o)
                0x00106128                LightEvent_Clear
 .text.LightEvent_Signal
                0x001061a4       0xdc c:/devkitPro/libctru/lib\libctru.a(synchronization.o)
                0x001061a4                LightEvent_Signal
 .text.LightEvent_Wait
                0x00106280       0xd0 c:/devkitPro/libctru/lib\libctru.a(synchronization.o)
                0x00106280                LightEvent_Wait
 .text.ptmSysmInit
                0x00106350       0x70 c:/devkitPro/libctru/lib\libctru.a(ptmsysm.o)
                0x00106350                ptmSysmInit
 .text.ptmSysmExit
                0x001063c0       0x34 c:/devkitPro/libctru/lib\libctru.a(ptmsysm.o)
                0x001063c0                ptmSysmExit
 .text.PTMSYSM_ConfigureNew3DSCPU
                0x001063f4       0x34 c:/devkitPro/libctru/lib\libctru.a(ptmsysm.o)
                0x001063f4                PTMSYSM_ConfigureNew3DSCPU
 .text.rbtree_find
                0x00106428       0x70 c:/devkitPro/libctru/lib\libctru.a(rbtree_find.o)
                0x00106428                rbtree_find
 .text.rbtree_remove
                0x00106498      0x324 c:/devkitPro/libctru/lib\libctru.a(rbtree_remove.o)
                0x00106498                rbtree_remove
 .text.rbtree_node_next
                0x001067bc       0x74 c:/devkitPro/libctru/lib\libctru.a(rbtree_iterator.o)
                0x001067bc                rbtree_node_next
 .text.rbtree_rotate
                0x00106830       0x94 c:/devkitPro/libctru/lib\libctru.a(rbtree_rotate.o)
                0x00106830                rbtree_rotate
 .text.do_insert
                0x001068c4      0x18c c:/devkitPro/libctru/lib\libctru.a(rbtree_insert.o)
 .text.rbtree_insert
                0x00106a50        0x8 c:/devkitPro/libctru/lib\libctru.a(rbtree_insert.o)
                0x00106a50                rbtree_insert
 .text.rbtree_init
                0x00106a58       0x14 c:/devkitPro/libctru/lib\libctru.a(rbtree_init.o)
                0x00106a58                rbtree_init
 .text.__libctru_exit
                0x00106a6c       0xa4 c:/devkitPro/libctru/lib\libctru.a(ctru_exit.o)
                0x00106a6c                __libctru_exit
 .text.__appExit
                0x00106b10       0x1c c:/devkitPro/libctru/lib\libctru.a(appExit.o)
                0x00106b10                __appExit
 .text.osGetMemRegionSize
                0x00106b2c       0x58 c:/devkitPro/libctru/lib\libctru.a(allocateHeaps.o)
 .text.__system_allocateHeaps
                0x00106b84      0x104 c:/devkitPro/libctru/lib\libctru.a(allocateHeaps.o)
                0x00106b84                __system_allocateHeaps
 .text.__ctru_get_reent
                0x00106c88       0x30 c:/devkitPro/libctru/lib\libctru.a(syscalls.o)
 .text.__system_initSyscalls
                0x00106cb8       0xe4 c:/devkitPro/libctru/lib\libctru.a(syscalls.o)
                0x00106cb8                __system_initSyscalls
 .text.__appInit
                0x00106d9c       0x1c c:/devkitPro/libctru/lib\libctru.a(appInit.o)
                0x00106d9c                __appInit
 .text._ZN7MemPool13CoalesceRightEP8MemBlock
                0x00106db8       0x98 c:/devkitPro/libctru/lib\libctru.a(mem_pool.o)
                0x00106db8                MemPool::CoalesceRight(MemBlock*)
 .text._ZN7MemPool8AllocateER8MemChunkmi
                0x00106e50      0x178 c:/devkitPro/libctru/lib\libctru.a(mem_pool.o)
                0x00106e50                MemPool::Allocate(MemChunk&, unsigned long, int)
 .text._ZN7MemPool10DeallocateERK8MemChunk
                0x00106fc8      0x100 c:/devkitPro/libctru/lib\libctru.a(mem_pool.o)
                0x00106fc8                MemPool::Deallocate(MemChunk const&)
 .text.sdmc_link
                0x001070c8       0x10 c:/devkitPro/libctru/lib\libctru.a(sdmc_dev.o)
 .text.sdmc_dirreset
                0x001070d8       0x10 c:/devkitPro/libctru/lib\libctru.a(sdmc_dev.o)
 .text.sdmc_fchmod
                0x001070e8       0x10 c:/devkitPro/libctru/lib\libctru.a(sdmc_dev.o)
 .text.error_cmp
                0x001070f8       0x24 c:/devkitPro/libctru/lib\libctru.a(sdmc_dev.o)
 .text.sdmc_translate_error
                0x0010711c       0x50 c:/devkitPro/libctru/lib\libctru.a(sdmc_dev.o)
 .text.sdmc_fsync
                0x0010716c       0x34 c:/devkitPro/libctru/lib\libctru.a(sdmc_dev.o)
 .text.sdmc_ftruncate
                0x001071a0       0x54 c:/devkitPro/libctru/lib\libctru.a(sdmc_dev.o)
 .text.sdmc_statvfs
                0x001071f4       0xb8 c:/devkitPro/libctru/lib\libctru.a(sdmc_dev.o)
 .text.sdmc_dirclose
                0x001072ac       0x38 c:/devkitPro/libctru/lib\libctru.a(sdmc_dev.o)
 .text.sdmc_dirnext
                0x001072e4      0x138 c:/devkitPro/libctru/lib\libctru.a(sdmc_dev.o)
 .text.sdmc_close
                0x0010741c       0x34 c:/devkitPro/libctru/lib\libctru.a(sdmc_dev.o)
 .text.sdmc_fstat
                0x00107450       0x74 c:/devkitPro/libctru/lib\libctru.a(sdmc_dev.o)
 .text.sdmc_seek
                0x001074c4       0xd8 c:/devkitPro/libctru/lib\libctru.a(sdmc_dev.o)
 .text.sdmc_read
                0x0010759c       0x84 c:/devkitPro/libctru/lib\libctru.a(sdmc_dev.o)
 .text.sdmc_write_safe
                0x00107620      0x110 c:/devkitPro/libctru/lib\libctru.a(sdmc_dev.o)
 .text.sdmc_utf16path
                0x00107730      0x1b4 c:/devkitPro/libctru/lib\libctru.a(sdmc_dev.o)
 .text.sdmc_rmdir
                0x001078e4       0x74 c:/devkitPro/libctru/lib\libctru.a(sdmc_dev.o)
 .text.sdmc_diropen
                0x00107958       0xa4 c:/devkitPro/libctru/lib\libctru.a(sdmc_dev.o)
 .text.sdmc_chdir
                0x001079fc       0xa0 c:/devkitPro/libctru/lib\libctru.a(sdmc_dev.o)
 .text.sdmc_mkdir
                0x00107a9c       0x98 c:/devkitPro/libctru/lib\libctru.a(sdmc_dev.o)
 .text.sdmc_rename
                0x00107b34      0x108 c:/devkitPro/libctru/lib\libctru.a(sdmc_dev.o)
 .text.sdmc_unlink
                0x00107c3c       0x74 c:/devkitPro/libctru/lib\libctru.a(sdmc_dev.o)
 .text.sdmc_stat
                0x00107cb0      0x108 c:/devkitPro/libctru/lib\libctru.a(sdmc_dev.o)
 .text.sdmc_open
                0x00107db8      0x188 c:/devkitPro/libctru/lib\libctru.a(sdmc_dev.o)
 .text.sdmc_chmod
                0x00107f40       0x10 c:/devkitPro/libctru/lib\libctru.a(sdmc_dev.o)
 .text.sdmcInit
                0x00107f50      0x15c c:/devkitPro/libctru/lib\libctru.a(sdmc_dev.o)
                0x00107f50                sdmcInit
 .text.sdmcExit
                0x001080ac       0x58 c:/devkitPro/libctru/lib\libctru.a(sdmc_dev.o)
                0x001080ac                sdmcExit
 .text.fsSessionForArchive.part.0
                0x00108104       0x28 c:/devkitPro/libctru/lib\libctru.a(fs.o)
 .text.fsInit   0x0010812c       0xc8 c:/devkitPro/libctru/lib\libctru.a(fs.o)
                0x0010812c                fsInit
 .text.fsExit   0x001081f4       0x38 c:/devkitPro/libctru/lib\libctru.a(fs.o)
                0x001081f4                fsExit
 .text.fsExemptFromSession
                0x0010822c       0xa0 c:/devkitPro/libctru/lib\libctru.a(fs.o)
                0x0010822c                fsExemptFromSession
 .text.fsUnexemptFromSession
                0x001082cc       0x54 c:/devkitPro/libctru/lib\libctru.a(fs.o)
                0x001082cc                fsUnexemptFromSession
 .text.FSUSER_OpenFile
                0x00108320       0xbc c:/devkitPro/libctru/lib\libctru.a(fs.o)
                0x00108320                FSUSER_OpenFile
 .text.FSUSER_DeleteFile
                0x001083dc       0xa4 c:/devkitPro/libctru/lib\libctru.a(fs.o)
                0x001083dc                FSUSER_DeleteFile
 .text.FSUSER_RenameFile
                0x00108480       0xe0 c:/devkitPro/libctru/lib\libctru.a(fs.o)
                0x00108480                FSUSER_RenameFile
 .text.FSUSER_DeleteDirectory
                0x00108560       0xa4 c:/devkitPro/libctru/lib\libctru.a(fs.o)
                0x00108560                FSUSER_DeleteDirectory
 .text.FSUSER_CreateFile
                0x00108604       0xbc c:/devkitPro/libctru/lib\libctru.a(fs.o)
                0x00108604                FSUSER_CreateFile
 .text.FSUSER_CreateDirectory
                0x001086c0       0xac c:/devkitPro/libctru/lib\libctru.a(fs.o)
                0x001086c0                FSUSER_CreateDirectory
 .text.FSUSER_RenameDirectory
                0x0010876c       0xe0 c:/devkitPro/libctru/lib\libctru.a(fs.o)
                0x0010876c                FSUSER_RenameDirectory
 .text.FSUSER_OpenDirectory
                0x0010884c       0xa4 c:/devkitPro/libctru/lib\libctru.a(fs.o)
                0x0010884c                FSUSER_OpenDirectory
 .text.FSUSER_OpenArchive
                0x001088f0       0x98 c:/devkitPro/libctru/lib\libctru.a(fs.o)
                0x001088f0                FSUSER_OpenArchive
 .text.FSUSER_CloseArchive
                0x00108988       0x74 c:/devkitPro/libctru/lib\libctru.a(fs.o)
                0x00108988                FSUSER_CloseArchive
 .text.FSUSER_GetSdmcArchiveResource
                0x001089fc       0x78 c:/devkitPro/libctru/lib\libctru.a(fs.o)
                0x001089fc                FSUSER_GetSdmcArchiveResource
 .text.FSUSER_IsSdmcWritable
                0x00108a74       0x64 c:/devkitPro/libctru/lib\libctru.a(fs.o)
                0x00108a74                FSUSER_IsSdmcWritable
 .text.FSFILE_Read
                0x00108ad8       0x5c c:/devkitPro/libctru/lib\libctru.a(fs.o)
                0x00108ad8                FSFILE_Read
 .text.FSFILE_Write
                0x00108b34       0x64 c:/devkitPro/libctru/lib\libctru.a(fs.o)
                0x00108b34                FSFILE_Write
 .text.FSFILE_GetSize
                0x00108b98       0x3c c:/devkitPro/libctru/lib\libctru.a(fs.o)
                0x00108b98                FSFILE_GetSize
 .text.FSFILE_SetSize
                0x00108bd4       0x2c c:/devkitPro/libctru/lib\libctru.a(fs.o)
                0x00108bd4                FSFILE_SetSize
 .text.FSFILE_Close
                0x00108c00       0x3c c:/devkitPro/libctru/lib\libctru.a(fs.o)
                0x00108c00                FSFILE_Close
 .text.FSFILE_Flush
                0x00108c3c       0x24 c:/devkitPro/libctru/lib\libctru.a(fs.o)
                0x00108c3c                FSFILE_Flush
 .text.FSDIR_Read
                0x00108c60       0x54 c:/devkitPro/libctru/lib\libctru.a(fs.o)
                0x00108c60                FSDIR_Read
 .text.FSDIR_Close
                0x00108cb4       0x3c c:/devkitPro/libctru/lib\libctru.a(fs.o)
                0x00108cb4                FSDIR_Close
 .text.utf16_to_utf8
                0x00108cf0       0xe8 c:/devkitPro/libctru/lib\libctru.a(utf16_to_utf8.o)
                0x00108cf0                utf16_to_utf8
 .text.encode_utf8
                0x00108dd8      0x104 c:/devkitPro/libctru/lib\libctru.a(encode_utf8.o)
                0x00108dd8                encode_utf8
 .text.__aeabi_read_tp
                0x00108edc        0xc c:/devkitPro/libctru/lib\libctru.a(readtp.o)
                0x00108edc                __aeabi_read_tp
 .text.decode_utf16
                0x00108ee8       0x60 c:/devkitPro/libctru/lib\libctru.a(decode_utf16.o)
                0x00108ee8                decode_utf16
 .text.__udivmoddi4
                0x00108f48      0x128 c:/devkitpro/devkitarm/bin/../lib/gcc/arm-none-eabi/6.3.0/armv6k/fpu\libgcc.a(_udivmoddi4.o)
                0x00108f48                __udivmoddi4
 .text.bsearch  0x00109070       0x74 c:/devkitpro/devkitarm/bin/../lib/gcc/arm-none-eabi/6.3.0/../../../../arm-none-eabi/lib/armv6k/fpu\libg.a(lib_a-bsearch.o)
                0x00109070                bsearch
 .text._calloc_r
                0x001090e4       0x90 c:/devkitpro/devkitarm/bin/../lib/gcc/arm-none-eabi/6.3.0/../../../../arm-none-eabi/lib/armv6k/fpu\libg.a(lib_a-callocr.o)
                0x001090e4                _calloc_r
 .text.__errno  0x00109174        0xc c:/devkitpro/devkitarm/bin/../lib/gcc/arm-none-eabi/6.3.0/../../../../arm-none-eabi/lib/armv6k/fpu\libg.a(lib_a-errno.o)
                0x00109174                __errno
 .text._fclose_r
                0x00109180      0x154 c:/devkitpro/devkitarm/bin/../lib/gcc/arm-none-eabi/6.3.0/../../../../arm-none-eabi/lib/armv6k/fpu\libg.a(lib_a-fclose.o)
                0x00109180                _fclose_r
 .text.fclose   0x001092d4       0x18 c:/devkitpro/devkitarm/bin/../lib/gcc/arm-none-eabi/6.3.0/../../../../arm-none-eabi/lib/armv6k/fpu\libg.a(lib_a-fclose.o)
                0x001092d4                fclose
 .text.__sflush_r
                0x001092ec      0x254 c:/devkitpro/devkitarm/bin/../lib/gcc/arm-none-eabi/6.3.0/../../../../arm-none-eabi/lib/armv6k/fpu\libg.a(lib_a-fflush.o)
                0x001092ec                __sflush_r
 .text._fflush_r
                0x00109540       0x94 c:/devkitpro/devkitarm/bin/../lib/gcc/arm-none-eabi/6.3.0/../../../../arm-none-eabi/lib/armv6k/fpu\libg.a(lib_a-fflush.o)
                0x00109540                _fflush_r
 .text.fflush   0x001095d4       0x38 c:/devkitpro/devkitarm/bin/../lib/gcc/arm-none-eabi/6.3.0/../../../../arm-none-eabi/lib/armv6k/fpu\libg.a(lib_a-fflush.o)
                0x001095d4                fflush
 .text._cleanup_r
                0x0010960c        0xc c:/devkitpro/devkitarm/bin/../lib/gcc/arm-none-eabi/6.3.0/../../../../arm-none-eabi/lib/armv6k/fpu\libg.a(lib_a-findfp.o)
                0x0010960c                _cleanup_r
 .text.std.isra.0
                0x00109618       0x80 c:/devkitpro/devkitarm/bin/../lib/gcc/arm-none-eabi/6.3.0/../../../../arm-none-eabi/lib/armv6k/fpu\libg.a(lib_a-findfp.o)
 .text.__sfmoreglue
                0x00109698       0x48 c:/devkitpro/devkitarm/bin/../lib/gcc/arm-none-eabi/6.3.0/../../../../arm-none-eabi/lib/armv6k/fpu\libg.a(lib_a-findfp.o)
                0x00109698                __sfmoreglue
 .text.__sinit  0x001096e0       0x8c c:/devkitpro/devkitarm/bin/../lib/gcc/arm-none-eabi/6.3.0/../../../../arm-none-eabi/lib/armv6k/fpu\libg.a(lib_a-findfp.o)
                0x001096e0                __sinit
 .text.__sfp    0x0010976c      0x118 c:/devkitpro/devkitarm/bin/../lib/gcc/arm-none-eabi/6.3.0/../../../../arm-none-eabi/lib/armv6k/fpu\libg.a(lib_a-findfp.o)
                0x0010976c                __sfp
 .text.__sfp_lock_acquire
                0x00109884        0xc c:/devkitpro/devkitarm/bin/../lib/gcc/arm-none-eabi/6.3.0/../../../../arm-none-eabi/lib/armv6k/fpu\libg.a(lib_a-findfp.o)
                0x00109884                __sfp_lock_acquire
 .text.__sfp_lock_release
                0x00109890        0xc c:/devkitpro/devkitarm/bin/../lib/gcc/arm-none-eabi/6.3.0/../../../../arm-none-eabi/lib/armv6k/fpu\libg.a(lib_a-findfp.o)
                0x00109890                __sfp_lock_release
 .text.__libc_fini_array
                0x0010989c       0x40 c:/devkitpro/devkitarm/bin/../lib/gcc/arm-none-eabi/6.3.0/../../../../arm-none-eabi/lib/armv6k/fpu\libg.a(lib_a-fini.o)
                0x0010989c                __libc_fini_array
 .text._fopen_r
                0x001098dc      0x148 c:/devkitpro/devkitarm/bin/../lib/gcc/arm-none-eabi/6.3.0/../../../../arm-none-eabi/lib/armv6k/fpu\libg.a(lib_a-fopen.o)
                0x001098dc                _fopen_r
 .text.fopen    0x00109a24       0x20 c:/devkitpro/devkitarm/bin/../lib/gcc/arm-none-eabi/6.3.0/../../../../arm-none-eabi/lib/armv6k/fpu\libg.a(lib_a-fopen.o)
                0x00109a24                fopen
 .text._malloc_trim_r
                0x00109a44       0xf8 c:/devkitpro/devkitarm/bin/../lib/gcc/arm-none-eabi/6.3.0/../../../../arm-none-eabi/lib/armv6k/fpu\libg.a(lib_a-freer.o)
                0x00109a44                _malloc_trim_r
 .text._free_r  0x00109b3c      0x2e4 c:/devkitpro/devkitarm/bin/../lib/gcc/arm-none-eabi/6.3.0/../../../../arm-none-eabi/lib/armv6k/fpu\libg.a(lib_a-freer.o)
                0x00109b3c                _free_r
 .text._fseek_r
                0x00109e20        0x4 c:/devkitpro/devkitarm/bin/../lib/gcc/arm-none-eabi/6.3.0/../../../../arm-none-eabi/lib/armv6k/fpu\libg.a(lib_a-fseek.o)
                0x00109e20                _fseek_r
 .text._fseeko_r
                0x00109e24      0x5d4 c:/devkitpro/devkitarm/bin/../lib/gcc/arm-none-eabi/6.3.0/../../../../arm-none-eabi/lib/armv6k/fpu\libg.a(lib_a-fseeko.o)
                0x00109e24                _fseeko_r
 .text._fwalk   0x0010a3f8       0x78 c:/devkitpro/devkitarm/bin/../lib/gcc/arm-none-eabi/6.3.0/../../../../arm-none-eabi/lib/armv6k/fpu\libg.a(lib_a-fwalk.o)
                0x0010a3f8                _fwalk
 .text._fwalk_reent
                0x0010a470       0x80 c:/devkitpro/devkitarm/bin/../lib/gcc/arm-none-eabi/6.3.0/../../../../arm-none-eabi/lib/armv6k/fpu\libg.a(lib_a-fwalk.o)
                0x0010a470                _fwalk_reent
 .text._fwrite_r
                0x0010a4f0       0xf4 c:/devkitpro/devkitarm/bin/../lib/gcc/arm-none-eabi/6.3.0/../../../../arm-none-eabi/lib/armv6k/fpu\libg.a(lib_a-fwrite.o)
                0x0010a4f0                _fwrite_r
 .text.fwrite   0x0010a5e4       0x38 c:/devkitpro/devkitarm/bin/../lib/gcc/arm-none-eabi/6.3.0/../../../../arm-none-eabi/lib/armv6k/fpu\libg.a(lib_a-fwrite.o)
                0x0010a5e4                fwrite
 .text.__libc_init_array
                0x0010a61c       0x78 c:/devkitpro/devkitarm/bin/../lib/gcc/arm-none-eabi/6.3.0/../../../../arm-none-eabi/lib/armv6k/fpu\libg.a(lib_a-init.o)
                0x0010a61c                __libc_init_array
 .text.__swhatbuf_r
                0x0010a694       0x94 c:/devkitpro/devkitarm/bin/../lib/gcc/arm-none-eabi/6.3.0/../../../../arm-none-eabi/lib/armv6k/fpu\libg.a(lib_a-makebuf.o)
                0x0010a694                __swhatbuf_r
 .text.__smakebuf_r
                0x0010a728       0xf4 c:/devkitpro/devkitarm/bin/../lib/gcc/arm-none-eabi/6.3.0/../../../../arm-none-eabi/lib/armv6k/fpu\libg.a(lib_a-makebuf.o)
                0x0010a728                __smakebuf_r
 .text.memalign
                0x0010a81c       0x20 c:/devkitpro/devkitarm/bin/../lib/gcc/arm-none-eabi/6.3.0/../../../../arm-none-eabi/lib/armv6k/fpu\libg.a(lib_a-malign.o)
                0x0010a81c                memalign
 .text._memalign_r
                0x0010a83c      0x158 c:/devkitpro/devkitarm/bin/../lib/gcc/arm-none-eabi/6.3.0/../../../../arm-none-eabi/lib/armv6k/fpu\libg.a(lib_a-malignr.o)
                0x0010a83c                _memalign_r
 .text.malloc   0x0010a994       0x18 c:/devkitpro/devkitarm/bin/../lib/gcc/arm-none-eabi/6.3.0/../../../../arm-none-eabi/lib/armv6k/fpu\libg.a(lib_a-malloc.o)
                0x0010a994                malloc
 .text.free     0x0010a9ac       0x18 c:/devkitpro/devkitarm/bin/../lib/gcc/arm-none-eabi/6.3.0/../../../../arm-none-eabi/lib/armv6k/fpu\libg.a(lib_a-malloc.o)
                0x0010a9ac                free
 .text._malloc_r
                0x0010a9c4      0x78c c:/devkitpro/devkitarm/bin/../lib/gcc/arm-none-eabi/6.3.0/../../../../arm-none-eabi/lib/armv6k/fpu\libg.a(lib_a-mallocr.o)
                0x0010a9c4                _malloc_r
 .text.memchr   0x0010b150      0x104 c:/devkitpro/devkitarm/bin/../lib/gcc/arm-none-eabi/6.3.0/../../../../arm-none-eabi/lib/armv6k/fpu\libg.a(lib_a-memchr-stub.o)
                0x0010b150                memchr
 .text.memcpy   0x0010b254      0x114 c:/devkitpro/devkitarm/bin/../lib/gcc/arm-none-eabi/6.3.0/../../../../arm-none-eabi/lib/armv6k/fpu\libg.a(lib_a-memcpy-stub.o)
                0x0010b254                memcpy
 .text.memset   0x0010b368      0x110 c:/devkitpro/devkitarm/bin/../lib/gcc/arm-none-eabi/6.3.0/../../../../arm-none-eabi/lib/armv6k/fpu\libg.a(lib_a-memset.o)
                0x0010b368                memset
 .text.__malloc_lock
                0x0010b478        0xc c:/devkitpro/devkitarm/bin/../lib/gcc/arm-none-eabi/6.3.0/../../../../arm-none-eabi/lib/armv6k/fpu\libg.a(lib_a-mlock.o)
                0x0010b478                __malloc_lock
 .text.__malloc_unlock
                0x0010b484        0xc c:/devkitpro/devkitarm/bin/../lib/gcc/arm-none-eabi/6.3.0/../../../../arm-none-eabi/lib/armv6k/fpu\libg.a(lib_a-mlock.o)
                0x0010b484                __malloc_unlock
 .text.printf   0x0010b490       0x38 c:/devkitpro/devkitarm/bin/../lib/gcc/arm-none-eabi/6.3.0/../../../../arm-none-eabi/lib/armv6k/fpu\libg.a(lib_a-printf.o)
                0x0010b490                printf
 .text.putchar  0x0010b4c8       0x1c c:/devkitpro/devkitarm/bin/../lib/gcc/arm-none-eabi/6.3.0/../../../../arm-none-eabi/lib/armv6k/fpu\libg.a(lib_a-putchar.o)
                0x0010b4c8                putchar
 .text._putc_r  0x0010b4e4       0xd4 c:/devkitpro/devkitarm/bin/../lib/gcc/arm-none-eabi/6.3.0/../../../../arm-none-eabi/lib/armv6k/fpu\libg.a(lib_a-putc.o)
                0x0010b4e4                _putc_r
 .text._puts_r  0x0010b5b8       0xe0 c:/devkitpro/devkitarm/bin/../lib/gcc/arm-none-eabi/6.3.0/../../../../arm-none-eabi/lib/armv6k/fpu\libg.a(lib_a-puts.o)
                0x0010b5b8                _puts_r
 .text.puts     0x0010b698       0x18 c:/devkitpro/devkitarm/bin/../lib/gcc/arm-none-eabi/6.3.0/../../../../arm-none-eabi/lib/armv6k/fpu\libg.a(lib_a-puts.o)
                0x0010b698                puts
 .text.realloc  0x0010b6b0       0x20 c:/devkitpro/devkitarm/bin/../lib/gcc/arm-none-eabi/6.3.0/../../../../arm-none-eabi/lib/armv6k/fpu\libg.a(lib_a-realloc.o)
                0x0010b6b0                realloc
 .text._realloc_r
                0x0010b6d0      0x4cc c:/devkitpro/devkitarm/bin/../lib/gcc/arm-none-eabi/6.3.0/../../../../arm-none-eabi/lib/armv6k/fpu\libg.a(lib_a-reallocr.o)
                0x0010b6d0                _realloc_r
 .text.lflush   0x0010bb9c       0x1c c:/devkitpro/devkitarm/bin/../lib/gcc/arm-none-eabi/6.3.0/../../../../arm-none-eabi/lib/armv6k/fpu\libg.a(lib_a-refill.o)
 .text.__srefill_r
                0x0010bbb8      0x1b4 c:/devkitpro/devkitarm/bin/../lib/gcc/arm-none-eabi/6.3.0/../../../../arm-none-eabi/lib/armv6k/fpu\libg.a(lib_a-refill.o)
                0x0010bbb8                __srefill_r
 .text.remove   0x0010bd6c       0x28 c:/devkitpro/devkitarm/bin/../lib/gcc/arm-none-eabi/6.3.0/../../../../arm-none-eabi/lib/armv6k/fpu\libg.a(lib_a-remove.o)
                0x0010bd6c                remove
 .text.setvbuf  0x0010bd94      0x258 c:/devkitpro/devkitarm/bin/../lib/gcc/arm-none-eabi/6.3.0/../../../../arm-none-eabi/lib/armv6k/fpu\libg.a(lib_a-setvbuf.o)
                0x0010bd94                setvbuf
 .text.sscanf   0x0010bfec       0x74 c:/devkitpro/devkitarm/bin/../lib/gcc/arm-none-eabi/6.3.0/../../../../arm-none-eabi/lib/armv6k/fpu\libg.a(lib_a-sscanf.o)
                0x0010bfec                sscanf
 .text.__sread  0x0010c060       0x3c c:/devkitpro/devkitarm/bin/../lib/gcc/arm-none-eabi/6.3.0/../../../../arm-none-eabi/lib/armv6k/fpu\libg.a(lib_a-stdio.o)
                0x0010c060                __sread
 .text.__seofread
                0x0010c09c        0x8 c:/devkitpro/devkitarm/bin/../lib/gcc/arm-none-eabi/6.3.0/../../../../arm-none-eabi/lib/armv6k/fpu\libg.a(lib_a-stdio.o)
                0x0010c09c                __seofread
 .text.__swrite
                0x0010c0a4       0x64 c:/devkitpro/devkitarm/bin/../lib/gcc/arm-none-eabi/6.3.0/../../../../arm-none-eabi/lib/armv6k/fpu\libg.a(lib_a-stdio.o)
                0x0010c0a4                __swrite
 .text.__sseek  0x0010c108       0x4c c:/devkitpro/devkitarm/bin/../lib/gcc/arm-none-eabi/6.3.0/../../../../arm-none-eabi/lib/armv6k/fpu\libg.a(lib_a-stdio.o)
                0x0010c108                __sseek
 .text.__sclose
                0x0010c154        0x8 c:/devkitpro/devkitarm/bin/../lib/gcc/arm-none-eabi/6.3.0/../../../../arm-none-eabi/lib/armv6k/fpu\libg.a(lib_a-stdio.o)
                0x0010c154                __sclose
 .text.strlen   0x0010c15c       0x5c c:/devkitpro/devkitarm/bin/../lib/gcc/arm-none-eabi/6.3.0/../../../../arm-none-eabi/lib/armv6k/fpu\libg.a(lib_a-strlen-stub.o)
                0x0010c15c                strlen
 .text.strncat  0x0010c1b8       0x9c c:/devkitpro/devkitarm/bin/../lib/gcc/arm-none-eabi/6.3.0/../../../../arm-none-eabi/lib/armv6k/fpu\libg.a(lib_a-strncat.o)
                0x0010c1b8                strncat
 .text.strncmp  0x0010c254      0x108 c:/devkitpro/devkitarm/bin/../lib/gcc/arm-none-eabi/6.3.0/../../../../arm-none-eabi/lib/armv6k/fpu\libg.a(lib_a-strncmp.o)
                0x0010c254                strncmp
 .text.strncpy  0x0010c35c       0xd8 c:/devkitpro/devkitarm/bin/../lib/gcc/arm-none-eabi/6.3.0/../../../../arm-none-eabi/lib/armv6k/fpu\libg.a(lib_a-strncpy.o)
                0x0010c35c                strncpy
 .text.__ssvfscanf_r
                0x0010c434     0x290c c:/devkitpro/devkitarm/bin/../lib/gcc/arm-none-eabi/6.3.0/../../../../arm-none-eabi/lib/armv6k/fpu\libg.a(lib_a-svfscanf.o)
                0x0010c434                __ssvfscanf_r
 .text.stat     0x0010ed40       0x20 c:/devkitpro/devkitarm/bin/../lib/gcc/arm-none-eabi/6.3.0/../../../../arm-none-eabi/lib/armv6k/fpu\libg.a(lib_a-sysstat.o)
                0x0010ed40                stat
 .text.__sprint_r.part.0
                0x0010ed60       0x1c c:/devkitpro/devkitarm/bin/../lib/gcc/arm-none-eabi/6.3.0/../../../../arm-none-eabi/lib/armv6k/fpu\libg.a(lib_a-vfiprintf.o)
 .text.__sprint_r
                0x0010ed7c       0x1c c:/devkitpro/devkitarm/bin/../lib/gcc/arm-none-eabi/6.3.0/../../../../arm-none-eabi/lib/armv6k/fpu\libg.a(lib_a-vfiprintf.o)
                0x0010ed7c                __sprint_r
 .text.get_arg  0x0010ed98     0x1624 c:/devkitpro/devkitarm/bin/../lib/gcc/arm-none-eabi/6.3.0/../../../../arm-none-eabi/lib/armv6k/fpu\libg.a(lib_a-vfprintf.o)
 *fill*         0x001103bc        0x4 
 .text._vfprintf_r
                0x001103c0     0x4314 c:/devkitpro/devkitarm/bin/../lib/gcc/arm-none-eabi/6.3.0/../../../../arm-none-eabi/lib/armv6k/fpu\libg.a(lib_a-vfprintf.o)
                0x001103c0                _vfprintf_r
 .text.__sbprintf
                0x001146d4       0xcc c:/devkitpro/devkitarm/bin/../lib/gcc/arm-none-eabi/6.3.0/../../../../arm-none-eabi/lib/armv6k/fpu\libg.a(lib_a-vfprintf.o)
 .text.__swbuf_r
                0x001147a0      0x108 c:/devkitpro/devkitarm/bin/../lib/gcc/arm-none-eabi/6.3.0/../../../../arm-none-eabi/lib/armv6k/fpu\libg.a(lib_a-wbuf.o)
                0x001147a0                __swbuf_r
 .text._wcrtomb_r
                0x001148a8       0xa0 c:/devkitpro/devkitarm/bin/../lib/gcc/arm-none-eabi/6.3.0/../../../../arm-none-eabi/lib/armv6k/fpu\libg.a(lib_a-wcrtomb.o)
                0x001148a8                _wcrtomb_r
 .text._wcsrtombs_r
                0x00114948       0x20 c:/devkitpro/devkitarm/bin/../lib/gcc/arm-none-eabi/6.3.0/../../../../arm-none-eabi/lib/armv6k/fpu\libg.a(lib_a-wcsrtombs.o)
                0x00114948                _wcsrtombs_r
 .text.__swsetup_r
                0x00114968      0x144 c:/devkitpro/devkitarm/bin/../lib/gcc/arm-none-eabi/6.3.0/../../../../arm-none-eabi/lib/armv6k/fpu\libg.a(lib_a-wsetup.o)
                0x00114968                __swsetup_r
 .text.quorem   0x00114aac      0x1d0 c:/devkitpro/devkitarm/bin/../lib/gcc/arm-none-eabi/6.3.0/../../../../arm-none-eabi/lib/armv6k/fpu\libg.a(lib_a-dtoa.o)
 *fill*         0x00114c7c        0x4 
 .text._dtoa_r  0x00114c80     0x1260 c:/devkitpro/devkitarm/bin/../lib/gcc/arm-none-eabi/6.3.0/../../../../arm-none-eabi/lib/armv6k/fpu\libg.a(lib_a-dtoa.o)
                0x00114c80                _dtoa_r
 .text.__sflags
                0x00115ee0       0xb0 c:/devkitpro/devkitarm/bin/../lib/gcc/arm-none-eabi/6.3.0/../../../../arm-none-eabi/lib/armv6k/fpu\libg.a(lib_a-flags.o)
                0x00115ee0                __sflags
 .text.__sfvwrite_r
                0x00115f90      0x4ac c:/devkitpro/devkitarm/bin/../lib/gcc/arm-none-eabi/6.3.0/../../../../arm-none-eabi/lib/armv6k/fpu\libg.a(lib_a-fvwrite.o)
                0x00115f90                __sfvwrite_r
 .text.iswspace
                0x0011643c       0x74 c:/devkitpro/devkitarm/bin/../lib/gcc/arm-none-eabi/6.3.0/../../../../arm-none-eabi/lib/armv6k/fpu\libg.a(lib_a-iswspace.o)
                0x0011643c                iswspace
 .text.__jp2uc  0x001164b0      0x204 c:/devkitpro/devkitarm/bin/../lib/gcc/arm-none-eabi/6.3.0/../../../../arm-none-eabi/lib/armv6k/fpu\libg.a(lib_a-jp2uc.o)
 .text._jp2uc   0x001166b4       0xc8 c:/devkitpro/devkitarm/bin/../lib/gcc/arm-none-eabi/6.3.0/../../../../arm-none-eabi/lib/armv6k/fpu\libg.a(lib_a-jp2uc.o)
                0x001166b4                _jp2uc
 .text.__localeconv_l
                0x0011677c        0x8 c:/devkitpro/devkitarm/bin/../lib/gcc/arm-none-eabi/6.3.0/../../../../arm-none-eabi/lib/armv6k/fpu\libg.a(lib_a-localeconv.o)
                0x0011677c                __localeconv_l
 .text._localeconv_r
                0x00116784       0x24 c:/devkitpro/devkitarm/bin/../lib/gcc/arm-none-eabi/6.3.0/../../../../arm-none-eabi/lib/armv6k/fpu\libg.a(lib_a-localeconv.o)
                0x00116784                _localeconv_r
 .text.__locale_mb_cur_max
                0x001167a8       0x24 c:/devkitpro/devkitarm/bin/../lib/gcc/arm-none-eabi/6.3.0/../../../../arm-none-eabi/lib/armv6k/fpu\libg.a(lib_a-locale.o)
                0x001167a8                __locale_mb_cur_max
 .text.__locale_ctype_ptr_l
                0x001167cc        0x8 c:/devkitpro/devkitarm/bin/../lib/gcc/arm-none-eabi/6.3.0/../../../../arm-none-eabi/lib/armv6k/fpu\libg.a(lib_a-locale.o)
                0x001167cc                __locale_ctype_ptr_l
 .text.__locale_ctype_ptr
                0x001167d4       0x24 c:/devkitpro/devkitarm/bin/../lib/gcc/arm-none-eabi/6.3.0/../../../../arm-none-eabi/lib/armv6k/fpu\libg.a(lib_a-locale.o)
                0x001167d4                __locale_ctype_ptr
 .text._mbrtowc_r
                0x001167f8       0xb4 c:/devkitpro/devkitarm/bin/../lib/gcc/arm-none-eabi/6.3.0/../../../../arm-none-eabi/lib/armv6k/fpu\libg.a(lib_a-mbrtowc.o)
                0x001167f8                _mbrtowc_r
 .text.__utf8_mbtowc
                0x001168ac      0x300 c:/devkitpro/devkitarm/bin/../lib/gcc/arm-none-eabi/6.3.0/../../../../arm-none-eabi/lib/armv6k/fpu\libg.a(lib_a-mbtowc_r.o)
                0x001168ac                __utf8_mbtowc
 .text.memmove  0x00116bac      0x148 c:/devkitpro/devkitarm/bin/../lib/gcc/arm-none-eabi/6.3.0/../../../../arm-none-eabi/lib/armv6k/fpu\libg.a(lib_a-memmove.o)
                0x00116bac                memmove
 .text._Balloc  0x00116cf4       0x88 c:/devkitpro/devkitarm/bin/../lib/gcc/arm-none-eabi/6.3.0/../../../../arm-none-eabi/lib/armv6k/fpu\libg.a(lib_a-mprec.o)
                0x00116cf4                _Balloc
 .text._Bfree   0x00116d7c       0x1c c:/devkitpro/devkitarm/bin/../lib/gcc/arm-none-eabi/6.3.0/../../../../arm-none-eabi/lib/armv6k/fpu\libg.a(lib_a-mprec.o)
                0x00116d7c                _Bfree
 .text.__multadd
                0x00116d98       0xd8 c:/devkitpro/devkitarm/bin/../lib/gcc/arm-none-eabi/6.3.0/../../../../arm-none-eabi/lib/armv6k/fpu\libg.a(lib_a-mprec.o)
                0x00116d98                __multadd
 .text.__s2b    0x00116e70       0xf0 c:/devkitpro/devkitarm/bin/../lib/gcc/arm-none-eabi/6.3.0/../../../../arm-none-eabi/lib/armv6k/fpu\libg.a(lib_a-mprec.o)
                0x00116e70                __s2b
 .text.__hi0bits
                0x00116f60       0x58 c:/devkitpro/devkitarm/bin/../lib/gcc/arm-none-eabi/6.3.0/../../../../arm-none-eabi/lib/armv6k/fpu\libg.a(lib_a-mprec.o)
                0x00116f60                __hi0bits
 .text.__lo0bits
                0x00116fb8       0x9c c:/devkitpro/devkitarm/bin/../lib/gcc/arm-none-eabi/6.3.0/../../../../arm-none-eabi/lib/armv6k/fpu\libg.a(lib_a-mprec.o)
                0x00116fb8                __lo0bits
 .text.__i2b    0x00117054       0x20 c:/devkitpro/devkitarm/bin/../lib/gcc/arm-none-eabi/6.3.0/../../../../arm-none-eabi/lib/armv6k/fpu\libg.a(lib_a-mprec.o)
                0x00117054                __i2b
 .text.__multiply
                0x00117074      0x1cc c:/devkitpro/devkitarm/bin/../lib/gcc/arm-none-eabi/6.3.0/../../../../arm-none-eabi/lib/armv6k/fpu\libg.a(lib_a-mprec.o)
                0x00117074                __multiply
 .text.__pow5mult
                0x00117240      0x100 c:/devkitpro/devkitarm/bin/../lib/gcc/arm-none-eabi/6.3.0/../../../../arm-none-eabi/lib/armv6k/fpu\libg.a(lib_a-mprec.o)
                0x00117240                __pow5mult
 .text.__lshift
                0x00117340       0xe4 c:/devkitpro/devkitarm/bin/../lib/gcc/arm-none-eabi/6.3.0/../../../../arm-none-eabi/lib/armv6k/fpu\libg.a(lib_a-mprec.o)
                0x00117340                __lshift
 .text.__mcmp   0x00117424       0x60 c:/devkitpro/devkitarm/bin/../lib/gcc/arm-none-eabi/6.3.0/../../../../arm-none-eabi/lib/armv6k/fpu\libg.a(lib_a-mprec.o)
                0x00117424                __mcmp
 .text.__mdiff  0x00117484      0x198 c:/devkitpro/devkitarm/bin/../lib/gcc/arm-none-eabi/6.3.0/../../../../arm-none-eabi/lib/armv6k/fpu\libg.a(lib_a-mprec.o)
                0x00117484                __mdiff
 .text.__ulp    0x0011761c       0x78 c:/devkitpro/devkitarm/bin/../lib/gcc/arm-none-eabi/6.3.0/../../../../arm-none-eabi/lib/armv6k/fpu\libg.a(lib_a-mprec.o)
                0x0011761c                __ulp
 .text.__b2d    0x00117694       0xd4 c:/devkitpro/devkitarm/bin/../lib/gcc/arm-none-eabi/6.3.0/../../../../arm-none-eabi/lib/armv6k/fpu\libg.a(lib_a-mprec.o)
                0x00117694                __b2d
 .text.__d2b    0x00117768      0x108 c:/devkitpro/devkitarm/bin/../lib/gcc/arm-none-eabi/6.3.0/../../../../arm-none-eabi/lib/armv6k/fpu\libg.a(lib_a-mprec.o)
                0x00117768                __d2b
 .text.__ratio  0x00117870       0x7c c:/devkitpro/devkitarm/bin/../lib/gcc/arm-none-eabi/6.3.0/../../../../arm-none-eabi/lib/armv6k/fpu\libg.a(lib_a-mprec.o)
                0x00117870                __ratio
 .text.__copybits
                0x001178ec       0x6c c:/devkitpro/devkitarm/bin/../lib/gcc/arm-none-eabi/6.3.0/../../../../arm-none-eabi/lib/armv6k/fpu\libg.a(lib_a-mprec.o)
                0x001178ec                __copybits
 .text.__any_on
                0x00117958       0x80 c:/devkitpro/devkitarm/bin/../lib/gcc/arm-none-eabi/6.3.0/../../../../arm-none-eabi/lib/armv6k/fpu\libg.a(lib_a-mprec.o)
                0x00117958                __any_on
 .text.__sccl   0x001179d8       0xcc c:/devkitpro/devkitarm/bin/../lib/gcc/arm-none-eabi/6.3.0/../../../../arm-none-eabi/lib/armv6k/fpu\libg.a(lib_a-sccl.o)
                0x001179d8                __sccl
 .text.nanf     0x00117aa4        0xc c:/devkitpro/devkitarm/bin/../lib/gcc/arm-none-eabi/6.3.0/../../../../arm-none-eabi/lib/armv6k/fpu\libg.a(lib_a-sf_nan.o)
                0x00117aa4                nanf
 .text.frexp    0x00117ab0       0x9c c:/devkitpro/devkitarm/bin/../lib/gcc/arm-none-eabi/6.3.0/../../../../arm-none-eabi/lib/armv6k/fpu\libg.a(lib_a-s_frexp.o)
                0x00117ab0                frexp
 .text.sprintf  0x00117b4c       0x68 c:/devkitpro/devkitarm/bin/../lib/gcc/arm-none-eabi/6.3.0/../../../../arm-none-eabi/lib/armv6k/fpu\libg.a(lib_a-sprintf.o)
                0x00117b4c                sprintf
 .text.stpncpy  0x00117bb4      0x100 c:/devkitpro/devkitarm/bin/../lib/gcc/arm-none-eabi/6.3.0/../../../../arm-none-eabi/lib/armv6k/fpu\libg.a(lib_a-stpncpy.o)
                0x00117bb4                stpncpy
 .text.strchr   0x00117cb4      0x1ac c:/devkitpro/devkitarm/bin/../lib/gcc/arm-none-eabi/6.3.0/../../../../arm-none-eabi/lib/armv6k/fpu\libg.a(lib_a-strchr.o)
                0x00117cb4                strchr
 .text.unlikely.sulp
                0x00117e60       0x54 c:/devkitpro/devkitarm/bin/../lib/gcc/arm-none-eabi/6.3.0/../../../../arm-none-eabi/lib/armv6k/fpu\libg.a(lib_a-strtod.o)
 *fill*         0x00117eb4        0x4 
 .text._strtod_l
                0x00117eb8     0x1434 c:/devkitpro/devkitarm/bin/../lib/gcc/arm-none-eabi/6.3.0/../../../../arm-none-eabi/lib/armv6k/fpu\libg.a(lib_a-strtod.o)
                0x00117eb8                _strtod_l
 .text._strtod_r
                0x001192ec       0x3c c:/devkitpro/devkitarm/bin/../lib/gcc/arm-none-eabi/6.3.0/../../../../arm-none-eabi/lib/armv6k/fpu\libg.a(lib_a-strtod.o)
                0x001192ec                _strtod_r
 .text._strtoll_l.isra.0
                0x00119328      0x2dc c:/devkitpro/devkitarm/bin/../lib/gcc/arm-none-eabi/6.3.0/../../../../arm-none-eabi/lib/armv6k/fpu\libg.a(lib_a-strtoll.o)
 .text._strtoll_r
                0x00119604       0x50 c:/devkitpro/devkitarm/bin/../lib/gcc/arm-none-eabi/6.3.0/../../../../arm-none-eabi/lib/armv6k/fpu\libg.a(lib_a-strtoll.o)
                0x00119604                _strtoll_r
 .text._strtol_l.isra.0
                0x00119654      0x220 c:/devkitpro/devkitarm/bin/../lib/gcc/arm-none-eabi/6.3.0/../../../../arm-none-eabi/lib/armv6k/fpu\libg.a(lib_a-strtol.o)
 .text._strtol_r
                0x00119874       0x50 c:/devkitpro/devkitarm/bin/../lib/gcc/arm-none-eabi/6.3.0/../../../../arm-none-eabi/lib/armv6k/fpu\libg.a(lib_a-strtol.o)
                0x00119874                _strtol_r
 *fill*         0x001198c4        0x4 
 .text._strtoull_l.isra.0
                0x001198c8      0x268 c:/devkitpro/devkitarm/bin/../lib/gcc/arm-none-eabi/6.3.0/../../../../arm-none-eabi/lib/armv6k/fpu\libg.a(lib_a-strtoull.o)
 .text._strtoull_r
                0x00119b30       0x50 c:/devkitpro/devkitarm/bin/../lib/gcc/arm-none-eabi/6.3.0/../../../../arm-none-eabi/lib/armv6k/fpu\libg.a(lib_a-strtoull.o)
                0x00119b30                _strtoull_r
 .text._strtoul_l.isra.0
                0x00119b80      0x1e4 c:/devkitpro/devkitarm/bin/../lib/gcc/arm-none-eabi/6.3.0/../../../../arm-none-eabi/lib/armv6k/fpu\libg.a(lib_a-strtoul.o)
 .text._strtoul_r
                0x00119d64       0x50 c:/devkitpro/devkitarm/bin/../lib/gcc/arm-none-eabi/6.3.0/../../../../arm-none-eabi/lib/armv6k/fpu\libg.a(lib_a-strtoul.o)
                0x00119d64                _strtoul_r
 .text.__ssprint_r
                0x00119db4      0x188 c:/devkitpro/devkitarm/bin/../lib/gcc/arm-none-eabi/6.3.0/../../../../arm-none-eabi/lib/armv6k/fpu\libg.a(lib_a-svfiprintf.o)
                0x00119db4                __ssprint_r
 .text._sungetc_r
                0x00119f3c       0xe8 c:/devkitpro/devkitarm/bin/../lib/gcc/arm-none-eabi/6.3.0/../../../../arm-none-eabi/lib/armv6k/fpu\libg.a(lib_a-svfiscanf.o)
                0x00119f3c                _sungetc_r
 .text.__ssrefill_r
                0x0011a024       0x6c c:/devkitpro/devkitarm/bin/../lib/gcc/arm-none-eabi/6.3.0/../../../../arm-none-eabi/lib/armv6k/fpu\libg.a(lib_a-svfiscanf.o)
                0x0011a024                __ssrefill_r
 .text._sfread_r
                0x0011a090       0xd0 c:/devkitpro/devkitarm/bin/../lib/gcc/arm-none-eabi/6.3.0/../../../../arm-none-eabi/lib/armv6k/fpu\libg.a(lib_a-svfiscanf.o)
                0x0011a090                _sfread_r
 .text.get_arg  0x0011a160     0x1624 c:/devkitpro/devkitarm/bin/../lib/gcc/arm-none-eabi/6.3.0/../../../../arm-none-eabi/lib/armv6k/fpu\libg.a(lib_a-svfprintf.o)
 *fill*         0x0011b784        0x4 
 .text._svfprintf_r
                0x0011b788     0x41c4 c:/devkitpro/devkitarm/bin/../lib/gcc/arm-none-eabi/6.3.0/../../../../arm-none-eabi/lib/armv6k/fpu\libg.a(lib_a-svfprintf.o)
                0x0011b788                _svfprintf_r
 .text.__submore
                0x0011f94c       0xa8 c:/devkitpro/devkitarm/bin/../lib/gcc/arm-none-eabi/6.3.0/../../../../arm-none-eabi/lib/armv6k/fpu\libg.a(lib_a-ungetc.o)
                0x0011f94c                __submore
 .text._wcsnrtombs_l
                0x0011f9f4      0x174 c:/devkitpro/devkitarm/bin/../lib/gcc/arm-none-eabi/6.3.0/../../../../arm-none-eabi/lib/armv6k/fpu\libg.a(lib_a-wcsnrtombs.o)
                0x0011f9f4                _wcsnrtombs_l
 .text._wcsnrtombs_r
                0x0011fb68       0x64 c:/devkitpro/devkitarm/bin/../lib/gcc/arm-none-eabi/6.3.0/../../../../arm-none-eabi/lib/armv6k/fpu\libg.a(lib_a-wcsnrtombs.o)
                0x0011fb68                _wcsnrtombs_r
 .text.__utf8_wctomb
                0x0011fbcc       0xe8 c:/devkitpro/devkitarm/bin/../lib/gcc/arm-none-eabi/6.3.0/../../../../arm-none-eabi/lib/armv6k/fpu\libg.a(lib_a-wctomb_r.o)
                0x0011fbcc                __utf8_wctomb
 .text.rshift   0x0011fcb4       0xf0 c:/devkitpro/devkitarm/bin/../lib/gcc/arm-none-eabi/6.3.0/../../../../arm-none-eabi/lib/armv6k/fpu\libg.a(lib_a-gdtoa-gethex.o)
 .text.__gethex
                0x0011fda4      0x7f4 c:/devkitpro/devkitarm/bin/../lib/gcc/arm-none-eabi/6.3.0/../../../../arm-none-eabi/lib/armv6k/fpu\libg.a(lib_a-gdtoa-gethex.o)
                0x0011fda4                __gethex
 .text.__match  0x00120598       0x64 c:/devkitpro/devkitarm/bin/../lib/gcc/arm-none-eabi/6.3.0/../../../../arm-none-eabi/lib/armv6k/fpu\libg.a(lib_a-gdtoa-hexnan.o)
                0x00120598                __match
 .text.__hexnan
                0x001205fc      0x264 c:/devkitpro/devkitarm/bin/../lib/gcc/arm-none-eabi/6.3.0/../../../../arm-none-eabi/lib/armv6k/fpu\libg.a(lib_a-gdtoa-hexnan.o)
                0x001205fc                __hexnan
 .text.null_write
                0x00120860        0x8 c:/devkitpro/devkitarm/bin/../lib/gcc/arm-none-eabi/6.3.0/../../../../arm-none-eabi/lib/armv6k/fpu\libsysbase.a(iosupport.o)
 .text.setDefaultDevice
                0x00120868       0x18 c:/devkitpro/devkitarm/bin/../lib/gcc/arm-none-eabi/6.3.0/../../../../arm-none-eabi/lib/armv6k/fpu\libsysbase.a(iosupport.o)
                0x00120868                setDefaultDevice
 .text.FindDevice
                0x00120880       0xcc c:/devkitpro/devkitarm/bin/../lib/gcc/arm-none-eabi/6.3.0/../../../../arm-none-eabi/lib/armv6k/fpu\libsysbase.a(iosupport.o)
                0x00120880                FindDevice
 .text.RemoveDevice
                0x0012094c       0x28 c:/devkitpro/devkitarm/bin/../lib/gcc/arm-none-eabi/6.3.0/../../../../arm-none-eabi/lib/armv6k/fpu\libsysbase.a(iosupport.o)
                0x0012094c                RemoveDevice
 .text.AddDevice
                0x00120974       0x98 c:/devkitpro/devkitarm/bin/../lib/gcc/arm-none-eabi/6.3.0/../../../../arm-none-eabi/lib/armv6k/fpu\libsysbase.a(iosupport.o)
                0x00120974                AddDevice
 .text._close_r
                0x00120a0c       0x84 c:/devkitpro/devkitarm/bin/../lib/gcc/arm-none-eabi/6.3.0/../../../../arm-none-eabi/lib/armv6k/fpu\libsysbase.a(close.o)
                0x00120a0c                _close_r
 .text._fstat_r
                0x00120a90       0x7c c:/devkitpro/devkitarm/bin/../lib/gcc/arm-none-eabi/6.3.0/../../../../arm-none-eabi/lib/armv6k/fpu\libsysbase.a(fstat.o)
                0x00120a90                _fstat_r
 .text._isatty_r
                0x00120b0c        0x8 c:/devkitpro/devkitarm/bin/../lib/gcc/arm-none-eabi/6.3.0/../../../../arm-none-eabi/lib/armv6k/fpu\libsysbase.a(isatty.o)
                0x00120b0c                _isatty_r
 .text._lseek_r
                0x00120b14       0x90 c:/devkitpro/devkitarm/bin/../lib/gcc/arm-none-eabi/6.3.0/../../../../arm-none-eabi/lib/armv6k/fpu\libsysbase.a(lseek.o)
                0x00120b14                _lseek_r
 .text._open_r  0x00120ba4       0xc0 c:/devkitpro/devkitarm/bin/../lib/gcc/arm-none-eabi/6.3.0/../../../../arm-none-eabi/lib/armv6k/fpu\libsysbase.a(open.o)
                0x00120ba4                _open_r
 .text._read_r  0x00120c64       0x88 c:/devkitpro/devkitarm/bin/../lib/gcc/arm-none-eabi/6.3.0/../../../../arm-none-eabi/lib/armv6k/fpu\libsysbase.a(read.o)
                0x00120c64                _read_r
 .text._sbrk_r  0x00120cec       0x70 c:/devkitpro/devkitarm/bin/../lib/gcc/arm-none-eabi/6.3.0/../../../../arm-none-eabi/lib/armv6k/fpu\libsysbase.a(sbrk.o)
                0x00120cec                _sbrk_r
 .text._stat_r  0x00120d5c       0x6c c:/devkitpro/devkitarm/bin/../lib/gcc/arm-none-eabi/6.3.0/../../../../arm-none-eabi/lib/armv6k/fpu\libsysbase.a(stat.o)
                0x00120d5c                _stat_r
 .text._unlink_r
                0x00120dc8       0x6c c:/devkitpro/devkitarm/bin/../lib/gcc/arm-none-eabi/6.3.0/../../../../arm-none-eabi/lib/armv6k/fpu\libsysbase.a(unlink.o)
                0x00120dc8                _unlink_r
 .text._write_r
                0x00120e34       0x88 c:/devkitpro/devkitarm/bin/../lib/gcc/arm-none-eabi/6.3.0/../../../../arm-none-eabi/lib/armv6k/fpu\libsysbase.a(write.o)
                0x00120e34                _write_r
 .text._concatenate_path
                0x00120ebc      0x1d4 c:/devkitpro/devkitarm/bin/../lib/gcc/arm-none-eabi/6.3.0/../../../../arm-none-eabi/lib/armv6k/fpu\libsysbase.a(chdir.o)
                0x00120ebc                _concatenate_path
 .text.chdir    0x00121090      0x15c c:/devkitpro/devkitarm/bin/../lib/gcc/arm-none-eabi/6.3.0/../../../../arm-none-eabi/lib/armv6k/fpu\libsysbase.a(chdir.o)
                0x00121090                chdir
 .text.mkdir    0x001211ec       0x60 c:/devkitpro/devkitarm/bin/../lib/gcc/arm-none-eabi/6.3.0/../../../../arm-none-eabi/lib/armv6k/fpu\libsysbase.a(mkdir.o)
                0x001211ec                mkdir
 .text.__flockfile
                0x0012124c        0x8 c:/devkitpro/devkitarm/bin/../lib/gcc/arm-none-eabi/6.3.0/../../../../arm-none-eabi/lib/armv6k/fpu\libsysbase.a(flock.o)
                0x0012124c                __flockfile
 .text.__funlockfile
                0x00121254        0x8 c:/devkitpro/devkitarm/bin/../lib/gcc/arm-none-eabi/6.3.0/../../../../arm-none-eabi/lib/armv6k/fpu\libsysbase.a(flock.o)
                0x00121254                __funlockfile
 .text.__libc_lock_acquire
                0x0012125c       0x18 c:/devkitpro/devkitarm/bin/../lib/gcc/arm-none-eabi/6.3.0/../../../../arm-none-eabi/lib/armv6k/fpu\libsysbase.a(syscall_support.o)
                0x0012125c                __libc_lock_acquire
 .text.__libc_lock_release
                0x00121274       0x18 c:/devkitpro/devkitarm/bin/../lib/gcc/arm-none-eabi/6.3.0/../../../../arm-none-eabi/lib/armv6k/fpu\libsysbase.a(syscall_support.o)
                0x00121274                __libc_lock_release
 .text.__libc_lock_init_recursive
                0x0012128c       0x18 c:/devkitpro/devkitarm/bin/../lib/gcc/arm-none-eabi/6.3.0/../../../../arm-none-eabi/lib/armv6k/fpu\libsysbase.a(syscall_support.o)
                0x0012128c                __libc_lock_init_recursive
 .text.__libc_lock_acquire_recursive
                0x001212a4       0x18 c:/devkitpro/devkitarm/bin/../lib/gcc/arm-none-eabi/6.3.0/../../../../arm-none-eabi/lib/armv6k/fpu\libsysbase.a(syscall_support.o)
                0x001212a4                __libc_lock_acquire_recursive
 .text.__libc_lock_release_recursive
                0x001212bc       0x18 c:/devkitpro/devkitarm/bin/../lib/gcc/arm-none-eabi/6.3.0/../../../../arm-none-eabi/lib/armv6k/fpu\libsysbase.a(syscall_support.o)
                0x001212bc                __libc_lock_release_recursive
 .text.__libc_lock_close_recursive
                0x001212d4       0x18 c:/devkitpro/devkitarm/bin/../lib/gcc/arm-none-eabi/6.3.0/../../../../arm-none-eabi/lib/armv6k/fpu\libsysbase.a(syscall_support.o)
                0x001212d4                __libc_lock_close_recursive
 .text.__free_handle
                0x001212ec       0x4c c:/devkitpro/devkitarm/bin/../lib/gcc/arm-none-eabi/6.3.0/../../../../arm-none-eabi/lib/armv6k/fpu\libsysbase.a(handle_manager.o)
                0x001212ec                __free_handle
 .text.__release_handle
                0x00121338       0x40 c:/devkitpro/devkitarm/bin/../lib/gcc/arm-none-eabi/6.3.0/../../../../arm-none-eabi/lib/armv6k/fpu\libsysbase.a(handle_manager.o)
                0x00121338                __release_handle
 .text.__alloc_handle
                0x00121378       0xb4 c:/devkitpro/devkitarm/bin/../lib/gcc/arm-none-eabi/6.3.0/../../../../arm-none-eabi/lib/armv6k/fpu\libsysbase.a(handle_manager.o)
                0x00121378                __alloc_handle
 .text.__get_handle
                0x0012142c       0x18 c:/devkitpro/devkitarm/bin/../lib/gcc/arm-none-eabi/6.3.0/../../../../arm-none-eabi/lib/armv6k/fpu\libsysbase.a(handle_manager.o)
                0x0012142c                __get_handle
 .text.__getreent
                0x00121444       0x28 c:/devkitpro/devkitarm/bin/../lib/gcc/arm-none-eabi/6.3.0/../../../../arm-none-eabi/lib/armv6k/fpu\libsysbase.a(getreent.o)
                0x00121444                __getreent
 .text.strnlen  0x0012146c       0x5c c:/devkitpro/devkitarm/bin/../lib/gcc/arm-none-eabi/6.3.0/../../../../arm-none-eabi/lib/armv6k/fpu\libg.a(lib_a-strnlen.o)
                0x0012146c                strnlen
 .text.strrchr  0x001214c8       0x44 c:/devkitpro/devkitarm/bin/../lib/gcc/arm-none-eabi/6.3.0/../../../../arm-none-eabi/lib/armv6k/fpu\libg.a(lib_a-strrchr.o)
                0x001214c8                strrchr
 *(.glue_7)
 .glue_7        0x0012150c        0x0 linker stubs
 *(.glue_7t)
 .glue_7t       0x0012150c        0x0 linker stubs
 *(.stub)
 *(.gnu.warning)
 *(.gnu.linkonce.t*)
                0x0012150c                . = ALIGN (0x4)
 *(.fini)
 .fini          0x0012150c        0xc c:/devkitpro/devkitarm/bin/../lib/gcc/arm-none-eabi/6.3.0/armv6k/fpu/crti.o
                0x0012150c                _fini
 .fini          0x00121518        0xc c:/devkitpro/devkitarm/bin/../lib/gcc/arm-none-eabi/6.3.0/armv6k/fpu/crtn.o
                0x00121524                . = ALIGN (0x4)

.vfp11_veneer   0x00121524        0x0
 .vfp11_veneer  0x00121524        0x0 linker stubs

.v4_bx          0x00121524        0x0
 .v4_bx         0x00121524        0x0 linker stubs

.iplt           0x00121524        0x0
 .iplt          0x00121524        0x0 c:/devkitpro/devkitarm/bin/../lib/gcc/arm-none-eabi/6.3.0/../../../../arm-none-eabi/lib/armv6k/fpu/3dsx_crt0.o

.rodata         0x00122000     0x4a80
 *(.rodata)
 .rodata        0x00122000       0x1c c:/devkitPro/libctru/lib\libctru.a(gfx.o)
 .rodata        0x0012201c      0x168 c:/devkitPro/libctru/lib\libctru.a(console.o)
 .rodata        0x00122184        0xc c:/devkitPro/libctru/lib\libctru.a(apt.o)
 .rodata        0x00122190      0x804 c:/devkitPro/libctru/lib\libctru.a(default_font.bin.o)
                0x00122190                default_font_bin
                0x00122990                default_font_bin_size
                0x00122990                default_font_bin_end
 .rodata        0x00122994       0x3c c:/devkitPro/libctru/lib\libctru.a(sdmc_dev.o)
 *(.roda)
 *(.rodata.*)
 .rodata.str1.4
                0x001229d0      0x429 main.o
                                0x431 (size before relaxing)
 *fill*         0x00122df9        0x3 
 .rodata.str1.4
                0x00122dfc       0x70 c:/devkitPro/libctru/lib\libctru.a(console.o)
 .rodata.str1.4
                0x00122e6c        0x7 c:/devkitPro/libctru/lib\libctru.a(httpc.o)
 *fill*         0x00122e73        0x1 
 .rodata.str1.4
                0x00122e74       0x15 c:/devkitPro/libctru/lib\libctru.a(hid.o)
 *fill*         0x00122e89        0x3 
 .rodata.str1.4
                0x00122e8c       0x16 c:/devkitPro/libctru/lib\libctru.a(apt.o)
 *fill*         0x00122ea2        0x2 
 .rodata.str1.4
                0x00122ea4        0x9 c:/devkitPro/libctru/lib\libctru.a(gspgpu.o)
 *fill*         0x00122ead        0x3 
 .rodata.str1.4
                0x00122eb0        0x7 c:/devkitPro/libctru/lib\libctru.a(irrst.o)
 *fill*         0x00122eb7        0x1 
 .rodata.str1.4
                0x00122eb8        0x5 c:/devkitPro/libctru/lib\libctru.a(srv.o)
 *fill*         0x00122ebd        0x3 
 .rodata.str1.4
                0x00122ec0        0x9 c:/devkitPro/libctru/lib\libctru.a(ptmsysm.o)
 *fill*         0x00122ec9        0x3 
 .rodata.str1.4
                0x00122ecc        0xd c:/devkitPro/libctru/lib\libctru.a(sdmc_dev.o)
                                 0x11 (size before relaxing)
 *fill*         0x00122ed9        0x3 
 .rodata.str1.4
                0x00122edc        0x8 c:/devkitPro/libctru/lib\libctru.a(fs.o)
                                  0x9 (size before relaxing)
 .rodata._global_impure_ptr
                0x00122ee4        0x4 c:/devkitpro/devkitarm/bin/../lib/gcc/arm-none-eabi/6.3.0/../../../../arm-none-eabi/lib/armv6k/fpu\libg.a(lib_a-impure.o)
                0x00122ee4                _global_impure_ptr
 .rodata._puts_r.str1.4
                0x00122ee8        0x2 c:/devkitpro/devkitarm/bin/../lib/gcc/arm-none-eabi/6.3.0/../../../../arm-none-eabi/lib/armv6k/fpu\libg.a(lib_a-puts.o)
 .rodata.__ssvfscanf_r.str1.4
                0x00122ee8        0x5 c:/devkitpro/devkitarm/bin/../lib/gcc/arm-none-eabi/6.3.0/../../../../arm-none-eabi/lib/armv6k/fpu\libg.a(lib_a-svfscanf.o)
 *fill*         0x00122eed        0x3 
 .rodata.basefix.8441
                0x00122ef0       0x22 c:/devkitpro/devkitarm/bin/../lib/gcc/arm-none-eabi/6.3.0/../../../../arm-none-eabi/lib/armv6k/fpu\libg.a(lib_a-svfscanf.o)
 *fill*         0x00122f12        0x2 
 .rodata._vfprintf_r.str1.4
                0x00122f14       0x3f c:/devkitpro/devkitarm/bin/../lib/gcc/arm-none-eabi/6.3.0/../../../../arm-none-eabi/lib/armv6k/fpu\libg.a(lib_a-vfprintf.o)
                                 0x42 (size before relaxing)
 *fill*         0x00122f53        0x1 
 .rodata.blanks.8415
                0x00122f54       0x10 c:/devkitpro/devkitarm/bin/../lib/gcc/arm-none-eabi/6.3.0/../../../../arm-none-eabi/lib/armv6k/fpu\libg.a(lib_a-vfprintf.o)
 .rodata.zeroes.8416
                0x00122f64       0x10 c:/devkitpro/devkitarm/bin/../lib/gcc/arm-none-eabi/6.3.0/../../../../arm-none-eabi/lib/armv6k/fpu\libg.a(lib_a-vfprintf.o)
 .rodata._dtoa_r.str1.4
                0x00122f74       0x10 c:/devkitpro/devkitarm/bin/../lib/gcc/arm-none-eabi/6.3.0/../../../../arm-none-eabi/lib/armv6k/fpu\libg.a(lib_a-dtoa.o)
                                 0x12 (size before relaxing)
 .rodata._jp2uc.str1.4
                0x00122f84       0x12 c:/devkitpro/devkitarm/bin/../lib/gcc/arm-none-eabi/6.3.0/../../../../arm-none-eabi/lib/armv6k/fpu\libg.a(lib_a-jp2uc.o)
 *fill*         0x00122f96        0x2 
 .rodata.a1     0x00122f98       0xbc c:/devkitpro/devkitarm/bin/../lib/gcc/arm-none-eabi/6.3.0/../../../../arm-none-eabi/lib/armv6k/fpu\libg.a(lib_a-jp2uc.o)
 .rodata.a2     0x00123054       0xbc c:/devkitpro/devkitarm/bin/../lib/gcc/arm-none-eabi/6.3.0/../../../../arm-none-eabi/lib/armv6k/fpu\libg.a(lib_a-jp2uc.o)
 .rodata.a3     0x00123110       0x5b c:/devkitpro/devkitarm/bin/../lib/gcc/arm-none-eabi/6.3.0/../../../../arm-none-eabi/lib/armv6k/fpu\libg.a(lib_a-jp2uc.o)
 *fill*         0x0012316b        0x1 
 .rodata.a6     0x0012316c       0x70 c:/devkitpro/devkitarm/bin/../lib/gcc/arm-none-eabi/6.3.0/../../../../arm-none-eabi/lib/armv6k/fpu\libg.a(lib_a-jp2uc.o)
 .rodata.a7     0x001231dc       0xa2 c:/devkitpro/devkitarm/bin/../lib/gcc/arm-none-eabi/6.3.0/../../../../arm-none-eabi/lib/armv6k/fpu\libg.a(lib_a-jp2uc.o)
 *fill*         0x0012327e        0x2 
 .rodata.a8     0x00123280       0x40 c:/devkitpro/devkitarm/bin/../lib/gcc/arm-none-eabi/6.3.0/../../../../arm-none-eabi/lib/armv6k/fpu\libg.a(lib_a-jp2uc.o)
 .rodata.b02cf  0x001232c0     0x172a c:/devkitpro/devkitarm/bin/../lib/gcc/arm-none-eabi/6.3.0/../../../../arm-none-eabi/lib/armv6k/fpu\libg.a(lib_a-jp2uc.o)
 *fill*         0x001249ea        0x2 
 .rodata.d02f4  0x001249ec     0x1a7c c:/devkitpro/devkitarm/bin/../lib/gcc/arm-none-eabi/6.3.0/../../../../arm-none-eabi/lib/armv6k/fpu\libg.a(lib_a-jp2uc.o)
 .rodata.str1.4
                0x00126468       0x48 c:/devkitpro/devkitarm/bin/../lib/gcc/arm-none-eabi/6.3.0/../../../../arm-none-eabi/lib/armv6k/fpu\libg.a(lib_a-locale.o)
                                 0x4c (size before relaxing)
 .rodata._mbrtowc_r.str1.4
                0x001264b0        0x1 c:/devkitpro/devkitarm/bin/../lib/gcc/arm-none-eabi/6.3.0/../../../../arm-none-eabi/lib/armv6k/fpu\libg.a(lib_a-mbrtowc.o)
 .rodata.__mprec_bigtens
                0x001264b0       0x28 c:/devkitpro/devkitarm/bin/../lib/gcc/arm-none-eabi/6.3.0/../../../../arm-none-eabi/lib/armv6k/fpu\libg.a(lib_a-mprec.o)
                0x001264b0                __mprec_bigtens
 .rodata.__mprec_tens
                0x001264d8       0xc8 c:/devkitpro/devkitarm/bin/../lib/gcc/arm-none-eabi/6.3.0/../../../../arm-none-eabi/lib/armv6k/fpu\libg.a(lib_a-mprec.o)
                0x001264d8                __mprec_tens
 .rodata.p05.7191
                0x001265a0        0xc c:/devkitpro/devkitarm/bin/../lib/gcc/arm-none-eabi/6.3.0/../../../../arm-none-eabi/lib/armv6k/fpu\libg.a(lib_a-mprec.o)
 .rodata._strtod_l.str1.4
                0x001265ac        0xf c:/devkitpro/devkitarm/bin/../lib/gcc/arm-none-eabi/6.3.0/../../../../arm-none-eabi/lib/armv6k/fpu\libg.a(lib_a-strtod.o)
 *fill*         0x001265bb        0x1 
 .rodata.fpi.7277
                0x001265bc       0x14 c:/devkitpro/devkitarm/bin/../lib/gcc/arm-none-eabi/6.3.0/../../../../arm-none-eabi/lib/armv6k/fpu\libg.a(lib_a-strtod.o)
 .rodata.fpinan.7313
                0x001265d0       0x14 c:/devkitpro/devkitarm/bin/../lib/gcc/arm-none-eabi/6.3.0/../../../../arm-none-eabi/lib/armv6k/fpu\libg.a(lib_a-strtod.o)
 *fill*         0x001265e4        0x4 
 .rodata.tinytens
                0x001265e8       0x28 c:/devkitpro/devkitarm/bin/../lib/gcc/arm-none-eabi/6.3.0/../../../../arm-none-eabi/lib/armv6k/fpu\libg.a(lib_a-strtod.o)
 .rodata.__action_table
                0x00126610       0x6c c:/devkitpro/devkitarm/bin/../lib/gcc/arm-none-eabi/6.3.0/../../../../arm-none-eabi/lib/armv6k/fpu\libg.a(lib_a-svfiprintf.o)
                0x00126610                __action_table
 .rodata.__chclass
                0x0012667c      0x100 c:/devkitpro/devkitarm/bin/../lib/gcc/arm-none-eabi/6.3.0/../../../../arm-none-eabi/lib/armv6k/fpu\libg.a(lib_a-svfiprintf.o)
                0x0012667c                __chclass
 .rodata.__state_table
                0x0012677c       0x6c c:/devkitpro/devkitarm/bin/../lib/gcc/arm-none-eabi/6.3.0/../../../../arm-none-eabi/lib/armv6k/fpu\libg.a(lib_a-svfiprintf.o)
                0x0012677c                __state_table
 .rodata._svfprintf_r.str1.4
                0x001267e8       0x42 c:/devkitpro/devkitarm/bin/../lib/gcc/arm-none-eabi/6.3.0/../../../../arm-none-eabi/lib/armv6k/fpu\libg.a(lib_a-svfprintf.o)
 .rodata.blanks.8400
                0x001267e8       0x10 c:/devkitpro/devkitarm/bin/../lib/gcc/arm-none-eabi/6.3.0/../../../../arm-none-eabi/lib/armv6k/fpu\libg.a(lib_a-svfprintf.o)
 .rodata.zeroes.8401
                0x001267f8       0x10 c:/devkitpro/devkitarm/bin/../lib/gcc/arm-none-eabi/6.3.0/../../../../arm-none-eabi/lib/armv6k/fpu\libg.a(lib_a-svfprintf.o)
 .rodata._ctype_
                0x00126808      0x101 c:/devkitpro/devkitarm/bin/../lib/gcc/arm-none-eabi/6.3.0/../../../../arm-none-eabi/lib/armv6k/fpu\libg.a(lib_a-ctype_.o)
                0x00126808                _ctype_
 *fill*         0x00126909        0x3 
 .rodata.__hexdig
                0x0012690c      0x100 c:/devkitpro/devkitarm/bin/../lib/gcc/arm-none-eabi/6.3.0/../../../../arm-none-eabi/lib/armv6k/fpu\libg.a(lib_a-gdtoa-gethex.o)
                0x0012690c                __hexdig
 .rodata.AddDevice.str1.4
                0x00126a0c        0x8 c:/devkitpro/devkitarm/bin/../lib/gcc/arm-none-eabi/6.3.0/../../../../arm-none-eabi/lib/armv6k/fpu\libsysbase.a(iosupport.o)
 .rodata.dotab_stdnull
                0x00126a14       0x68 c:/devkitpro/devkitarm/bin/../lib/gcc/arm-none-eabi/6.3.0/../../../../arm-none-eabi/lib/armv6k/fpu\libsysbase.a(iosupport.o)
                0x00126a14                dotab_stdnull
 .rodata.DIRECTORY_PARENT
                0x00126a7c        0x3 c:/devkitpro/devkitarm/bin/../lib/gcc/arm-none-eabi/6.3.0/../../../../arm-none-eabi/lib/armv6k/fpu\libsysbase.a(chdir.o)
                0x00126a7c                DIRECTORY_PARENT
 *all.rodata*(*)
 *(.gnu.linkonce.r*)
                0x00126a80                . = ALIGN (0x4)
 *fill*         0x00126a7f        0x1 

.eh_frame       0x00126a80        0x0
 .eh_frame      0x00126a80        0x0 c:/devkitpro/devkitarm/bin/../lib/gcc/arm-none-eabi/6.3.0/armv6k/fpu/crtbegin.o

.rel.dyn        0x00126a80        0x0
 .rel.iplt      0x00126a80        0x0 c:/devkitpro/devkitarm/bin/../lib/gcc/arm-none-eabi/6.3.0/../../../../arm-none-eabi/lib/armv6k/fpu/3dsx_crt0.o

.ARM.extab
 *(.ARM.extab* .gnu.linkonce.armextab.*)
                0x00126a80                __exidx_start = .

ARM.exidx
 *(.ARM.exidx* .gnu.linkonce.armexidx.*)
                0x00126a80                __exidx_end = .

.data           0x00127000     0x2f4c
 *(.data)
 .data          0x00127000        0xc c:/devkitPro/libctru/lib\libctru.a(gfx.o)
 .data          0x0012700c       0x51 c:/devkitPro/libctru/lib\libctru.a(console.o)
                0x0012700c                defaultConsole
                0x00127058                currentConsole
 *fill*         0x0012705d        0x3 
 .data          0x00127060        0x4 c:/devkitPro/libctru/lib\libctru.a(apt.o)
 .data          0x00127064        0x4 c:/devkitPro/libctru/lib\libctru.a(gspgpu.o)
 .data          0x00127068        0x4 c:/devkitPro/libctru/lib\libctru.a(stack_adjust.o)
                0x00127068                __stacksize__
 .data          0x0012706c        0x4 c:/devkitPro/libctru/lib\libctru.a(allocateHeaps.o)
                0x0012706c                __ctru_linear_heap_size
 .data          0x00127070      0x46c c:/devkitPro/libctru/lib\libctru.a(sdmc_dev.o)
 *(.data.*)
 .data.__sfp_lock
                0x001274dc        0xc c:/devkitpro/devkitarm/bin/../lib/gcc/arm-none-eabi/6.3.0/../../../../arm-none-eabi/lib/armv6k/fpu\libg.a(lib_a-findfp.o)
 .data.__sinit_lock
                0x001274e8        0xc c:/devkitpro/devkitarm/bin/../lib/gcc/arm-none-eabi/6.3.0/../../../../arm-none-eabi/lib/armv6k/fpu\libg.a(lib_a-findfp.o)
 .data._impure_ptr
                0x001274f4        0x4 c:/devkitpro/devkitarm/bin/../lib/gcc/arm-none-eabi/6.3.0/../../../../arm-none-eabi/lib/armv6k/fpu\libg.a(lib_a-impure.o)
                0x001274f4                _impure_ptr
 .data.impure_data
                0x001274f8      0x460 c:/devkitpro/devkitarm/bin/../lib/gcc/arm-none-eabi/6.3.0/../../../../arm-none-eabi/lib/armv6k/fpu\libg.a(lib_a-impure.o)
 .data.__malloc_av_
                0x00127958      0x408 c:/devkitpro/devkitarm/bin/../lib/gcc/arm-none-eabi/6.3.0/../../../../arm-none-eabi/lib/armv6k/fpu\libg.a(lib_a-mallocr.o)
                0x00127958                __malloc_av_
 .data.__malloc_sbrk_base
                0x00127d60        0x4 c:/devkitpro/devkitarm/bin/../lib/gcc/arm-none-eabi/6.3.0/../../../../arm-none-eabi/lib/armv6k/fpu\libg.a(lib_a-mallocr.o)
                0x00127d60                __malloc_sbrk_base
 .data.__malloc_trim_threshold
                0x00127d64        0x4 c:/devkitpro/devkitarm/bin/../lib/gcc/arm-none-eabi/6.3.0/../../../../arm-none-eabi/lib/armv6k/fpu\libg.a(lib_a-mallocr.o)
                0x00127d64                __malloc_trim_threshold
 .data.__malloc_lock_object
                0x00127d68        0xc c:/devkitpro/devkitarm/bin/../lib/gcc/arm-none-eabi/6.3.0/../../../../arm-none-eabi/lib/armv6k/fpu\libg.a(lib_a-mlock.o)
 .data.__global_locale
                0x00127d74      0x16c c:/devkitpro/devkitarm/bin/../lib/gcc/arm-none-eabi/6.3.0/../../../../arm-none-eabi/lib/armv6k/fpu\libg.a(lib_a-locale.o)
                0x00127d74                __global_locale
 .data.defaultDevice
                0x00127ee0        0x4 c:/devkitpro/devkitarm/bin/../lib/gcc/arm-none-eabi/6.3.0/../../../../arm-none-eabi/lib/armv6k/fpu\libsysbase.a(iosupport.o)
 .data.devoptab_list
                0x00127ee4       0x40 c:/devkitpro/devkitarm/bin/../lib/gcc/arm-none-eabi/6.3.0/../../../../arm-none-eabi/lib/armv6k/fpu\libsysbase.a(iosupport.o)
                0x00127ee4                devoptab_list
 .data._current_working_directory
                0x00127f24     0x1000 c:/devkitpro/devkitarm/bin/../lib/gcc/arm-none-eabi/6.3.0/../../../../arm-none-eabi/lib/armv6k/fpu\libsysbase.a(chdir.o)
 .data.__hndl_lock
                0x00128f24        0x4 c:/devkitpro/devkitarm/bin/../lib/gcc/arm-none-eabi/6.3.0/../../../../arm-none-eabi/lib/armv6k/fpu\libsysbase.a(handle_manager.o)
 .data.__stderr_handle
                0x00128f28        0xc c:/devkitpro/devkitarm/bin/../lib/gcc/arm-none-eabi/6.3.0/../../../../arm-none-eabi/lib/armv6k/fpu\libsysbase.a(handle_manager.o)
 .data.__stdin_handle
                0x00128f34        0xc c:/devkitpro/devkitarm/bin/../lib/gcc/arm-none-eabi/6.3.0/../../../../arm-none-eabi/lib/armv6k/fpu\libsysbase.a(handle_manager.o)
 .data.__stdout_handle
                0x00128f40        0xc c:/devkitpro/devkitarm/bin/../lib/gcc/arm-none-eabi/6.3.0/../../../../arm-none-eabi/lib/armv6k/fpu\libsysbase.a(handle_manager.o)
 .data.handles  0x00128f4c     0x1000 c:/devkitpro/devkitarm/bin/../lib/gcc/arm-none-eabi/6.3.0/../../../../arm-none-eabi/lib/armv6k/fpu\libsysbase.a(handle_manager.o)
 *(.gnu.linkonce.d*)
                0x00129f4c                . = ALIGN (0x4)

.igot.plt       0x00129f4c        0x0
 .igot.plt      0x00129f4c        0x0 c:/devkitpro/devkitarm/bin/../lib/gcc/arm-none-eabi/6.3.0/../../../../arm-none-eabi/lib/armv6k/fpu/3dsx_crt0.o

.jcr            0x00129f4c        0x0
 .jcr           0x00129f4c        0x0 c:/devkitpro/devkitarm/bin/../lib/gcc/arm-none-eabi/6.3.0/armv6k/fpu/crtbegin.o

.tm_clone_table
                0x00129f4c        0x0
 .tm_clone_table
                0x00129f4c        0x0 c:/devkitpro/devkitarm/bin/../lib/gcc/arm-none-eabi/6.3.0/armv6k/fpu/crtbegin.o
 .tm_clone_table
                0x00129f4c        0x0 c:/devkitpro/devkitarm/bin/../lib/gcc/arm-none-eabi/6.3.0/armv6k/fpu/crtend.o
                0x00129f4c                __TMC_END__

.tdata          0x00129f4c        0x0
                0x00129f4c                __tdata_lma = .
 *(.tdata)
 *(.tdata.*)
 *(.gnu.linkonce.td.*)
                0x00129f4c                . = ALIGN (0x4)
                0x00129f4c                __tdata_lma_end = .

.tbss           0x00129f4c     0x340c
 *(.tbss)
 .tbss          0x00129f4c     0x340a c:/devkitPro/libctru/lib\libctru.a(sdmc_dev.o)
 *(.tbss.*)
 *(.gnu.linkonce.tb.*)
 *(.tcommon)
                0x0012d358                . = ALIGN (0x4)
 *fill*         0x0012d356        0x2 

.preinit_array  0x00129f4c        0x0
                0x00129f4c                PROVIDE (__preinit_array_start, .)
 *(.preinit_array)
                0x00129f4c                PROVIDE (__preinit_array_end, .)

.init_array     0x00129f4c        0x4
                0x00129f4c                PROVIDE (__init_array_start, .)
 *(SORT(.init_array.*))
 *(.init_array)
 .init_array    0x00129f4c        0x4 c:/devkitpro/devkitarm/bin/../lib/gcc/arm-none-eabi/6.3.0/armv6k/fpu/crtbegin.o
                0x00129f50                PROVIDE (__init_array_end, .)

.fini_array     0x00129f50        0x4
                0x00129f50                PROVIDE (__fini_array_start, .)
 *(.fini_array)
 .fini_array    0x00129f50        0x4 c:/devkitpro/devkitarm/bin/../lib/gcc/arm-none-eabi/6.3.0/armv6k/fpu/crtbegin.o
 *(SORT(.fini_array.*))
                0x00129f54                PROVIDE (__fini_array_end, .)

.ctors
 *crtbegin.o(.ctors)
 *(EXCLUDE_FILE(*crtend.o) .ctors)
 *(SORT(.ctors.*))
 *(.ctors)

.dtors
 *crtbegin.o(.dtors)
 *(EXCLUDE_FILE(*crtend.o) .dtors)
 *(SORT(.dtors.*))
 *(.dtors)
                0x00129f54                __bss_start__ = .

.bss            0x00129f54     0x57dc
 *(.dynbss)