Archive member included to satisfy reference by file (symbol)

c:/devkitPro/libctru/lib\libctru.a(gfx.o)
                              main.o (gfxInitDefault)
c:/devkitPro/libctru/lib\libctru.a(console.o)
                              main.o (consoleInit)
c:/devkitPro/libctru/lib\libctru.a(gx.o)
                              c:/devkitPro/libctru/lib\libctru.a(gfx.o) (gxCmdBuf)
c:/devkitPro/libctru/lib\libctru.a(httpc.o)
                              main.o (httpcInit)
c:/devkitPro/libctru/lib\libctru.a(hid.o)
                              main.o (hidScanInput)
c:/devkitPro/libctru/lib\libctru.a(apt.o)
                              main.o (aptMainLoop)
c:/devkitPro/libctru/lib\libctru.a(am.o)
                              main.o (AM_StartCiaInstall)
c:/devkitPro/libctru/lib\libctru.a(gspgpu.o)
                              c:/devkitPro/libctru/lib\libctru.a(gfx.o) (gspInit)
c:/devkitPro/libctru/lib\libctru.a(irrst.o)
                              c:/devkitPro/libctru/lib\libctru.a(hid.o) (irrstScanInput)
c:/devkitPro/libctru/lib\libctru.a(utf8_to_utf16.o)
                              c:/devkitPro/libctru/lib\libctru.a(am.o) (utf8_to_utf16)
c:/devkitPro/libctru/lib\libctru.a(decode_utf8.o)
                              c:/devkitPro/libctru/lib\libctru.a(utf8_to_utf16.o) (decode_utf8)
c:/devkitPro/libctru/lib\libctru.a(encode_utf16.o)
                              c:/devkitPro/libctru/lib\libctru.a(utf8_to_utf16.o) (encode_utf16)
c:/devkitPro/libctru/lib\libctru.a(initArgv.o)
                              c:/devkitpro/devkitarm/bin/../lib/gcc/arm-none-eabi/6.3.0/../../../../arm-none-eabi/lib/armv6k/fpu/3dsx_crt0.o (__system_argc)
c:/devkitPro/libctru/lib\libctru.a(initSystem.o)
                              c:/devkitPro/libctru/lib\libctru.a(apt.o) (__system_retAddr)
c:/devkitPro/libctru/lib\libctru.a(svc.o)
                              c:/devkitPro/libctru/lib\libctru.a(apt.o) (svcExitProcess)
c:/devkitPro/libctru/lib\libctru.a(stack_adjust.o)
                              c:/devkitpro/devkitarm/bin/../lib/gcc/arm-none-eabi/6.3.0/../../../../arm-none-eabi/lib/armv6k/fpu/3dsx_crt0.o (initSystem)
c:/devkitPro/libctru/lib\libctru.a(default_font.bin.o)
                              c:/devkitPro/libctru/lib\libctru.a(console.o) (default_font_bin)
c:/devkitPro/libctru/lib\libctru.a(linear.o)
                              c:/devkitPro/libctru/lib\libctru.a(gfx.o) (linearAlloc)
c:/devkitPro/libctru/lib\libctru.a(mappable.o)
                              c:/devkitPro/libctru/lib\libctru.a(gfx.o) (mappableAlloc)
c:/devkitPro/libctru/lib\libctru.a(vram.o)
                              c:/devkitPro/libctru/lib\libctru.a(gfx.o) (vramAlloc)
c:/devkitPro/libctru/lib\libctru.a(thread.o)
                              c:/devkitPro/libctru/lib\libctru.a(apt.o) (threadCreate)
c:/devkitPro/libctru/lib\libctru.a(srv.o)
                              c:/devkitPro/libctru/lib\libctru.a(apt.o) (srvInit)
c:/devkitPro/libctru/lib\libctru.a(os.o)
                              c:/devkitPro/libctru/lib\libctru.a(apt.o) (__ctru_speedup_config)
c:/devkitPro/libctru/lib\libctru.a(env.o)
                              c:/devkitPro/libctru/lib\libctru.a(irrst.o) (envGetHandle)
c:/devkitPro/libctru/lib\libctru.a(synchronization.o)
                              c:/devkitPro/libctru/lib\libctru.a(initSystem.o) (__sync_init)
c:/devkitPro/libctru/lib\libctru.a(ptmsysm.o)
                              c:/devkitPro/libctru/lib\libctru.a(os.o) (ptmSysmInit)
c:/devkitPro/libctru/lib\libctru.a(rbtree_find.o)
                              c:/devkitPro/libctru/lib\libctru.a(linear.o) (rbtree_find)
c:/devkitPro/libctru/lib\libctru.a(rbtree_remove.o)
                              c:/devkitPro/libctru/lib\libctru.a(linear.o) (rbtree_remove)
c:/devkitPro/libctru/lib\libctru.a(rbtree_iterator.o)
                              c:/devkitPro/libctru/lib\libctru.a(rbtree_remove.o) (rbtree_node_next)
c:/devkitPro/libctru/lib\libctru.a(rbtree_rotate.o)
                              c:/devkitPro/libctru/lib\libctru.a(rbtree_remove.o) (rbtree_rotate)
c:/devkitPro/libctru/lib\libctru.a(rbtree_insert.o)
                              c:/devkitPro/libctru/lib\libctru.a(linear.o) (rbtree_insert)
c:/devkitPro/libctru/lib\libctru.a(rbtree_init.o)
                              c:/devkitPro/libctru/lib\libctru.a(linear.o) (rbtree_init)
c:/devkitPro/libctru/lib\libctru.a(ctru_exit.o)
                              c:/devkitPro/libctru/lib\libctru.a(stack_adjust.o) (__libctru_exit)
c:/devkitPro/libctru/lib\libctru.a(appExit.o)
                              c:/devkitPro/libctru/lib\libctru.a(stack_adjust.o) (__appExit)
c:/devkitPro/libctru/lib\libctru.a(allocateHeaps.o)
                              c:/devkitPro/libctru/lib\libctru.a(initSystem.o) (__system_allocateHeaps)
c:/devkitPro/libctru/lib\libctru.a(syscalls.o)
                              c:/devkitPro/libctru/lib\libctru.a(initSystem.o) (__system_initSyscalls)
c:/devkitPro/libctru/lib\libctru.a(appInit.o)
[...]
Memory Configuration

Name             Origin             Length             Attributes
*default*        0x00000000         0xffffffff

Linker script and memory map

                0x00100000                PROVIDE (__start__, 0x100000)
                0x00100000                . = __start__

.text           0x00100000    0x21574
 *(.crt0)
 .crt0          0x00100000       0x94 c:/devkitpro/devkitarm/bin/../lib/gcc/arm-none-eabi/6.3.0/../../../../arm-none-eabi/lib/armv6k/fpu/3dsx_crt0.o
                0x00100000                _start
                0x00100008                __service_ptr
                0x0010000c                __apt_appid
                0x00100010                __heap_size
                0x00100014                __linear_heap_size
                0x00100018                __system_arglist
                0x0010001c                __system_runflags
 *(.init)
 .init          0x00100094        0xc c:/devkitpro/devkitarm/bin/../lib/gcc/arm-none-eabi/6.3.0/armv6k/fpu/crti.o
                0x00100094                _init
 .init          0x001000a0        0xc c:/devkitpro/devkitarm/bin/../lib/gcc/arm-none-eabi/6.3.0/armv6k/fpu/crtn.o
                0x001000ac                . = ALIGN (0x4)
 *(.text)
 .text          0x001000ac       0x64 c:/devkitPro/libctru/lib\libctru.a(stack_adjust.o)
                0x001000ac                initSystem
                0x001000f0                __ctru_exit
 .text          0x00100110      0x240 c:/devkitpro/devkitarm/bin/../lib/gcc/arm-none-eabi/6.3.0/armv6k/fpu\libgcc.a(_divsi3.o)
                0x00100110                __divsi3
                0x00100110                __aeabi_idiv
                0x00100330                __aeabi_idivmod
 .text          0x00100350        0x4 c:/devkitpro/devkitarm/bin/../lib/gcc/arm-none-eabi/6.3.0/armv6k/fpu\libgcc.a(_dvmd_tls.o)
                0x00100350                __aeabi_idiv0
                0x00100350                __aeabi_ldiv0
 .text          0x00100354       0x3c c:/devkitpro/devkitarm/bin/../lib/gcc/arm-none-eabi/6.3.0/armv6k/fpu\libgcc.a(_aeabi_uldivmod.o)
                0x00100354                __aeabi_uldivmod
 *fill*         0x00100390       0x10 
 .text          0x001003a0      0x390 c:/devkitpro/devkitarm/bin/../lib/gcc/arm-none-eabi/6.3.0/../../../../arm-none-eabi/lib/armv6k/fpu\libg.a(lib_a-strcmp.o)
                0x001003a8                strcmp
 .text          0x00100730      0x20c c:/devkitpro/devkitarm/bin/../lib/gcc/arm-none-eabi/6.3.0/armv6k/fpu\libgcc.a(_udivsi3.o)
                0x00100730                __aeabi_uidiv
                0x00100730                __udivsi3
                0x0010091c                __aeabi_uidivmod
 *(.text.*)
 .text.deregister_tm_clones
                0x0010093c       0x30 c:/devkitpro/devkitarm/bin/../lib/gcc/arm-none-eabi/6.3.0/armv6k/fpu/crtbegin.o
 .text.register_tm_clones
                0x0010096c       0x38 c:/devkitpro/devkitarm/bin/../lib/gcc/arm-none-eabi/6.3.0/armv6k/fpu/crtbegin.o
 .text.__do_global_dtors_aux
                0x001009a4       0x44 c:/devkitpro/devkitarm/bin/../lib/gcc/arm-none-eabi/6.3.0/armv6k/fpu/crtbegin.o
 .text.frame_dummy
                0x001009e8       0x5c c:/devkitpro/devkitarm/bin/../lib/gcc/arm-none-eabi/6.3.0/armv6k/fpu/crtbegin.o
 .text.http_download
                0x00100a44      0x3d0 main.o
                0x00100a44                http_download
 .text.CreateFiles
                0x00100e14      0x120 main.o
                0x00100e14                CreateFiles
 .text.DownloadPlugin
                0x00100f34       0x98 main.o
                0x00100f34                DownloadPlugin
 *fill*         0x00100fcc        0x4 
 .text.startup.main
                0x00100fd0      0x108 main.o
                0x00100fd0                main
 .text.gfxSetFramebufferInfo.part.0
                0x001010d8       0x8c c:/devkitPro/libctru/lib\libctru.a(gfx.o)
 .text.__get_bytes_per_pixel
                0x00101164       0x18 c:/devkitPro/libctru/lib\libctru.a(gfx.o)
                0x00101164                __get_bytes_per_pixel
 .text.gfxSetScreenFormat
                0x0010117c      0x174 c:/devkitPro/libctru/lib\libctru.a(gfx.o)
                0x0010117c                gfxSetScreenFormat
 .text.gfxSetDoubleBuffering
                0x001012f0       0x14 c:/devkitPro/libctru/lib\libctru.a(gfx.o)
                0x001012f0                gfxSetDoubleBuffering
 .text.gfxSetFramebufferInfo
                0x00101304       0x70 c:/devkitPro/libctru/lib\libctru.a(gfx.o)
                0x00101304                gfxSetFramebufferInfo
 .text.gfxWriteFramebufferInfo
                0x00101374       0x88 c:/devkitPro/libctru/lib\libctru.a(gfx.o)
                0x00101374                gfxWriteFramebufferInfo
 .text.gfxInit  0x001013fc      0x1fc c:/devkitPro/libctru/lib\libctru.a(gfx.o)
                0x001013fc                gfxInit
 .text.gfxInitDefault
                0x001015f8       0x10 c:/devkitPro/libctru/lib\libctru.a(gfx.o)
                0x001015f8                gfxInitDefault
 .text.gfxExit  0x00101608       0xe0 c:/devkitPro/libctru/lib\libctru.a(gfx.o)
                0x00101608                gfxExit
 .text.gfxGetFramebuffer
                0x001016e8       0xb0 c:/devkitPro/libctru/lib\libctru.a(gfx.o)
                0x001016e8                gfxGetFramebuffer
 .text.gfxFlushBuffers
                0x00101798       0xc8 c:/devkitPro/libctru/lib\libctru.a(gfx.o)
                0x00101798                gfxFlushBuffers
 .text.gfxConfigScreen
                0x00101860       0x70 c:/devkitPro/libctru/lib\libctru.a(gfx.o)
                0x00101860                gfxConfigScreen
 .text.gfxSwapBuffers
                0x001018d0       0x20 c:/devkitPro/libctru/lib\libctru.a(gfx.o)
                0x001018d0                gfxSwapBuffers
 .text.gfxSwapBuffersGpu
                0x001018f0       0x20 c:/devkitPro/libctru/lib\libctru.a(gfx.o)
                0x001018f0                gfxSwapBuffersGpu
 .text.debug_write
                0x00101910       0x1c c:/devkitPro/libctru/lib\libctru.a(console.o)
                0x00101910                debug_write
 .text.consoleDrawChar
                0x0010192c      0x1b0 c:/devkitPro/libctru/lib\libctru.a(console.o)
                0x0010192c                consoleDrawChar
 .text.consolePrintChar
                0x00101adc      0x124 c:/devkitPro/libctru/lib\libctru.a(console.o)
                0x00101adc                consolePrintChar
 .text.consoleCls
                0x00101c00      0x190 c:/devkitPro/libctru/lib\libctru.a(console.o)
 .text.consoleInit
                0x00101d90       0xf8 c:/devkitPro/libctru/lib\libctru.a(console.o)
                0x00101d90                consoleInit
 .text.consoleClearLine
                0x00101e88      0x144 c:/devkitPro/libctru/lib\libctru.a(console.o)
 .text.newRow   0x00101fcc       0xbc c:/devkitPro/libctru/lib\libctru.a(console.o)
 .text.con_write
                0x00102088      0x79c c:/devkitPro/libctru/lib\libctru.a(console.o)
                0x00102088                con_write
 .text.httpcInit
                0x00102824      0x188 c:/devkitPro/libctru/lib\libctru.a(httpc.o)
                0x00102824                httpcInit
 .text.httpcExit
                0x001029ac       0x84 c:/devkitPro/libctru/lib\libctru.a(httpc.o)
                0x001029ac                httpcExit
 .text.httpcOpenContext
                0x00102a30      0x13c c:/devkitPro/libctru/lib\libctru.a(httpc.o)
                0x00102a30                httpcOpenContext
 .text.httpcCloseContext
                0x00102b6c       0x44 c:/devkitPro/libctru/lib\libctru.a(httpc.o)
                0x00102b6c                httpcCloseContext
 .text.httpcAddRequestHeaderField
                0x00102bb0       0x80 c:/devkitPro/libctru/lib\libctru.a(httpc.o)
                0x00102bb0                httpcAddRequestHeaderField
 .text.httpcBeginRequest
                0x00102c30       0x30 c:/devkitPro/libctru/lib\libctru.a(httpc.o)
                0x00102c30                httpcBeginRequest
 .text.httpcReceiveData
                0x00102c60       0x44 c:/devkitPro/libctru/lib\libctru.a(httpc.o)
                0x00102c60                httpcReceiveData
 .text.httpcDownloadData
                0x00102ca4      0x104 c:/devkitPro/libctru/lib\libctru.a(httpc.o)
                0x00102ca4                httpcDownloadData
 .text.httpcGetDownloadSizeState
                0x00102da8       0x54 c:/devkitPro/libctru/lib\libctru.a(httpc.o)
                0x00102da8                httpcGetDownloadSizeState
 .text.httpcGetResponseHeader
                0x00102dfc       0x78 c:/devkitPro/libctru/lib\libctru.a(httpc.o)
                0x00102dfc                httpcGetResponseHeader
 .text.httpcGetResponseStatusCode
                0x00102e74       0x3c c:/devkitPro/libctru/lib\libctru.a(httpc.o)
                0x00102e74                httpcGetResponseStatusCode
 .text.httpcSetSSLOpt
                0x00102eb0       0x34 c:/devkitPro/libctru/lib\libctru.a(httpc.o)
                0x00102eb0                httpcSetSSLOpt
 .text.hidExit  0x00102ee4       0xd0 c:/devkitPro/libctru/lib\libctru.a(hid.o)
                0x00102ee4                hidExit
 .text.hidScanInput
                0x00102fb4      0x234 c:/devkitPro/libctru/lib\libctru.a(hid.o)
                0x00102fb4                hidScanInput
 .text.hidKeysDown
                0x001031e8       0x10 c:/devkitPro/libctru/lib\libctru.a(hid.o)
                0x001031e8                hidKeysDown
 .text.HIDUSER_GetHandles
                0x001031f8       0x90 c:/devkitPro/libctru/lib\libctru.a(hid.o)
                0x001031f8                HIDUSER_GetHandles
 .text.hidInit  0x00103288      0x18c c:/devkitPro/libctru/lib\libctru.a(hid.o)
                0x00103288                hidInit
 .text._aptDebug
                0x00103414        0x4 c:/devkitPro/libctru/lib\libctru.a(apt.o)
                0x00103414                _aptDebug
 .text.aptSendCommand
                0x00103418      0x130 c:/devkitPro/libctru/lib\libctru.a(apt.o)
                0x00103418                aptSendCommand
 .text.aptExitProcess
                0x00103548       0x3c c:/devkitPro/libctru/lib\libctru.a(apt.o)
 .text.APT_InquireNotification
                0x00103584       0x4c c:/devkitPro/libctru/lib\libctru.a(apt.o)
                0x00103584                APT_InquireNotification
 .text.aptEventHandler
                0x001035d0      0x19c c:/devkitPro/libctru/lib\libctru.a(apt.o)
 .text.APT_AppletUtility
                0x0010376c       0x74 c:/devkitPro/libctru/lib\libctru.a(apt.o)
                0x0010376c                APT_AppletUtility
 .text.aptSetSleepAllowed
                0x001037e0       0xb4 c:/devkitPro/libctru/lib\libctru.a(apt.o)
                0x001037e0                aptSetSleepAllowed
 .text.APT_GlanceParameter
                0x00103894       0xb4 c:/devkitPro/libctru/lib\libctru.a(apt.o)
                0x00103894                APT_GlanceParameter
 .text.APT_ReceiveParameter
                0x00103948       0xc0 c:/devkitPro/libctru/lib\libctru.a(apt.o)
                0x00103948                APT_ReceiveParameter
 .text.aptReceiveParameter.constprop.1
                0x00103a08       0xa8 c:/devkitPro/libctru/lib\libctru.a(apt.o)
 .text.aptScreenTransfer
                0x00103ab0      0x1ec c:/devkitPro/libctru/lib\libctru.a(apt.o)
 .text.aptWaitForWakeUp
                0x00103c9c      0x228 c:/devkitPro/libctru/lib\libctru.a(apt.o)
 .text.APT_CancelParameter
                0x00103ec4       0x70 c:/devkitPro/libctru/lib\libctru.a(apt.o)
                0x00103ec4                APT_CancelParameter
 .text.aptInit  0x00103f34      0x230 c:/devkitPro/libctru/lib\libctru.a(apt.o)
                0x00103f34                aptInit
 .text.aptClearParamQueue
                0x00104164       0x8c c:/devkitPro/libctru/lib\libctru.a(apt.o)
 .text.aptMainLoop
                0x001041f0      0x214 c:/devkitPro/libctru/lib\libctru.a(apt.o)
                0x001041f0                aptMainLoop
 .text.aptExit  0x00104404      0x148 c:/devkitPro/libctru/lib\libctru.a(apt.o)
                0x00104404                aptExit
 .text.APT_CheckNew3DS
                0x0010454c       0x70 c:/devkitPro/libctru/lib\libctru.a(apt.o)
                0x0010454c                APT_CheckNew3DS
 .text.gspEventThreadMain
                0x001045bc      0x160 c:/devkitPro/libctru/lib\libctru.a(gspgpu.o)
 .text.gspInit  0x0010471c       0x74 c:/devkitPro/libctru/lib\libctru.a(gspgpu.o)
                0x0010471c                gspInit
 .text.gspExit  0x00104790       0x3c c:/devkitPro/libctru/lib\libctru.a(gspgpu.o)
                0x00104790                gspExit
 .text.gspInitEventHandler
                0x001047cc       0x88 c:/devkitPro/libctru/lib\libctru.a(gspgpu.o)
                0x001047cc                gspInitEventHandler
 .text.gspExitEventHandler
                0x00104854       0x30 c:/devkitPro/libctru/lib\libctru.a(gspgpu.o)
                0x00104854                gspExitEventHandler
 .text.gspWaitForEvent
                0x00104884       0x44 c:/devkitPro/libctru/lib\libctru.a(gspgpu.o)
                0x00104884                gspWaitForEvent
 .text.GSPGPU_SetBufferSwap
                0x001048c8       0x6c c:/devkitPro/libctru/lib\libctru.a(gspgpu.o)
                0x001048c8                GSPGPU_SetBufferSwap
 .text.GSPGPU_FlushDataCache
                0x00104934       0x4c c:/devkitPro/libctru/lib\libctru.a(gspgpu.o)
                0x00104934                GSPGPU_FlushDataCache
 .text.GSPGPU_SetLcdForceBlack
                0x00104980       0x34 c:/devkitPro/libctru/lib\libctru.a(gspgpu.o)
                0x00104980                GSPGPU_SetLcdForceBlack
 .text.GSPGPU_RegisterInterruptRelayQueue
                0x001049b4       0x64 c:/devkitPro/libctru/lib\libctru.a(gspgpu.o)
                0x001049b4                GSPGPU_RegisterInterruptRelayQueue
 .text.GSPGPU_UnregisterInterruptRelayQueue
                0x00104a18       0x2c c:/devkitPro/libctru/lib\libctru.a(gspgpu.o)
                0x00104a18                GSPGPU_UnregisterInterruptRelayQueue
 .text.GSPGPU_AcquireRight
                0x00104a44       0x48 c:/devkitPro/libctru/lib\libctru.a(gspgpu.o)
                0x00104a44                GSPGPU_AcquireRight
 .text.GSPGPU_ReleaseRight
                0x00104a8c       0x2c c:/devkitPro/libctru/lib\libctru.a(gspgpu.o)
                0x00104a8c                GSPGPU_ReleaseRight
 .text.GSPGPU_ImportDisplayCaptureInfo
                0x00104ab8       0x80 c:/devkitPro/libctru/lib\libctru.a(gspgpu.o)
                0x00104ab8                GSPGPU_ImportDisplayCaptureInfo
 .text.GSPGPU_SaveVramSysArea
                0x00104b38       0x2c c:/devkitPro/libctru/lib\libctru.a(gspgpu.o)
                0x00104b38                GSPGPU_SaveVramSysArea
 .text.GSPGPU_RestoreVramSysArea
                0x00104b64       0x2c c:/devkitPro/libctru/lib\libctru.a(gspgpu.o)
                0x00104b64                GSPGPU_RestoreVramSysArea
 .text.irrstScanInput
                0x00104b90       0xb0 c:/devkitPro/libctru/lib\libctru.a(irrst.o)
                0x00104b90                irrstScanInput
 .text.irrstKeysHeld
                0x00104c40       0x1c c:/devkitPro/libctru/lib\libctru.a(irrst.o)
                0x00104c40                irrstKeysHeld
 .text.IRRST_GetHandles
                0x00104c5c       0x50 c:/devkitPro/libctru/lib\libctru.a(irrst.o)
                0x00104c5c                IRRST_GetHandles
 .text.irrstInit
                0x00104cac      0x150 c:/devkitPro/libctru/lib\libctru.a(irrst.o)
                0x00104cac                irrstInit
 .text.IRRST_Shutdown
                0x00104dfc       0x2c c:/devkitPro/libctru/lib\libctru.a(irrst.o)
                0x00104dfc                IRRST_Shutdown
 .text.irrstExit
                0x00104e28       0xac c:/devkitPro/libctru/lib\libctru.a(irrst.o)
                0x00104e28                irrstExit
 .text.utf8_to_utf16
                0x00104ed4       0xc0 c:/devkitPro/libctru/lib\libctru.a(utf8_to_utf16.o)
                0x00104ed4                utf8_to_utf16
 .text.decode_utf8
                0x00104f94      0x138 c:/devkitPro/libctru/lib\libctru.a(decode_utf8.o)
                0x00104f94                decode_utf8
 .text.encode_utf16
                0x001050cc       0x68 c:/devkitPro/libctru/lib\libctru.a(encode_utf16.o)
                0x001050cc                encode_utf16
 .text.__system_initArgv
                0x00105134       0xe8 c:/devkitPro/libctru/lib\libctru.a(initArgv.o)
                0x00105134                __system_initArgv
 .text.__libctru_init
                0x0010521c       0x38 c:/devkitPro/libctru/lib\libctru.a(initSystem.o)
                0x0010521c                __libctru_init
 .text.svcControlMemory
                0x00105254       0x20 c:/devkitPro/libctru/lib\libctru.a(svc.o)
                0x00105254                svcControlMemory
 .text.svcExitProcess
                0x00105274        0x8 c:/devkitPro/libctru/lib\libctru.a(svc.o)
                0x00105274                svcExitProcess
 .text.svcCreateThread
                0x0010527c       0x20 c:/devkitPro/libctru/lib\libctru.a(svc.o)
                0x0010527c                svcCreateThread
 .text.svcExitThread
                0x0010529c        0x8 c:/devkitPro/libctru/lib\libctru.a(svc.o)
                0x0010529c                svcExitThread
 .text.svcSleepThread
                0x001052a4        0x8 c:/devkitPro/libctru/lib\libctru.a(svc.o)
                0x001052a4                svcSleepThread
 .text.svcReleaseMutex
                0x001052ac        0x8 c:/devkitPro/libctru/lib\libctru.a(svc.o)
                0x001052ac                svcReleaseMutex
 .text.svcCreateEvent
                0x001052b4       0x14 c:/devkitPro/libctru/lib\libctru.a(svc.o)
                0x001052b4                svcCreateEvent
 .text.svcSignalEvent
                0x001052c8        0x8 c:/devkitPro/libctru/lib\libctru.a(svc.o)
                0x001052c8                svcSignalEvent
 .text.svcClearEvent
                0x001052d0        0x8 c:/devkitPro/libctru/lib\libctru.a(svc.o)
                0x001052d0                svcClearEvent
 .text.svcCreateMemoryBlock
                0x001052d8       0x18 c:/devkitPro/libctru/lib\libctru.a(svc.o)
                0x001052d8                svcCreateMemoryBlock
 .text.svcMapMemoryBlock
                0x001052f0        0x8 c:/devkitPro/libctru/lib\libctru.a(svc.o)
                0x001052f0                svcMapMemoryBlock
 .text.svcUnmapMemoryBlock
                0x001052f8        0x8 c:/devkitPro/libctru/lib\libctru.a(svc.o)
                0x001052f8                svcUnmapMemoryBlock
 .text.svcCreateAddressArbiter
                0x00105300       0x14 c:/devkitPro/libctru/lib\libctru.a(svc.o)
                0x00105300                svcCreateAddressArbiter
 .text.svcArbitrateAddress
                0x00105314       0x18 c:/devkitPro/libctru/lib\libctru.a(svc.o)
                0x00105314                svcArbitrateAddress
 .text.svcCloseHandle
                0x0010532c        0x8 c:/devkitPro/libctru/lib\libctru.a(svc.o)
                0x0010532c                svcCloseHandle
 .text.svcWaitSynchronization
                0x00105334        0x8 c:/devkitPro/libctru/lib\libctru.a(svc.o)
                0x00105334                svcWaitSynchronization
 .text.svcWaitSynchronizationN
                0x0010533c       0x28 c:/devkitPro/libctru/lib\libctru.a(svc.o)
                0x0010533c                svcWaitSynchronizationN
 .text.svcDuplicateHandle
                0x00105364       0x14 c:/devkitPro/libctru/lib\libctru.a(svc.o)
                0x00105364                svcDuplicateHandle
 .text.svcGetSystemTick
                0x00105378        0x8 c:/devkitPro/libctru/lib\libctru.a(svc.o)
                0x00105378                svcGetSystemTick
 .text.svcGetSystemInfo
                0x00105380       0x18 c:/devkitPro/libctru/lib\libctru.a(svc.o)
                0x00105380                svcGetSystemInfo
 .text.svcConnectToPort
                0x00105398       0x14 c:/devkitPro/libctru/lib\libctru.a(svc.o)
                0x00105398                svcConnectToPort
 .text.svcSendSyncRequest
                0x001053ac        0x8 c:/devkitPro/libctru/lib\libctru.a(svc.o)
                0x001053ac                svcSendSyncRequest
 .text.svcBreak
                0x001053b4        0x8 c:/devkitPro/libctru/lib\libctru.a(svc.o)
                0x001053b4                svcBreak
 .text.svcOutputDebugString
                0x001053bc        0x8 c:/devkitPro/libctru/lib\libctru.a(svc.o)
                0x001053bc                svcOutputDebugString
 .text._ZL21addrMapNodeComparatorPK11rbtree_nodeS1_
                0x001053c4       0x24 c:/devkitPro/libctru/lib\libctru.a(linear.o)
 .text._ZL21addrMapNodeDestructorP11rbtree_node
                0x001053e8        0x4 c:/devkitPro/libctru/lib\libctru.a(linear.o)
 .text.linearMemAlign
                0x001053ec      0x13c c:/devkitPro/libctru/lib\libctru.a(linear.o)
                0x001053ec                linearMemAlign
 .text.linearAlloc
                0x00105528        0x8 c:/devkitPro/libctru/lib\libctru.a(linear.o)
                0x00105528                linearAlloc
 .text.linearFree
                0x00105530       0x50 c:/devkitPro/libctru/lib\libctru.a(linear.o)
                0x00105530                linearFree
 .text._ZL21addrMapNodeComparatorPK11rbtree_nodeS1_
                0x00105580       0x24 c:/devkitPro/libctru/lib\libctru.a(mappable.o)
 .text._ZL21addrMapNodeDestructorP11rbtree_node
                0x001055a4        0x4 c:/devkitPro/libctru/lib\libctru.a(mappable.o)
 .text.mappableAlloc
                0x001055a8       0xf4 c:/devkitPro/libctru/lib\libctru.a(mappable.o)
                0x001055a8                mappableAlloc
 .text.mappableFree
                0x0010569c       0x50 c:/devkitPro/libctru/lib\libctru.a(mappable.o)
                0x0010569c                mappableFree
 .text._ZL21addrMapNodeComparatorPK11rbtree_nodeS1_
                0x001056ec       0x24 c:/devkitPro/libctru/lib\libctru.a(vram.o)
 .text._ZL21addrMapNodeDestructorP11rbtree_node
                0x00105710        0x4 c:/devkitPro/libctru/lib\libctru.a(vram.o)
 .text.vramMemAlign
                0x00105714      0x12c c:/devkitPro/libctru/lib\libctru.a(vram.o)
                0x00105714                vramMemAlign
 .text.vramAlloc
                0x00105840        0x8 c:/devkitPro/libctru/lib\libctru.a(vram.o)
                0x00105840                vramAlloc
 .text.vramFree
                0x00105848       0x50 c:/devkitPro/libctru/lib\libctru.a(vram.o)
                0x00105848                vramFree
 .text.threadCreate
                0x00105898      0x1bc c:/devkitPro/libctru/lib\libctru.a(thread.o)
                0x00105898                threadCreate
 .text.threadJoin
                0x00105a54       0x24 c:/devkitPro/libctru/lib\libctru.a(thread.o)
                0x00105a54                threadJoin
 .text.threadExit
                0x00105a78       0x70 c:/devkitPro/libctru/lib\libctru.a(thread.o)
                0x00105a78                threadExit
 .text._thread_begin
                0x00105ae8       0x40 c:/devkitPro/libctru/lib\libctru.a(thread.o)
 .text.srvExit  0x00105b28       0x50 c:/devkitPro/libctru/lib\libctru.a(srv.o)
                0x00105b28                srvExit
 .text.srvRegisterClient
                0x00105b78       0x38 c:/devkitPro/libctru/lib\libctru.a(srv.o)
                0x00105b78                srvRegisterClient
 .text.srvInit  0x00105bb0       0x78 c:/devkitPro/libctru/lib\libctru.a(srv.o)
                0x00105bb0                srvInit
 .text.srvGetServiceHandleDirect
                0x00105c28       0x68 c:/devkitPro/libctru/lib\libctru.a(srv.o)
                0x00105c28                srvGetServiceHandleDirect
 .text.srvGetServiceHandle
                0x00105c90       0x38 c:/devkitPro/libctru/lib\libctru.a(srv.o)
                0x00105c90                srvGetServiceHandle
 .text.getSysTime
                0x00105cc8       0x58 c:/devkitPro/libctru/lib\libctru.a(os.o)
 .text.osGetMemRegionUsed
                0x00105d20       0x24 c:/devkitPro/libctru/lib\libctru.a(os.o)
                0x00105d20                osGetMemRegionUsed
 *fill*         0x00105d44        0x4 
 .text.__libctru_gtod
                0x00105d48       0xf4 c:/devkitPro/libctru/lib\libctru.a(os.o)
                0x00105d48                __libctru_gtod
 .text.__ctru_speedup_config
                0x00105e3c       0x34 c:/devkitPro/libctru/lib\libctru.a(os.o)
                0x00105e3c                __ctru_speedup_config
 .text.envGetHandle
                0x00105e70       0x84 c:/devkitPro/libctru/lib\libctru.a(env.o)
                0x00105e70                envGetHandle
 .text.envDestroyHandles
                0x00105ef4       0x4c c:/devkitPro/libctru/lib\libctru.a(env.o)
                0x00105ef4                envDestroyHandles
 .text.LightLock_Unlock.part.1
                0x00105f40       0x34 c:/devkitPro/libctru/lib\libctru.a(synchronization.o)
 .text.__sync_init
                0x00105f74        0xc c:/devkitPro/libctru/lib\libctru.a(synchronization.o)
                0x00105f74                __sync_init
 .text.__sync_fini
                0x00105f80       0x18 c:/devkitPro/libctru/lib\libctru.a(synchronization.o)
                0x00105f80                __sync_fini
 .text.__sync_get_arbiter
                0x00105f98       0x10 c:/devkitPro/libctru/lib\libctru.a(synchronization.o)
                0x00105f98                __sync_get_arbiter
 .text.LightLock_Init
                0x00105fa8       0x18 c:/devkitPro/libctru/lib\libctru.a(synchronization.o)
                0x00105fa8                LightLock_Init
 .text.LightLock_Lock
                0x00105fc0       0xa0 c:/devkitPro/libctru/lib\libctru.a(synchronization.o)
                0x00105fc0                LightLock_Lock
 .text.LightLock_TryLock
                0x00106060       0x34 c:/devkitPro/libctru/lib\libctru.a(synchronization.o)
                0x00106060                LightLock_TryLock
 .text.LightLock_Unlock
                0x00106094       0x20 c:/devkitPro/libctru/lib\libctru.a(synchronization.o)
                0x00106094                LightLock_Unlock
 .text.RecursiveLock_Init
                0x001060b4       0x24 c:/devkitPro/libctru/lib\libctru.a(synchronization.o)
                0x001060b4                RecursiveLock_Init
 .text.RecursiveLock_Lock
                0x001060d8       0x30 c:/devkitPro/libctru/lib\libctru.a(synchronization.o)
                0x001060d8                RecursiveLock_Lock
 .text.RecursiveLock_TryLock
                0x00106108       0x58 c:/devkitPro/libctru/lib\libctru.a(synchronization.o)
                0x00106108                RecursiveLock_TryLock
 .text.RecursiveLock_Unlock
                0x00106160       0x38 c:/devkitPro/libctru/lib\libctru.a(synchronization.o)
                0x00106160                RecursiveLock_Unlock
 .text.LightEvent_Init
                0x00106198       0x38 c:/devkitPro/libctru/lib\libctru.a(synchronization.o)
                0x00106198                LightEvent_Init
 .text.LightEvent_Clear
                0x001061d0       0x7c c:/devkitPro/libctru/lib\libctru.a(synchronization.o)
                0x001061d0                LightEvent_Clear
 .text.LightEvent_Signal
                0x0010624c       0xdc c:/devkitPro/libctru/lib\libctru.a(synchronization.o)
                0x0010624c                LightEvent_Signal
 .text.LightEvent_Wait
                0x00106328       0xd0 c:/devkitPro/libctru/lib\libctru.a(synchronization.o)
                0x00106328                LightEvent_Wait
 .text.ptmSysmInit
                0x001063f8       0x70 c:/devkitPro/libctru/lib\libctru.a(ptmsysm.o)
                0x001063f8                ptmSysmInit
 .text.ptmSysmExit
                0x00106468       0x34 c:/devkitPro/libctru/lib\libctru.a(ptmsysm.o)
                0x00106468                ptmSysmExit
 .text.PTMSYSM_ConfigureNew3DSCPU
                0x0010649c       0x34 c:/devkitPro/libctru/lib\libctru.a(ptmsysm.o)
                0x0010649c                PTMSYSM_ConfigureNew3DSCPU
 .text.rbtree_find
                0x001064d0       0x70 c:/devkitPro/libctru/lib\libctru.a(rbtree_find.o)
                0x001064d0                rbtree_find
 .text.rbtree_remove
                0x00106540      0x324 c:/devkitPro/libctru/lib\libctru.a(rbtree_remove.o)
                0x00106540                rbtree_remove
 .text.rbtree_node_next
                0x00106864       0x74 c:/devkitPro/libctru/lib\libctru.a(rbtree_iterator.o)
                0x00106864                rbtree_node_next
 .text.rbtree_rotate
                0x001068d8       0x94 c:/devkitPro/libctru/lib\libctru.a(rbtree_rotate.o)
                0x001068d8                rbtree_rotate
 .text.do_insert
                0x0010696c      0x18c c:/devkitPro/libctru/lib\libctru.a(rbtree_insert.o)
 .text.rbtree_insert
                0x00106af8        0x8 c:/devkitPro/libctru/lib\libctru.a(rbtree_insert.o)
                0x00106af8                rbtree_insert
 .text.rbtree_init
                0x00106b00       0x14 c:/devkitPro/libctru/lib\libctru.a(rbtree_init.o)
                0x00106b00                rbtree_init
 .text.__libctru_exit
                0x00106b14       0xa4 c:/devkitPro/libctru/lib\libctru.a(ctru_exit.o)
                0x00106b14                __libctru_exit
 .text.__appExit
                0x00106bb8       0x1c c:/devkitPro/libctru/lib\libctru.a(appExit.o)
                0x00106bb8                __appExit
 .text.osGetMemRegionSize
                0x00106bd4       0x58 c:/devkitPro/libctru/lib\libctru.a(allocateHeaps.o)
 .text.__system_allocateHeaps
                0x00106c2c      0x104 c:/devkitPro/libctru/lib\libctru.a(allocateHeaps.o)
                0x00106c2c                __system_allocateHeaps
 .text.__ctru_get_reent
                0x00106d30       0x30 c:/devkitPro/libctru/lib\libctru.a(syscalls.o)
 .text.__system_initSyscalls
                0x00106d60       0xe4 c:/devkitPro/libctru/lib\libctru.a(syscalls.o)
                0x00106d60                __system_initSyscalls
 .text.__appInit
                0x00106e44       0x1c c:/devkitPro/libctru/lib\libctru.a(appInit.o)
                0x00106e44                __appInit
 .text._ZN7MemPool13CoalesceRightEP8MemBlock
                0x00106e60       0x98 c:/devkitPro/libctru/lib\libctru.a(mem_pool.o)
                0x00106e60                MemPool::CoalesceRight(MemBlock*)
 .text._ZN7MemPool8AllocateER8MemChunkmi
                0x00106ef8      0x178 c:/devkitPro/libctru/lib\libctru.a(mem_pool.o)
                0x00106ef8                MemPool::Allocate(MemChunk&, unsigned long, int)
 .text._ZN7MemPool10DeallocateERK8MemChunk
                0x00107070      0x100 c:/devkitPro/libctru/lib\libctru.a(mem_pool.o)
                0x00107070                MemPool::Deallocate(MemChunk const&)
 .text.sdmc_link
                0x00107170       0x10 c:/devkitPro/libctru/lib\libctru.a(sdmc_dev.o)
 .text.sdmc_dirreset
                0x00107180       0x10 c:/devkitPro/libctru/lib\libctru.a(sdmc_dev.o)
 .text.sdmc_fchmod
                0x00107190       0x10 c:/devkitPro/libctru/lib\libctru.a(sdmc_dev.o)
 .text.error_cmp
                0x001071a0       0x24 c:/devkitPro/libctru/lib\libctru.a(sdmc_dev.o)
 .text.sdmc_translate_error
                0x001071c4       0x50 c:/devkitPro/libctru/lib\libctru.a(sdmc_dev.o)
 .text.sdmc_fsync
                0x00107214       0x34 c:/devkitPro/libctru/lib\libctru.a(sdmc_dev.o)
 .text.sdmc_ftruncate
                0x00107248       0x54 c:/devkitPro/libctru/lib\libctru.a(sdmc_dev.o)
 .text.sdmc_statvfs
                0x0010729c       0xb8 c:/devkitPro/libctru/lib\libctru.a(sdmc_dev.o)
 .text.sdmc_dirclose
                0x00107354       0x38 c:/devkitPro/libctru/lib\libctru.a(sdmc_dev.o)
 .text.sdmc_dirnext
                0x0010738c      0x138 c:/devkitPro/libctru/lib\libctru.a(sdmc_dev.o)
 .text.sdmc_close
                0x001074c4       0x34 c:/devkitPro/libctru/lib\libctru.a(sdmc_dev.o)
 .text.sdmc_fstat
                0x001074f8       0x74 c:/devkitPro/libctru/lib\libctru.a(sdmc_dev.o)
 .text.sdmc_seek
                0x0010756c       0xd8 c:/devkitPro/libctru/lib\libctru.a(sdmc_dev.o)
 .text.sdmc_read
                0x00107644       0x84 c:/devkitPro/libctru/lib\libctru.a(sdmc_dev.o)
 .text.sdmc_write
                0x001076c8       0xb8 c:/devkitPro/libctru/lib\libctru.a(sdmc_dev.o)
 .text.sdmc_utf16path
                0x00107780      0x1b4 c:/devkitPro/libctru/lib\libctru.a(sdmc_dev.o)
 .text.sdmc_rmdir
                0x00107934       0x74 c:/devkitPro/libctru/lib\libctru.a(sdmc_dev.o)
 .text.sdmc_diropen
                0x001079a8       0xa4 c:/devkitPro/libctru/lib\libctru.a(sdmc_dev.o)
 .text.sdmc_chdir
                0x00107a4c       0xa0 c:/devkitPro/libctru/lib\libctru.a(sdmc_dev.o)
 .text.sdmc_mkdir
                0x00107aec       0x98 c:/devkitPro/libctru/lib\libctru.a(sdmc_dev.o)
 .text.sdmc_rename
                0x00107b84      0x108 c:/devkitPro/libctru/lib\libctru.a(sdmc_dev.o)
 .text.sdmc_unlink
                0x00107c8c       0x74 c:/devkitPro/libctru/lib\libctru.a(sdmc_dev.o)
 .text.sdmc_stat
                0x00107d00      0x108 c:/devkitPro/libctru/lib\libctru.a(sdmc_dev.o)
 .text.sdmc_open
                0x00107e08      0x188 c:/devkitPro/libctru/lib\libctru.a(sdmc_dev.o)
 .text.sdmc_chmod
                0x00107f90       0x10 c:/devkitPro/libctru/lib\libctru.a(sdmc_dev.o)
 .text.sdmcInit
                0x00107fa0      0x15c c:/devkitPro/libctru/lib\libctru.a(sdmc_dev.o)
                0x00107fa0                sdmcInit
 .text.sdmcExit
                0x001080fc       0x58 c:/devkitPro/libctru/lib\libctru.a(sdmc_dev.o)
                0x001080fc                sdmcExit
 .text.fsSessionForArchive.part.0
                0x00108154       0x28 c:/devkitPro/libctru/lib\libctru.a(fs.o)
 .text.fsInit   0x0010817c       0xc8 c:/devkitPro/libctru/lib\libctru.a(fs.o)
                0x0010817c                fsInit
 .text.fsExit   0x00108244       0x38 c:/devkitPro/libctru/lib\libctru.a(fs.o)
                0x00108244                fsExit
 .text.fsExemptFromSession
                0x0010827c       0xa0 c:/devkitPro/libctru/lib\libctru.a(fs.o)
                0x0010827c                fsExemptFromSession
 .text.fsUnexemptFromSession
                0x0010831c       0x54 c:/devkitPro/libctru/lib\libctru.a(fs.o)
                0x0010831c                fsUnexemptFromSession
 .text.FSUSER_OpenFile
                0x00108370       0xbc c:/devkitPro/libctru/lib\libctru.a(fs.o)
                0x00108370                FSUSER_OpenFile
 .text.FSUSER_DeleteFile
                0x0010842c       0xa4 c:/devkitPro/libctru/lib\libctru.a(fs.o)
                0x0010842c                FSUSER_DeleteFile
 .text.FSUSER_RenameFile
                0x001084d0       0xe0 c:/devkitPro/libctru/lib\libctru.a(fs.o)
                0x001084d0                FSUSER_RenameFile
 .text.FSUSER_DeleteDirectory
                0x001085b0       0xa4 c:/devkitPro/libctru/lib\libctru.a(fs.o)
                0x001085b0                FSUSER_DeleteDirectory
 .text.FSUSER_CreateFile
                0x00108654       0xbc c:/devkitPro/libctru/lib\libctru.a(fs.o)
                0x00108654                FSUSER_CreateFile
 .text.FSUSER_CreateDirectory
                0x00108710       0xac c:/devkitPro/libctru/lib\libctru.a(fs.o)
                0x00108710                FSUSER_CreateDirectory
 .text.FSUSER_RenameDirectory
                0x001087bc       0xe0 c:/devkitPro/libctru/lib\libctru.a(fs.o)
                0x001087bc                FSUSER_RenameDirectory
 .text.FSUSER_OpenDirectory
                0x0010889c       0xa4 c:/devkitPro/libctru/lib\libctru.a(fs.o)
                0x0010889c                FSUSER_OpenDirectory
 .text.FSUSER_OpenArchive
                0x00108940       0x98 c:/devkitPro/libctru/lib\libctru.a(fs.o)
                0x00108940                FSUSER_OpenArchive
 .text.FSUSER_CloseArchive
                0x001089d8       0x74 c:/devkitPro/libctru/lib\libctru.a(fs.o)
                0x001089d8                FSUSER_CloseArchive
 .text.FSUSER_GetSdmcArchiveResource
                0x00108a4c       0x78 c:/devkitPro/libctru/lib\libctru.a(fs.o)
                0x00108a4c                FSUSER_GetSdmcArchiveResource
 .text.FSUSER_IsSdmcWritable
                0x00108ac4       0x64 c:/devkitPro/libctru/lib\libctru.a(fs.o)
                0x00108ac4                FSUSER_IsSdmcWritable
 .text.FSFILE_Read
                0x00108b28       0x5c c:/devkitPro/libctru/lib\libctru.a(fs.o)
                0x00108b28                FSFILE_Read
 .text.FSFILE_Write
                0x00108b84       0x64 c:/devkitPro/libctru/lib\libctru.a(fs.o)
                0x00108b84                FSFILE_Write
 .text.FSFILE_GetSize
                0x00108be8       0x3c c:/devkitPro/libctru/lib\libctru.a(fs.o)
                0x00108be8                FSFILE_GetSize
 .text.FSFILE_SetSize
                0x00108c24       0x2c c:/devkitPro/libctru/lib\libctru.a(fs.o)
                0x00108c24                FSFILE_SetSize
 .text.FSFILE_Close
                0x00108c50       0x3c c:/devkitPro/libctru/lib\libctru.a(fs.o)
                0x00108c50                FSFILE_Close
 .text.FSFILE_Flush
                0x00108c8c       0x24 c:/devkitPro/libctru/lib\libctru.a(fs.o)
                0x00108c8c                FSFILE_Flush
 .text.FSDIR_Read
                0x00108cb0       0x54 c:/devkitPro/libctru/lib\libctru.a(fs.o)
                0x00108cb0                FSDIR_Read
 .text.FSDIR_Close
                0x00108d04       0x3c c:/devkitPro/libctru/lib\libctru.a(fs.o)
                0x00108d04                FSDIR_Close
 .text.utf16_to_utf8
                0x00108d40       0xe8 c:/devkitPro/libctru/lib\libctru.a(utf16_to_utf8.o)
                0x00108d40                utf16_to_utf8
 .text.encode_utf8
                0x00108e28      0x104 c:/devkitPro/libctru/lib\libctru.a(encode_utf8.o)
                0x00108e28                encode_utf8
 .text.__aeabi_read_tp
                0x00108f2c        0xc c:/devkitPro/libctru/lib\libctru.a(readtp.o)
                0x00108f2c                __aeabi_read_tp
 .text.decode_utf16
                0x00108f38       0x60 c:/devkitPro/libctru/lib\libctru.a(decode_utf16.o)
                0x00108f38                decode_utf16
 .text.__udivmoddi4
                0x00108f98      0x128 c:/devkitpro/devkitarm/bin/../lib/gcc/arm-none-eabi/6.3.0/armv6k/fpu\libgcc.a(_udivmoddi4.o)
                0x00108f98                __udivmoddi4
 .text.bsearch  0x001090c0       0x74 c:/devkitpro/devkitarm/bin/../lib/gcc/arm-none-eabi/6.3.0/../../../../arm-none-eabi/lib/armv6k/fpu\libg.a(lib_a-bsearch.o)
                0x001090c0                bsearch
 .text._calloc_r
                0x00109134       0x90 c:/devkitpro/devkitarm/bin/../lib/gcc/arm-none-eabi/6.3.0/../../../../arm-none-eabi/lib/armv6k/fpu\libg.a(lib_a-callocr.o)
                0x00109134                _calloc_r
 .text.__errno  0x001091c4        0xc c:/devkitpro/devkitarm/bin/../lib/gcc/arm-none-eabi/6.3.0/../../../../arm-none-eabi/lib/armv6k/fpu\libg.a(lib_a-errno.o)
                0x001091c4                __errno
 .text._fclose_r
                0x001091d0      0x154 c:/devkitpro/devkitarm/bin/../lib/gcc/arm-none-eabi/6.3.0/../../../../arm-none-eabi/lib/armv6k/fpu\libg.a(lib_a-fclose.o)
                0x001091d0                _fclose_r
 .text.fclose   0x00109324       0x18 c:/devkitpro/devkitarm/bin/../lib/gcc/arm-none-eabi/6.3.0/../../../../arm-none-eabi/lib/armv6k/fpu\libg.a(lib_a-fclose.o)
                0x00109324                fclose
 .text.__sflush_r
                0x0010933c      0x254 c:/devkitpro/devkitarm/bin/../lib/gcc/arm-none-eabi/6.3.0/../../../../arm-none-eabi/lib/armv6k/fpu\libg.a(lib_a-fflush.o)
                0x0010933c                __sflush_r
 .text._fflush_r
                0x00109590       0x94 c:/devkitpro/devkitarm/bin/../lib/gcc/arm-none-eabi/6.3.0/../../../../arm-none-eabi/lib/armv6k/fpu\libg.a(lib_a-fflush.o)
                0x00109590                _fflush_r
 .text.fflush   0x00109624       0x38 c:/devkitpro/devkitarm/bin/../lib/gcc/arm-none-eabi/6.3.0/../../../../arm-none-eabi/lib/armv6k/fpu\libg.a(lib_a-fflush.o)
                0x00109624                fflush
 .text._cleanup_r
                0x0010965c        0xc c:/devkitpro/devkitarm/bin/../lib/gcc/arm-none-eabi/6.3.0/../../../../arm-none-eabi/lib/armv6k/fpu\libg.a(lib_a-findfp.o)
                0x0010965c                _cleanup_r
 .text.std.isra.0
                0x00109668       0x80 c:/devkitpro/devkitarm/bin/../lib/gcc/arm-none-eabi/6.3.0/../../../../arm-none-eabi/lib/armv6k/fpu\libg.a(lib_a-findfp.o)
 .text.__sfmoreglue
                0x001096e8       0x48 c:/devkitpro/devkitarm/bin/../lib/gcc/arm-none-eabi/6.3.0/../../../../arm-none-eabi/lib/armv6k/fpu\libg.a(lib_a-findfp.o)
                0x001096e8                __sfmoreglue
 .text.__sinit  0x00109730       0x8c c:/devkitpro/devkitarm/bin/../lib/gcc/arm-none-eabi/6.3.0/../../../../arm-none-eabi/lib/armv6k/fpu\libg.a(lib_a-findfp.o)
                0x00109730                __sinit
 .text.__sfp    0x001097bc      0x118 c:/devkitpro/devkitarm/bin/../lib/gcc/arm-none-eabi/6.3.0/../../../../arm-none-eabi/lib/armv6k/fpu\libg.a(lib_a-findfp.o)
                0x001097bc                __sfp
 .text.__sfp_lock_acquire
                0x001098d4        0xc c:/devkitpro/devkitarm/bin/../lib/gcc/arm-none-eabi/6.3.0/../../../../arm-none-eabi/lib/armv6k/fpu\libg.a(lib_a-findfp.o)
                0x001098d4                __sfp_lock_acquire
 .text.__sfp_lock_release
                0x001098e0        0xc c:/devkitpro/devkitarm/bin/../lib/gcc/arm-none-eabi/6.3.0/../../../../arm-none-eabi/lib/armv6k/fpu\libg.a(lib_a-findfp.o)
                0x001098e0                __sfp_lock_release
 .text.__libc_fini_array
                0x001098ec       0x40 c:/devkitpro/devkitarm/bin/../lib/gcc/arm-none-eabi/6.3.0/../../../../arm-none-eabi/lib/armv6k/fpu\libg.a(lib_a-fini.o)
                0x001098ec                __libc_fini_array
 .text._fopen_r
                0x0010992c      0x148 c:/devkitpro/devkitarm/bin/../lib/gcc/arm-none-eabi/6.3.0/../../../../arm-none-eabi/lib/armv6k/fpu\libg.a(lib_a-fopen.o)
                0x0010992c                _fopen_r
 .text.fopen    0x00109a74       0x20 c:/devkitpro/devkitarm/bin/../lib/gcc/arm-none-eabi/6.3.0/../../../../arm-none-eabi/lib/armv6k/fpu\libg.a(lib_a-fopen.o)
                0x00109a74                fopen
 .text._malloc_trim_r
                0x00109a94       0xf8 c:/devkitpro/devkitarm/bin/../lib/gcc/arm-none-eabi/6.3.0/../../../../arm-none-eabi/lib/armv6k/fpu\libg.a(lib_a-freer.o)
                0x00109a94                _malloc_trim_r
 .text._free_r  0x00109b8c      0x2e4 c:/devkitpro/devkitarm/bin/../lib/gcc/arm-none-eabi/6.3.0/../../../../arm-none-eabi/lib/armv6k/fpu\libg.a(lib_a-freer.o)
                0x00109b8c                _free_r
 .text._fseek_r
                0x00109e70        0x4 c:/devkitpro/devkitarm/bin/../lib/gcc/arm-none-eabi/6.3.0/../../../../arm-none-eabi/lib/armv6k/fpu\libg.a(lib_a-fseek.o)
                0x00109e70                _fseek_r
 .text._fseeko_r
                0x00109e74      0x5d4 c:/devkitpro/devkitarm/bin/../lib/gcc/arm-none-eabi/6.3.0/../../../../arm-none-eabi/lib/armv6k/fpu\libg.a(lib_a-fseeko.o)
                0x00109e74                _fseeko_r
 .text._fwalk   0x0010a448       0x78 c:/devkitpro/devkitarm/bin/../lib/gcc/arm-none-eabi/6.3.0/../../../../arm-none-eabi/lib/armv6k/fpu\libg.a(lib_a-fwalk.o)
                0x0010a448                _fwalk
 .text._fwalk_reent
                0x0010a4c0       0x80 c:/devkitpro/devkitarm/bin/../lib/gcc/arm-none-eabi/6.3.0/../../../../arm-none-eabi/lib/armv6k/fpu\libg.a(lib_a-fwalk.o)
                0x0010a4c0                _fwalk_reent
 .text._fwrite_r
                0x0010a540       0xf4 c:/devkitpro/devkitarm/bin/../lib/gcc/arm-none-eabi/6.3.0/../../../../arm-none-eabi/lib/armv6k/fpu\libg.a(lib_a-fwrite.o)
                0x0010a540                _fwrite_r
 .text.fwrite   0x0010a634       0x38 c:/devkitpro/devkitarm/bin/../lib/gcc/arm-none-eabi/6.3.0/../../../../arm-none-eabi/lib/armv6k/fpu\libg.a(lib_a-fwrite.o)
                0x0010a634                fwrite
 .text.__libc_init_array
                0x0010a66c       0x78 c:/devkitpro/devkitarm/bin/../lib/gcc/arm-none-eabi/6.3.0/../../../../arm-none-eabi/lib/armv6k/fpu\libg.a(lib_a-init.o)
                0x0010a66c                __libc_init_array
 .text.__swhatbuf_r
                0x0010a6e4       0x94 c:/devkitpro/devkitarm/bin/../lib/gcc/arm-none-eabi/6.3.0/../../../../arm-none-eabi/lib/armv6k/fpu\libg.a(lib_a-makebuf.o)
                0x0010a6e4                __swhatbuf_r
 .text.__smakebuf_r
                0x0010a778       0xf4 c:/devkitpro/devkitarm/bin/../lib/gcc/arm-none-eabi/6.3.0/../../../../arm-none-eabi/lib/armv6k/fpu\libg.a(lib_a-makebuf.o)
                0x0010a778                __smakebuf_r
 .text.memalign
                0x0010a86c       0x20 c:/devkitpro/devkitarm/bin/../lib/gcc/arm-none-eabi/6.3.0/../../../../arm-none-eabi/lib/armv6k/fpu\libg.a(lib_a-malign.o)
                0x0010a86c                memalign
 .text._memalign_r
                0x0010a88c      0x158 c:/devkitpro/devkitarm/bin/../lib/gcc/arm-none-eabi/6.3.0/../../../../arm-none-eabi/lib/armv6k/fpu\libg.a(lib_a-malignr.o)
                0x0010a88c                _memalign_r
 .text.malloc   0x0010a9e4       0x18 c:/devkitpro/devkitarm/bin/../lib/gcc/arm-none-eabi/6.3.0/../../../../arm-none-eabi/lib/armv6k/fpu\libg.a(lib_a-malloc.o)
                0x0010a9e4                malloc
 .text.free     0x0010a9fc       0x18 c:/devkitpro/devkitarm/bin/../lib/gcc/arm-none-eabi/6.3.0/../../../../arm-none-eabi/lib/armv6k/fpu\libg.a(lib_a-malloc.o)
                0x0010a9fc                free
 .text._malloc_r
                0x0010aa14      0x78c c:/devkitpro/devkitarm/bin/../lib/gcc/arm-none-eabi/6.3.0/../../../../arm-none-eabi/lib/armv6k/fpu\libg.a(lib_a-mallocr.o)
                0x0010aa14                _malloc_r
 .text.memchr   0x0010b1a0      0x104 c:/devkitpro/devkitarm/bin/../lib/gcc/arm-none-eabi/6.3.0/../../../../arm-none-eabi/lib/armv6k/fpu\libg.a(lib_a-memchr-stub.o)
                0x0010b1a0                memchr
 .text.memcpy   0x0010b2a4      0x114 c:/devkitpro/devkitarm/bin/../lib/gcc/arm-none-eabi/6.3.0/../../../../arm-none-eabi/lib/armv6k/fpu\libg.a(lib_a-memcpy-stub.o)
                0x0010b2a4                memcpy
 .text.memset   0x0010b3b8      0x110 c:/devkitpro/devkitarm/bin/../lib/gcc/arm-none-eabi/6.3.0/../../../../arm-none-eabi/lib/armv6k/fpu\libg.a(lib_a-memset.o)
                0x0010b3b8                memset
 .text.__malloc_lock
                0x0010b4c8        0xc c:/devkitpro/devkitarm/bin/../lib/gcc/arm-none-eabi/6.3.0/../../../../arm-none-eabi/lib/armv6k/fpu\libg.a(lib_a-mlock.o)
                0x0010b4c8                __malloc_lock
 .text.__malloc_unlock
                0x0010b4d4        0xc c:/devkitpro/devkitarm/bin/../lib/gcc/arm-none-eabi/6.3.0/../../../../arm-none-eabi/lib/armv6k/fpu\libg.a(lib_a-mlock.o)
                0x0010b4d4                __malloc_unlock
 .text.printf   0x0010b4e0       0x38 c:/devkitpro/devkitarm/bin/../lib/gcc/arm-none-eabi/6.3.0/../../../../arm-none-eabi/lib/armv6k/fpu\libg.a(lib_a-printf.o)
                0x0010b4e0                printf
 .text.putchar  0x0010b518       0x1c c:/devkitpro/devkitarm/bin/../lib/gcc/arm-none-eabi/6.3.0/../../../../arm-none-eabi/lib/armv6k/fpu\libg.a(lib_a-putchar.o)
                0x0010b518                putchar
 .text._putc_r  0x0010b534       0xd4 c:/devkitpro/devkitarm/bin/../lib/gcc/arm-none-eabi/6.3.0/../../../../arm-none-eabi/lib/armv6k/fpu\libg.a(lib_a-putc.o)
                0x0010b534                _putc_r
 .text._puts_r  0x0010b608       0xe0 c:/devkitpro/devkitarm/bin/../lib/gcc/arm-none-eabi/6.3.0/../../../../arm-none-eabi/lib/armv6k/fpu\libg.a(lib_a-puts.o)
                0x0010b608                _puts_r
 .text.puts     0x0010b6e8       0x18 c:/devkitpro/devkitarm/bin/../lib/gcc/arm-none-eabi/6.3.0/../../../../arm-none-eabi/lib/armv6k/fpu\libg.a(lib_a-puts.o)
                0x0010b6e8                puts
 .text.realloc  0x0010b700       0x20 c:/devkitpro/devkitarm/bin/../lib/gcc/arm-none-eabi/6.3.0/../../../../arm-none-eabi/lib/armv6k/fpu\libg.a(lib_a-realloc.o)
                0x0010b700                realloc
 .text._realloc_r
                0x0010b720      0x4cc c:/devkitpro/devkitarm/bin/../lib/gcc/arm-none-eabi/6.3.0/../../../../arm-none-eabi/lib/armv6k/fpu\libg.a(lib_a-reallocr.o)
                0x0010b720                _realloc_r
 .text.lflush   0x0010bbec       0x1c c:/devkitpro/devkitarm/bin/../lib/gcc/arm-none-eabi/6.3.0/../../../../arm-none-eabi/lib/armv6k/fpu\libg.a(lib_a-refill.o)
 .text.__srefill_r
                0x0010bc08      0x1b4 c:/devkitpro/devkitarm/bin/../lib/gcc/arm-none-eabi/6.3.0/../../../../arm-none-eabi/lib/armv6k/fpu\libg.a(lib_a-refill.o)
                0x0010bc08                __srefill_r
 .text.remove   0x0010bdbc       0x28 c:/devkitpro/devkitarm/bin/../lib/gcc/arm-none-eabi/6.3.0/../../../../arm-none-eabi/lib/armv6k/fpu\libg.a(lib_a-remove.o)
                0x0010bdbc                remove
 .text.setvbuf  0x0010bde4      0x258 c:/devkitpro/devkitarm/bin/../lib/gcc/arm-none-eabi/6.3.0/../../../../arm-none-eabi/lib/armv6k/fpu\libg.a(lib_a-setvbuf.o)
                0x0010bde4                setvbuf
 .text.sscanf   0x0010c03c       0x74 c:/devkitpro/devkitarm/bin/../lib/gcc/arm-none-eabi/6.3.0/../../../../arm-none-eabi/lib/armv6k/fpu\libg.a(lib_a-sscanf.o)
                0x0010c03c                sscanf
 .text.__sread  0x0010c0b0       0x3c c:/devkitpro/devkitarm/bin/../lib/gcc/arm-none-eabi/6.3.0/../../../../arm-none-eabi/lib/armv6k/fpu\libg.a(lib_a-stdio.o)
                0x0010c0b0                __sread
 .text.__seofread
                0x0010c0ec        0x8 c:/devkitpro/devkitarm/bin/../lib/gcc/arm-none-eabi/6.3.0/../../../../arm-none-eabi/lib/armv6k/fpu\libg.a(lib_a-stdio.o)
                0x0010c0ec                __seofread
 .text.__swrite
                0x0010c0f4       0x64 c:/devkitpro/devkitarm/bin/../lib/gcc/arm-none-eabi/6.3.0/../../../../arm-none-eabi/lib/armv6k/fpu\libg.a(lib_a-stdio.o)
                0x0010c0f4                __swrite
 .text.__sseek  0x0010c158       0x4c c:/devkitpro/devkitarm/bin/../lib/gcc/arm-none-eabi/6.3.0/../../../../arm-none-eabi/lib/armv6k/fpu\libg.a(lib_a-stdio.o)
                0x0010c158                __sseek
 .text.__sclose
                0x0010c1a4        0x8 c:/devkitpro/devkitarm/bin/../lib/gcc/arm-none-eabi/6.3.0/../../../../arm-none-eabi/lib/armv6k/fpu\libg.a(lib_a-stdio.o)
                0x0010c1a4                __sclose
 .text.strlen   0x0010c1ac       0x5c c:/devkitpro/devkitarm/bin/../lib/gcc/arm-none-eabi/6.3.0/../../../../arm-none-eabi/lib/armv6k/fpu\libg.a(lib_a-strlen-stub.o)
                0x0010c1ac                strlen
 .text.strncat  0x0010c208       0x9c c:/devkitpro/devkitarm/bin/../lib/gcc/arm-none-eabi/6.3.0/../../../../arm-none-eabi/lib/armv6k/fpu\libg.a(lib_a-strncat.o)
                0x0010c208                strncat
 .text.strncmp  0x0010c2a4      0x108 c:/devkitpro/devkitarm/bin/../lib/gcc/arm-none-eabi/6.3.0/../../../../arm-none-eabi/lib/armv6k/fpu\libg.a(lib_a-strncmp.o)
                0x0010c2a4                strncmp
 .text.strncpy  0x0010c3ac       0xd8 c:/devkitpro/devkitarm/bin/../lib/gcc/arm-none-eabi/6.3.0/../../../../arm-none-eabi/lib/armv6k/fpu\libg.a(lib_a-strncpy.o)
                0x0010c3ac                strncpy
 .text.__ssvfscanf_r
                0x0010c484     0x290c c:/devkitpro/devkitarm/bin/../lib/gcc/arm-none-eabi/6.3.0/../../../../arm-none-eabi/lib/armv6k/fpu\libg.a(lib_a-svfscanf.o)
                0x0010c484                __ssvfscanf_r
 .text.stat     0x0010ed90       0x20 c:/devkitpro/devkitarm/bin/../lib/gcc/arm-none-eabi/6.3.0/../../../../arm-none-eabi/lib/armv6k/fpu\libg.a(lib_a-sysstat.o)
                0x0010ed90                stat
 .text.__sprint_r.part.0
                0x0010edb0       0x1c c:/devkitpro/devkitarm/bin/../lib/gcc/arm-none-eabi/6.3.0/../../../../arm-none-eabi/lib/armv6k/fpu\libg.a(lib_a-vfiprintf.o)
 .text.__sprint_r
                0x0010edcc       0x1c c:/devkitpro/devkitarm/bin/../lib/gcc/arm-none-eabi/6.3.0/../../../../arm-none-eabi/lib/armv6k/fpu\libg.a(lib_a-vfiprintf.o)
                0x0010edcc                __sprint_r
 .text.get_arg  0x0010ede8     0x1624 c:/devkitpro/devkitarm/bin/../lib/gcc/arm-none-eabi/6.3.0/../../../../arm-none-eabi/lib/armv6k/fpu\libg.a(lib_a-vfprintf.o)
 *fill*         0x0011040c        0x4 
 .text._vfprintf_r
                0x00110410     0x4314 c:/devkitpro/devkitarm/bin/../lib/gcc/arm-none-eabi/6.3.0/../../../../arm-none-eabi/lib/armv6k/fpu\libg.a(lib_a-vfprintf.o)
                0x00110410                _vfprintf_r
 .text.__sbprintf
                0x00114724       0xcc c:/devkitpro/devkitarm/bin/../lib/gcc/arm-none-eabi/6.3.0/../../../../arm-none-eabi/lib/armv6k/fpu\libg.a(lib_a-vfprintf.o)
 .text.__swbuf_r
                0x001147f0      0x108 c:/devkitpro/devkitarm/bin/../lib/gcc/arm-none-eabi/6.3.0/../../../../arm-none-eabi/lib/armv6k/fpu\libg.a(lib_a-wbuf.o)
                0x001147f0                __swbuf_r
 .text._wcrtomb_r
                0x001148f8       0xa0 c:/devkitpro/devkitarm/bin/../lib/gcc/arm-none-eabi/6.3.0/../../../../arm-none-eabi/lib/armv6k/fpu\libg.a(lib_a-wcrtomb.o)
                0x001148f8                _wcrtomb_r
 .text._wcsrtombs_r
                0x00114998       0x20 c:/devkitpro/devkitarm/bin/../lib/gcc/arm-none-eabi/6.3.0/../../../../arm-none-eabi/lib/armv6k/fpu\libg.a(lib_a-wcsrtombs.o)
                0x00114998                _wcsrtombs_r
 .text.__swsetup_r
                0x001149b8      0x144 c:/devkitpro/devkitarm/bin/../lib/gcc/arm-none-eabi/6.3.0/../../../../arm-none-eabi/lib/armv6k/fpu\libg.a(lib_a-wsetup.o)
                0x001149b8                __swsetup_r
 .text.quorem   0x00114afc      0x1d0 c:/devkitpro/devkitarm/bin/../lib/gcc/arm-none-eabi/6.3.0/../../../../arm-none-eabi/lib/armv6k/fpu\libg.a(lib_a-dtoa.o)
 *fill*         0x00114ccc        0x4 
 .text._dtoa_r  0x00114cd0     0x1260 c:/devkitpro/devkitarm/bin/../lib/gcc/arm-none-eabi/6.3.0/../../../../arm-none-eabi/lib/armv6k/fpu\libg.a(lib_a-dtoa.o)
                0x00114cd0                _dtoa_r
 .text.__sflags
                0x00115f30       0xb0 c:/devkitpro/devkitarm/bin/../lib/gcc/arm-none-eabi/6.3.0/../../../../arm-none-eabi/lib/armv6k/fpu\libg.a(lib_a-flags.o)
                0x00115f30                __sflags
 .text.__sfvwrite_r
                0x00115fe0      0x4ac c:/devkitpro/devkitarm/bin/../lib/gcc/arm-none-eabi/6.3.0/../../../../arm-none-eabi/lib/armv6k/fpu\libg.a(lib_a-fvwrite.o)
                0x00115fe0                __sfvwrite_r
 .text.iswspace
                0x0011648c       0x74 c:/devkitpro/devkitarm/bin/../lib/gcc/arm-none-eabi/6.3.0/../../../../arm-none-eabi/lib/armv6k/fpu\libg.a(lib_a-iswspace.o)
                0x0011648c                iswspace
 .text.__jp2uc  0x00116500      0x204 c:/devkitpro/devkitarm/bin/../lib/gcc/arm-none-eabi/6.3.0/../../../../arm-none-eabi/lib/armv6k/fpu\libg.a(lib_a-jp2uc.o)
 .text._jp2uc   0x00116704       0xc8 c:/devkitpro/devkitarm/bin/../lib/gcc/arm-none-eabi/6.3.0/../../../../arm-none-eabi/lib/armv6k/fpu\libg.a(lib_a-jp2uc.o)
                0x00116704                _jp2uc
 .text.__localeconv_l
                0x001167cc        0x8 c:/devkitpro/devkitarm/bin/../lib/gcc/arm-none-eabi/6.3.0/../../../../arm-none-eabi/lib/armv6k/fpu\libg.a(lib_a-localeconv.o)
                0x001167cc                __localeconv_l
 .text._localeconv_r
                0x001167d4       0x24 c:/devkitpro/devkitarm/bin/../lib/gcc/arm-none-eabi/6.3.0/../../../../arm-none-eabi/lib/armv6k/fpu\libg.a(lib_a-localeconv.o)
                0x001167d4                _localeconv_r
 .text.__locale_mb_cur_max
                0x001167f8       0x24 c:/devkitpro/devkitarm/bin/../lib/gcc/arm-none-eabi/6.3.0/../../../../arm-none-eabi/lib/armv6k/fpu\libg.a(lib_a-locale.o)
                0x001167f8                __locale_mb_cur_max
 .text.__locale_ctype_ptr_l
                0x0011681c        0x8 c:/devkitpro/devkitarm/bin/../lib/gcc/arm-none-eabi/6.3.0/../../../../arm-none-eabi/lib/armv6k/fpu\libg.a(lib_a-locale.o)
                0x0011681c                __locale_ctype_ptr_l
 .text.__locale_ctype_ptr
                0x00116824       0x24 c:/devkitpro/devkitarm/bin/../lib/gcc/arm-none-eabi/6.3.0/../../../../arm-none-eabi/lib/armv6k/fpu\libg.a(lib_a-locale.o)
                0x00116824                __locale_ctype_ptr
 .text._mbrtowc_r
                0x00116848       0xb4 c:/devkitpro/devkitarm/bin/../lib/gcc/arm-none-eabi/6.3.0/../../../../arm-none-eabi/lib/armv6k/fpu\libg.a(lib_a-mbrtowc.o)
                0x00116848                _mbrtowc_r
 .text.__utf8_mbtowc
                0x001168fc      0x300 c:/devkitpro/devkitarm/bin/../lib/gcc/arm-none-eabi/6.3.0/../../../../arm-none-eabi/lib/armv6k/fpu\libg.a(lib_a-mbtowc_r.o)
                0x001168fc                __utf8_mbtowc
 .text.memmove  0x00116bfc      0x148 c:/devkitpro/devkitarm/bin/../lib/gcc/arm-none-eabi/6.3.0/../../../../arm-none-eabi/lib/armv6k/fpu\libg.a(lib_a-memmove.o)
                0x00116bfc                memmove
 .text._Balloc  0x00116d44       0x88 c:/devkitpro/devkitarm/bin/../lib/gcc/arm-none-eabi/6.3.0/../../../../arm-none-eabi/lib/armv6k/fpu\libg.a(lib_a-mprec.o)
                0x00116d44                _Balloc
 .text._Bfree   0x00116dcc       0x1c c:/devkitpro/devkitarm/bin/../lib/gcc/arm-none-eabi/6.3.0/../../../../arm-none-eabi/lib/armv6k/fpu\libg.a(lib_a-mprec.o)
                0x00116dcc                _Bfree
 .text.__multadd
                0x00116de8       0xd8 c:/devkitpro/devkitarm/bin/../lib/gcc/arm-none-eabi/6.3.0/../../../../arm-none-eabi/lib/armv6k/fpu\libg.a(lib_a-mprec.o)
                0x00116de8                __multadd
 .text.__s2b    0x00116ec0       0xf0 c:/devkitpro/devkitarm/bin/../lib/gcc/arm-none-eabi/6.3.0/../../../../arm-none-eabi/lib/armv6k/fpu\libg.a(lib_a-mprec.o)
                0x00116ec0                __s2b
 .text.__hi0bits
                0x00116fb0       0x58 c:/devkitpro/devkitarm/bin/../lib/gcc/arm-none-eabi/6.3.0/../../../../arm-none-eabi/lib/armv6k/fpu\libg.a(lib_a-mprec.o)
                0x00116fb0                __hi0bits
 .text.__lo0bits
                0x00117008       0x9c c:/devkitpro/devkitarm/bin/../lib/gcc/arm-none-eabi/6.3.0/../../../../arm-none-eabi/lib/armv6k/fpu\libg.a(lib_a-mprec.o)
                0x00117008                __lo0bits
 .text.__i2b    0x001170a4       0x20 c:/devkitpro/devkitarm/bin/../lib/gcc/arm-none-eabi/6.3.0/../../../../arm-none-eabi/lib/armv6k/fpu\libg.a(lib_a-mprec.o)
                0x001170a4                __i2b
 .text.__multiply
                0x001170c4      0x1cc c:/devkitpro/devkitarm/bin/../lib/gcc/arm-none-eabi/6.3.0/../../../../arm-none-eabi/lib/armv6k/fpu\libg.a(lib_a-mprec.o)
                0x001170c4                __multiply
 .text.__pow5mult
                0x00117290      0x100 c:/devkitpro/devkitarm/bin/../lib/gcc/arm-none-eabi/6.3.0/../../../../arm-none-eabi/lib/armv6k/fpu\libg.a(lib_a-mprec.o)
                0x00117290                __pow5mult
 .text.__lshift
                0x00117390       0xe4 c:/devkitpro/devkitarm/bin/../lib/gcc/arm-none-eabi/6.3.0/../../../../arm-none-eabi/lib/armv6k/fpu\libg.a(lib_a-mprec.o)
                0x00117390                __lshift
 .text.__mcmp   0x00117474       0x60 c:/devkitpro/devkitarm/bin/../lib/gcc/arm-none-eabi/6.3.0/../../../../arm-none-eabi/lib/armv6k/fpu\libg.a(lib_a-mprec.o)
                0x00117474                __mcmp
 .text.__mdiff  0x001174d4      0x198 c:/devkitpro/devkitarm/bin/../lib/gcc/arm-none-eabi/6.3.0/../../../../arm-none-eabi/lib/armv6k/fpu\libg.a(lib_a-mprec.o)
                0x001174d4                __mdiff
 .text.__ulp    0x0011766c       0x78 c:/devkitpro/devkitarm/bin/../lib/gcc/arm-none-eabi/6.3.0/../../../../arm-none-eabi/lib/armv6k/fpu\libg.a(lib_a-mprec.o)
                0x0011766c                __ulp
 .text.__b2d    0x001176e4       0xd4 c:/devkitpro/devkitarm/bin/../lib/gcc/arm-none-eabi/6.3.0/../../../../arm-none-eabi/lib/armv6k/fpu\libg.a(lib_a-mprec.o)
                0x001176e4                __b2d
 .text.__d2b    0x001177b8      0x108 c:/devkitpro/devkitarm/bin/../lib/gcc/arm-none-eabi/6.3.0/../../../../arm-none-eabi/lib/armv6k/fpu\libg.a(lib_a-mprec.o)
                0x001177b8                __d2b
 .text.__ratio  0x001178c0       0x7c c:/devkitpro/devkitarm/bin/../lib/gcc/arm-none-eabi/6.3.0/../../../../arm-none-eabi/lib/armv6k/fpu\libg.a(lib_a-mprec.o)
                0x001178c0                __ratio
 .text.__copybits
                0x0011793c       0x6c c:/devkitpro/devkitarm/bin/../lib/gcc/arm-none-eabi/6.3.0/../../../../arm-none-eabi/lib/armv6k/fpu\libg.a(lib_a-mprec.o)
                0x0011793c                __copybits
 .text.__any_on
                0x001179a8       0x80 c:/devkitpro/devkitarm/bin/../lib/gcc/arm-none-eabi/6.3.0/../../../../arm-none-eabi/lib/armv6k/fpu\libg.a(lib_a-mprec.o)
                0x001179a8                __any_on
 .text.__sccl   0x00117a28       0xcc c:/devkitpro/devkitarm/bin/../lib/gcc/arm-none-eabi/6.3.0/../../../../arm-none-eabi/lib/armv6k/fpu\libg.a(lib_a-sccl.o)
                0x00117a28                __sccl
 .text.nanf     0x00117af4        0xc c:/devkitpro/devkitarm/bin/../lib/gcc/arm-none-eabi/6.3.0/../../../../arm-none-eabi/lib/armv6k/fpu\libg.a(lib_a-sf_nan.o)
                0x00117af4                nanf
 .text.frexp    0x00117b00       0x9c c:/devkitpro/devkitarm/bin/../lib/gcc/arm-none-eabi/6.3.0/../../../../arm-none-eabi/lib/armv6k/fpu\libg.a(lib_a-s_frexp.o)
                0x00117b00                frexp
 .text.sprintf  0x00117b9c       0x68 c:/devkitpro/devkitarm/bin/../lib/gcc/arm-none-eabi/6.3.0/../../../../arm-none-eabi/lib/armv6k/fpu\libg.a(lib_a-sprintf.o)
                0x00117b9c                sprintf
 .text.stpncpy  0x00117c04      0x100 c:/devkitpro/devkitarm/bin/../lib/gcc/arm-none-eabi/6.3.0/../../../../arm-none-eabi/lib/armv6k/fpu\libg.a(lib_a-stpncpy.o)
                0x00117c04                stpncpy
 .text.strchr   0x00117d04      0x1ac c:/devkitpro/devkitarm/bin/../lib/gcc/arm-none-eabi/6.3.0/../../../../arm-none-eabi/lib/armv6k/fpu\libg.a(lib_a-strchr.o)
                0x00117d04                strchr
 .text.unlikely.sulp
                0x00117eb0       0x54 c:/devkitpro/devkitarm/bin/../lib/gcc/arm-none-eabi/6.3.0/../../../../arm-none-eabi/lib/armv6k/fpu\libg.a(lib_a-strtod.o)
 *fill*         0x00117f04        0x4 
 .text._strtod_l
                0x00117f08     0x1434 c:/devkitpro/devkitarm/bin/../lib/gcc/arm-none-eabi/6.3.0/../../../../arm-none-eabi/lib/armv6k/fpu\libg.a(lib_a-strtod.o)
                0x00117f08                _strtod_l
 .text._strtod_r
                0x0011933c       0x3c c:/devkitpro/devkitarm/bin/../lib/gcc/arm-none-eabi/6.3.0/../../../../arm-none-eabi/lib/armv6k/fpu\libg.a(lib_a-strtod.o)
                0x0011933c                _strtod_r
 .text._strtoll_l.isra.0
                0x00119378      0x2dc c:/devkitpro/devkitarm/bin/../lib/gcc/arm-none-eabi/6.3.0/../../../../arm-none-eabi/lib/armv6k/fpu\libg.a(lib_a-strtoll.o)
 .text._strtoll_r
                0x00119654       0x50 c:/devkitpro/devkitarm/bin/../lib/gcc/arm-none-eabi/6.3.0/../../../../arm-none-eabi/lib/armv6k/fpu\libg.a(lib_a-strtoll.o)
                0x00119654                _strtoll_r
 .text._strtol_l.isra.0
                0x001196a4      0x220 c:/devkitpro/devkitarm/bin/../lib/gcc/arm-none-eabi/6.3.0/../../../../arm-none-eabi/lib/armv6k/fpu\libg.a(lib_a-strtol.o)
 .text._strtol_r
                0x001198c4       0x50 c:/devkitpro/devkitarm/bin/../lib/gcc/arm-none-eabi/6.3.0/../../../../arm-none-eabi/lib/armv6k/fpu\libg.a(lib_a-strtol.o)
                0x001198c4                _strtol_r
 *fill*         0x00119914        0x4 
 .text._strtoull_l.isra.0
                0x00119918      0x268 c:/devkitpro/devkitarm/bin/../lib/gcc/arm-none-eabi/6.3.0/../../../../arm-none-eabi/lib/armv6k/fpu\libg.a(lib_a-strtoull.o)
 .text._strtoull_r
                0x00119b80       0x50 c:/devkitpro/devkitarm/bin/../lib/gcc/arm-none-eabi/6.3.0/../../../../arm-none-eabi/lib/armv6k/fpu\libg.a(lib_a-strtoull.o)
                0x00119b80                _strtoull_r
 .text._strtoul_l.isra.0
                0x00119bd0      0x1e4 c:/devkitpro/devkitarm/bin/../lib/gcc/arm-none-eabi/6.3.0/../../../../arm-none-eabi/lib/armv6k/fpu\libg.a(lib_a-strtoul.o)
 .text._strtoul_r
                0x00119db4       0x50 c:/devkitpro/devkitarm/bin/../lib/gcc/arm-none-eabi/6.3.0/../../../../arm-none-eabi/lib/armv6k/fpu\libg.a(lib_a-strtoul.o)
                0x00119db4                _strtoul_r
 .text.__ssprint_r
                0x00119e04      0x188 c:/devkitpro/devkitarm/bin/../lib/gcc/arm-none-eabi/6.3.0/../../../../arm-none-eabi/lib/armv6k/fpu\libg.a(lib_a-svfiprintf.o)
                0x00119e04                __ssprint_r
 .text._sungetc_r
                0x00119f8c       0xe8 c:/devkitpro/devkitarm/bin/../lib/gcc/arm-none-eabi/6.3.0/../../../../arm-none-eabi/lib/armv6k/fpu\libg.a(lib_a-svfiscanf.o)
                0x00119f8c                _sungetc_r
 .text.__ssrefill_r
                0x0011a074       0x6c c:/devkitpro/devkitarm/bin/../lib/gcc/arm-none-eabi/6.3.0/../../../../arm-none-eabi/lib/armv6k/fpu\libg.a(lib_a-svfiscanf.o)
                0x0011a074                __ssrefill_r
 .text._sfread_r
                0x0011a0e0       0xd0 c:/devkitpro/devkitarm/bin/../lib/gcc/arm-none-eabi/6.3.0/../../../../arm-none-eabi/lib/armv6k/fpu\libg.a(lib_a-svfiscanf.o)
                0x0011a0e0                _sfread_r
 .text.get_arg  0x0011a1b0     0x1624 c:/devkitpro/devkitarm/bin/../lib/gcc/arm-none-eabi/6.3.0/../../../../arm-none-eabi/lib/armv6k/fpu\libg.a(lib_a-svfprintf.o)
 *fill*         0x0011b7d4        0x4 
 .text._svfprintf_r
                0x0011b7d8     0x41c4 c:/devkitpro/devkitarm/bin/../lib/gcc/arm-none-eabi/6.3.0/../../../../arm-none-eabi/lib/armv6k/fpu\libg.a(lib_a-svfprintf.o)
                0x0011b7d8                _svfprintf_r
 .text.__submore
                0x0011f99c       0xa8 c:/devkitpro/devkitarm/bin/../lib/gcc/arm-none-eabi/6.3.0/../../../../arm-none-eabi/lib/armv6k/fpu\libg.a(lib_a-ungetc.o)
                0x0011f99c                __submore
 .text._wcsnrtombs_l
                0x0011fa44      0x174 c:/devkitpro/devkitarm/bin/../lib/gcc/arm-none-eabi/6.3.0/../../../../arm-none-eabi/lib/armv6k/fpu\libg.a(lib_a-wcsnrtombs.o)
                0x0011fa44                _wcsnrtombs_l
 .text._wcsnrtombs_r
                0x0011fbb8       0x64 c:/devkitpro/devkitarm/bin/../lib/gcc/arm-none-eabi/6.3.0/../../../../arm-none-eabi/lib/armv6k/fpu\libg.a(lib_a-wcsnrtombs.o)
                0x0011fbb8                _wcsnrtombs_r
 .text.__utf8_wctomb
                0x0011fc1c       0xe8 c:/devkitpro/devkitarm/bin/../lib/gcc/arm-none-eabi/6.3.0/../../../../arm-none-eabi/lib/armv6k/fpu\libg.a(lib_a-wctomb_r.o)
                0x0011fc1c                __utf8_wctomb
 .text.rshift   0x0011fd04       0xf0 c:/devkitpro/devkitarm/bin/../lib/gcc/arm-none-eabi/6.3.0/../../../../arm-none-eabi/lib/armv6k/fpu\libg.a(lib_a-gdtoa-gethex.o)
 .text.__gethex
                0x0011fdf4      0x7f4 c:/devkitpro/devkitarm/bin/../lib/gcc/arm-none-eabi/6.3.0/../../../../arm-none-eabi/lib/armv6k/fpu\libg.a(lib_a-gdtoa-gethex.o)
                0x0011fdf4                __gethex
 .text.__match  0x001205e8       0x64 c:/devkitpro/devkitarm/bin/../lib/gcc/arm-none-eabi/6.3.0/../../../../arm-none-eabi/lib/armv6k/fpu\libg.a(lib_a-gdtoa-hexnan.o)
                0x001205e8                __match
 .text.__hexnan
                0x0012064c      0x264 c:/devkitpro/devkitarm/bin/../lib/gcc/arm-none-eabi/6.3.0/../../../../arm-none-eabi/lib/armv6k/fpu\libg.a(lib_a-gdtoa-hexnan.o)
                0x0012064c                __hexnan
 .text.null_write
                0x001208b0        0x8 c:/devkitpro/devkitarm/bin/../lib/gcc/arm-none-eabi/6.3.0/../../../../arm-none-eabi/lib/armv6k/fpu\libsysbase.a(iosupport.o)
 .text.setDefaultDevice
                0x001208b8       0x18 c:/devkitpro/devkitarm/bin/../lib/gcc/arm-none-eabi/6.3.0/../../../../arm-none-eabi/lib/armv6k/fpu\libsysbase.a(iosupport.o)
                0x001208b8                setDefaultDevice
 .text.FindDevice
                0x001208d0       0xcc c:/devkitpro/devkitarm/bin/../lib/gcc/arm-none-eabi/6.3.0/../../../../arm-none-eabi/lib/armv6k/fpu\libsysbase.a(iosupport.o)
                0x001208d0                FindDevice
 .text.RemoveDevice
                0x0012099c       0x28 c:/devkitpro/devkitarm/bin/../lib/gcc/arm-none-eabi/6.3.0/../../../../arm-none-eabi/lib/armv6k/fpu\libsysbase.a(iosupport.o)
                0x0012099c                RemoveDevice
 .text.AddDevice
                0x001209c4       0x98 c:/devkitpro/devkitarm/bin/../lib/gcc/arm-none-eabi/6.3.0/../../../../arm-none-eabi/lib/armv6k/fpu\libsysbase.a(iosupport.o)
                0x001209c4                AddDevice
 .text._close_r
                0x00120a5c       0x84 c:/devkitpro/devkitarm/bin/../lib/gcc/arm-none-eabi/6.3.0/../../../../arm-none-eabi/lib/armv6k/fpu\libsysbase.a(close.o)
                0x00120a5c                _close_r
 .text._fstat_r
                0x00120ae0       0x7c c:/devkitpro/devkitarm/bin/../lib/gcc/arm-none-eabi/6.3.0/../../../../arm-none-eabi/lib/armv6k/fpu\libsysbase.a(fstat.o)
                0x00120ae0                _fstat_r
 .text._isatty_r
                0x00120b5c        0x8 c:/devkitpro/devkitarm/bin/../lib/gcc/arm-none-eabi/6.3.0/../../../../arm-none-eabi/lib/armv6k/fpu\libsysbase.a(isatty.o)
                0x00120b5c                _isatty_r
 .text._lseek_r
                0x00120b64       0x90 c:/devkitpro/devkitarm/bin/../lib/gcc/arm-none-eabi/6.3.0/../../../../arm-none-eabi/lib/armv6k/fpu\libsysbase.a(lseek.o)
                0x00120b64                _lseek_r
 .text._open_r  0x00120bf4       0xc0 c:/devkitpro/devkitarm/bin/../lib/gcc/arm-none-eabi/6.3.0/../../../../arm-none-eabi/lib/armv6k/fpu\libsysbase.a(open.o)
                0x00120bf4                _open_r
 .text._read_r  0x00120cb4       0x88 c:/devkitpro/devkitarm/bin/../lib/gcc/arm-none-eabi/6.3.0/../../../../arm-none-eabi/lib/armv6k/fpu\libsysbase.a(read.o)
                0x00120cb4                _read_r
 .text._sbrk_r  0x00120d3c       0x70 c:/devkitpro/devkitarm/bin/../lib/gcc/arm-none-eabi/6.3.0/../../../../arm-none-eabi/lib/armv6k/fpu\libsysbase.a(sbrk.o)
                0x00120d3c                _sbrk_r
 .text._stat_r  0x00120dac       0x6c c:/devkitpro/devkitarm/bin/../lib/gcc/arm-none-eabi/6.3.0/../../../../arm-none-eabi/lib/armv6k/fpu\libsysbase.a(stat.o)
                0x00120dac                _stat_r
 .text._unlink_r
                0x00120e18       0x6c c:/devkitpro/devkitarm/bin/../lib/gcc/arm-none-eabi/6.3.0/../../../../arm-none-eabi/lib/armv6k/fpu\libsysbase.a(unlink.o)
                0x00120e18                _unlink_r
 .text._write_r
                0x00120e84       0x88 c:/devkitpro/devkitarm/bin/../lib/gcc/arm-none-eabi/6.3.0/../../../../arm-none-eabi/lib/armv6k/fpu\libsysbase.a(write.o)
                0x00120e84                _write_r
 .text._concatenate_path
                0x00120f0c      0x1d4 c:/devkitpro/devkitarm/bin/../lib/gcc/arm-none-eabi/6.3.0/../../../../arm-none-eabi/lib/armv6k/fpu\libsysbase.a(chdir.o)
                0x00120f0c                _concatenate_path
 .text.chdir    0x001210e0      0x15c c:/devkitpro/devkitarm/bin/../lib/gcc/arm-none-eabi/6.3.0/../../../../arm-none-eabi/lib/armv6k/fpu\libsysbase.a(chdir.o)
                0x001210e0                chdir
 .text.mkdir    0x0012123c       0x60 c:/devkitpro/devkitarm/bin/../lib/gcc/arm-none-eabi/6.3.0/../../../../arm-none-eabi/lib/armv6k/fpu\libsysbase.a(mkdir.o)
                0x0012123c                mkdir
 .text.__flockfile
                0x0012129c        0x8 c:/devkitpro/devkitarm/bin/../lib/gcc/arm-none-eabi/6.3.0/../../../../arm-none-eabi/lib/armv6k/fpu\libsysbase.a(flock.o)
                0x0012129c                __flockfile
 .text.__funlockfile
                0x001212a4        0x8 c:/devkitpro/devkitarm/bin/../lib/gcc/arm-none-eabi/6.3.0/../../../../arm-none-eabi/lib/armv6k/fpu\libsysbase.a(flock.o)
                0x001212a4                __funlockfile
 .text.__libc_lock_acquire
                0x001212ac       0x18 c:/devkitpro/devkitarm/bin/../lib/gcc/arm-none-eabi/6.3.0/../../../../arm-none-eabi/lib/armv6k/fpu\libsysbase.a(syscall_support.o)
                0x001212ac                __libc_lock_acquire
 .text.__libc_lock_release
                0x001212c4       0x18 c:/devkitpro/devkitarm/bin/../lib/gcc/arm-none-eabi/6.3.0/../../../../arm-none-eabi/lib/armv6k/fpu\libsysbase.a(syscall_support.o)
                0x001212c4                __libc_lock_release
 .text.__libc_lock_init_recursive
                0x001212dc       0x18 c:/devkitpro/devkitarm/bin/../lib/gcc/arm-none-eabi/6.3.0/../../../../arm-none-eabi/lib/armv6k/fpu\libsysbase.a(syscall_support.o)
                0x001212dc                __libc_lock_init_recursive
 .text.__libc_lock_acquire_recursive
                0x001212f4       0x18 c:/devkitpro/devkitarm/bin/../lib/gcc/arm-none-eabi/6.3.0/../../../../arm-none-eabi/lib/armv6k/fpu\libsysbase.a(syscall_support.o)
                0x001212f4                __libc_lock_acquire_recursive
 .text.__libc_lock_release_recursive
                0x0012130c       0x18 c:/devkitpro/devkitarm/bin/../lib/gcc/arm-none-eabi/6.3.0/../../../../arm-none-eabi/lib/armv6k/fpu\libsysbase.a(syscall_support.o)
                0x0012130c                __libc_lock_release_recursive
 .text.__libc_lock_close_recursive
                0x00121324       0x18 c:/devkitpro/devkitarm/bin/../lib/gcc/arm-none-eabi/6.3.0/../../../../arm-none-eabi/lib/armv6k/fpu\libsysbase.a(syscall_support.o)
                0x00121324                __libc_lock_close_recursive
 .text.__free_handle
                0x0012133c       0x4c c:/devkitpro/devkitarm/bin/../lib/gcc/arm-none-eabi/6.3.0/../../../../arm-none-eabi/lib/armv6k/fpu\libsysbase.a(handle_manager.o)
                0x0012133c                __free_handle
 .text.__release_handle
                0x00121388       0x40 c:/devkitpro/devkitarm/bin/../lib/gcc/arm-none-eabi/6.3.0/../../../../arm-none-eabi/lib/armv6k/fpu\libsysbase.a(handle_manager.o)
                0x00121388                __release_handle
 .text.__alloc_handle
                0x001213c8       0xb4 c:/devkitpro/devkitarm/bin/../lib/gcc/arm-none-eabi/6.3.0/../../../../arm-none-eabi/lib/armv6k/fpu\libsysbase.a(handle_manager.o)
                0x001213c8                __alloc_handle
 .text.__get_handle
                0x0012147c       0x18 c:/devkitpro/devkitarm/bin/../lib/gcc/arm-none-eabi/6.3.0/../../../../arm-none-eabi/lib/armv6k/fpu\libsysbase.a(handle_manager.o)
                0x0012147c                __get_handle
 .text.__getreent
                0x00121494       0x28 c:/devkitpro/devkitarm/bin/../lib/gcc/arm-none-eabi/6.3.0/../../../../arm-none-eabi/lib/armv6k/fpu\libsysbase.a(getreent.o)
                0x00121494                __getreent
 .text.strnlen  0x001214bc       0x5c c:/devkitpro/devkitarm/bin/../lib/gcc/arm-none-eabi/6.3.0/../../../../arm-none-eabi/lib/armv6k/fpu\libg.a(lib_a-strnlen.o)
                0x001214bc                strnlen
 .text.strrchr  0x00121518       0x44 c:/devkitpro/devkitarm/bin/../lib/gcc/arm-none-eabi/6.3.0/../../../../arm-none-eabi/lib/armv6k/fpu\libg.a(lib_a-strrchr.o)
                0x00121518                strrchr
 *(.glue_7)
 .glue_7        0x0012155c        0x0 linker stubs
 *(.glue_7t)
 .glue_7t       0x0012155c        0x0 linker stubs
 *(.stub)
 *(.gnu.warning)
 *(.gnu.linkonce.t*)
                0x0012155c                . = ALIGN (0x4)
 *(.fini)
 .fini          0x0012155c        0xc c:/devkitpro/devkitarm/bin/../lib/gcc/arm-none-eabi/6.3.0/armv6k/fpu/crti.o
                0x0012155c                _fini
 .fini          0x00121568        0xc c:/devkitpro/devkitarm/bin/../lib/gcc/arm-none-eabi/6.3.0/armv6k/fpu/crtn.o
                0x00121574                . = ALIGN (0x4)

.vfp11_veneer   0x00121574        0x0
 .vfp11_veneer  0x00121574        0x0 linker stubs

.v4_bx          0x00121574        0x0
 .v4_bx         0x00121574        0x0 linker stubs

.iplt           0x00121574        0x0
 .iplt          0x00121574        0x0 c:/devkitpro/devkitarm/bin/../lib/gcc/arm-none-eabi/6.3.0/../../../../arm-none-eabi/lib/armv6k/fpu/3dsx_crt0.o

.rodata         0x00122000     0x4c18
 *(.rodata)
 .rodata        0x00122000       0x10 main.o
 .rodata        0x00122010       0x1c c:/devkitPro/libctru/lib\libctru.a(gfx.o)
 .rodata        0x0012202c      0x168 c:/devkitPro/libctru/lib\libctru.a(console.o)
 .rodata        0x00122194        0xc c:/devkitPro/libctru/lib\libctru.a(apt.o)
 .rodata        0x001221a0      0x804 c:/devkitPro/libctru/lib\libctru.a(default_font.bin.o)
                0x001221a0                default_font_bin
                0x001229a0                default_font_bin_size
                0x001229a0                default_font_bin_end
 .rodata        0x001229a4       0x3c c:/devkitPro/libctru/lib\libctru.a(sdmc_dev.o)
 *(.roda)
 *(.rodata.*)
 .rodata.str1.4
                0x001229e0      0x5ae main.o
                                0x5b6 (size before relaxing)
 *fill*         0x00122f8e        0x2 
 .rodata.str1.4
                0x00122f90       0x70 c:/devkitPro/libctru/lib\libctru.a(console.o)
 .rodata.str1.4
                0x00123000        0x7 c:/devkitPro/libctru/lib\libctru.a(httpc.o)
 *fill*         0x00123007        0x1 
 .rodata.str1.4
                0x00123008       0x15 c:/devkitPro/libctru/lib\libctru.a(hid.o)
 *fill*         0x0012301d        0x3 
 .rodata.str1.4
                0x00123020       0x16 c:/devkitPro/libctru/lib\libctru.a(apt.o)
 *fill*         0x00123036        0x2 
 .rodata.str1.4
                0x00123038        0x9 c:/devkitPro/libctru/lib\libctru.a(gspgpu.o)
 *fill*         0x00123041        0x3 
 .rodata.str1.4
                0x00123044        0x7 c:/devkitPro/libctru/lib\libctru.a(irrst.o)
 *fill*         0x0012304b        0x1 
 .rodata.str1.4
                0x0012304c        0x5 c:/devkitPro/libctru/lib\libctru.a(srv.o)
 *fill*         0x00123051        0x3 
 .rodata.str1.4
                0x00123054        0x9 c:/devkitPro/libctru/lib\libctru.a(ptmsysm.o)
 *fill*         0x0012305d        0x3 
 .rodata.str1.4
                0x00123060        0xd c:/devkitPro/libctru/lib\libctru.a(sdmc_dev.o)
                                 0x11 (size before relaxing)
 *fill*         0x0012306d        0x3 
 .rodata.str1.4
                0x00123070        0x8 c:/devkitPro/libctru/lib\libctru.a(fs.o)
                                  0x9 (size before relaxing)
 .rodata._global_impure_ptr
                0x00123078        0x4 c:/devkitpro/devkitarm/bin/../lib/gcc/arm-none-eabi/6.3.0/../../../../arm-none-eabi/lib/armv6k/fpu\libg.a(lib_a-impure.o)
                0x00123078                _global_impure_ptr
 .rodata._puts_r.str1.4
                0x0012307c        0x2 c:/devkitpro/devkitarm/bin/../lib/gcc/arm-none-eabi/6.3.0/../../../../arm-none-eabi/lib/armv6k/fpu\libg.a(lib_a-puts.o)
 .rodata.__ssvfscanf_r.str1.4
                0x0012307c        0x5 c:/devkitpro/devkitarm/bin/../lib/gcc/arm-none-eabi/6.3.0/../../../../arm-none-eabi/lib/armv6k/fpu\libg.a(lib_a-svfscanf.o)
 *fill*         0x00123081        0x3 
 .rodata.basefix.8441
                0x00123084       0x22 c:/devkitpro/devkitarm/bin/../lib/gcc/arm-none-eabi/6.3.0/../../../../arm-none-eabi/lib/armv6k/fpu\libg.a(lib_a-svfscanf.o)
 *fill*         0x001230a6        0x2 
 .rodata._vfprintf_r.str1.4
                0x001230a8       0x3f c:/devkitpro/devkitarm/bin/../lib/gcc/arm-none-eabi/6.3.0/../../../../arm-none-eabi/lib/armv6k/fpu\libg.a(lib_a-vfprintf.o)
                                 0x42 (size before relaxing)
 *fill*         0x001230e7        0x1 
 .rodata.blanks.8415
                0x001230e8       0x10 c:/devkitpro/devkitarm/bin/../lib/gcc/arm-none-eabi/6.3.0/../../../../arm-none-eabi/lib/armv6k/fpu\libg.a(lib_a-vfprintf.o)
 .rodata.zeroes.8416
                0x001230f8       0x10 c:/devkitpro/devkitarm/bin/../lib/gcc/arm-none-eabi/6.3.0/../../../../arm-none-eabi/lib/armv6k/fpu\libg.a(lib_a-vfprintf.o)
 .rodata._dtoa_r.str1.4
                0x00123108       0x10 c:/devkitpro/devkitarm/bin/../lib/gcc/arm-none-eabi/6.3.0/../../../../arm-none-eabi/lib/armv6k/fpu\libg.a(lib_a-dtoa.o)
                                 0x12 (size before relaxing)
 .rodata._jp2uc.str1.4
                0x00123118       0x12 c:/devkitpro/devkitarm/bin/../lib/gcc/arm-none-eabi/6.3.0/../../../../arm-none-eabi/lib/armv6k/fpu\libg.a(lib_a-jp2uc.o)
 *fill*         0x0012312a        0x2 
 .rodata.a1     0x0012312c       0xbc c:/devkitpro/devkitarm/bin/../lib/gcc/arm-none-eabi/6.3.0/../../../../arm-none-eabi/lib/armv6k/fpu\libg.a(lib_a-jp2uc.o)
 .rodata.a2     0x001231e8       0xbc c:/devkitpro/devkitarm/bin/../lib/gcc/arm-none-eabi/6.3.0/../../../../arm-none-eabi/lib/armv6k/fpu\libg.a(lib_a-jp2uc.o)
 .rodata.a3     0x001232a4       0x5b c:/devkitpro/devkitarm/bin/../lib/gcc/arm-none-eabi/6.3.0/../../../../arm-none-eabi/lib/armv6k/fpu\libg.a(lib_a-jp2uc.o)
 *fill*         0x001232ff        0x1 
 .rodata.a6     0x00123300       0x70 c:/devkitpro/devkitarm/bin/../lib/gcc/arm-none-eabi/6.3.0/../../../../arm-none-eabi/lib/armv6k/fpu\libg.a(lib_a-jp2uc.o)
 .rodata.a7     0x00123370       0xa2 c:/devkitpro/devkitarm/bin/../lib/gcc/arm-none-eabi/6.3.0/../../../../arm-none-eabi/lib/armv6k/fpu\libg.a(lib_a-jp2uc.o)
 *fill*         0x00123412        0x2 
 .rodata.a8     0x00123414       0x40 c:/devkitpro/devkitarm/bin/../lib/gcc/arm-none-eabi/6.3.0/../../../../arm-none-eabi/lib/armv6k/fpu\libg.a(lib_a-jp2uc.o)
 .rodata.b02cf  0x00123454     0x172a c:/devkitpro/devkitarm/bin/../lib/gcc/arm-none-eabi/6.3.0/../../../../arm-none-eabi/lib/armv6k/fpu\libg.a(lib_a-jp2uc.o)
 *fill*         0x00124b7e        0x2 
 .rodata.d02f4  0x00124b80     0x1a7c c:/devkitpro/devkitarm/bin/../lib/gcc/arm-none-eabi/6.3.0/../../../../arm-none-eabi/lib/armv6k/fpu\libg.a(lib_a-jp2uc.o)
 .rodata.str1.4
                0x001265fc       0x48 c:/devkitpro/devkitarm/bin/../lib/gcc/arm-none-eabi/6.3.0/../../../../arm-none-eabi/lib/armv6k/fpu\libg.a(lib_a-locale.o)
                                 0x4c (size before relaxing)
 .rodata._mbrtowc_r.str1.4
                0x00126644        0x1 c:/devkitpro/devkitarm/bin/../lib/gcc/arm-none-eabi/6.3.0/../../../../arm-none-eabi/lib/armv6k/fpu\libg.a(lib_a-mbrtowc.o)
 *fill*         0x00126644        0x4 
 .rodata.__mprec_bigtens
                0x00126648       0x28 c:/devkitpro/devkitarm/bin/../lib/gcc/arm-none-eabi/6.3.0/../../../../arm-none-eabi/lib/armv6k/fpu\libg.a(lib_a-mprec.o)
                0x00126648                __mprec_bigtens
 .rodata.__mprec_tens
                0x00126670       0xc8 c:/devkitpro/devkitarm/bin/../lib/gcc/arm-none-eabi/6.3.0/../../../../arm-none-eabi/lib/armv6k/fpu\libg.a(lib_a-mprec.o)
                0x00126670                __mprec_tens
 .rodata.p05.7191
                0x00126738        0xc c:/devkitpro/devkitarm/bin/../lib/gcc/arm-none-eabi/6.3.0/../../../../arm-none-eabi/lib/armv6k/fpu\libg.a(lib_a-mprec.o)
 .rodata._strtod_l.str1.4
                0x00126744        0xf c:/devkitpro/devkitarm/bin/../lib/gcc/arm-none-eabi/6.3.0/../../../../arm-none-eabi/lib/armv6k/fpu\libg.a(lib_a-strtod.o)
 *fill*         0x00126753        0x1 
 .rodata.fpi.7277
                0x00126754       0x14 c:/devkitpro/devkitarm/bin/../lib/gcc/arm-none-eabi/6.3.0/../../../../arm-none-eabi/lib/armv6k/fpu\libg.a(lib_a-strtod.o)
 .rodata.fpinan.7313
                0x00126768       0x14 c:/devkitpro/devkitarm/bin/../lib/gcc/arm-none-eabi/6.3.0/../../../../arm-none-eabi/lib/armv6k/fpu\libg.a(lib_a-strtod.o)
 *fill*         0x0012677c        0x4 
 .rodata.tinytens
                0x00126780       0x28 c:/devkitpro/devkitarm/bin/../lib/gcc/arm-none-eabi/6.3.0/../../../../arm-none-eabi/lib/armv6k/fpu\libg.a(lib_a-strtod.o)
 .rodata.__action_table
                0x001267a8       0x6c c:/devkitpro/devkitarm/bin/../lib/gcc/arm-none-eabi/6.3.0/../../../../arm-none-eabi/lib/armv6k/fpu\libg.a(lib_a-svfiprintf.o)
                0x001267a8                __action_table
 .rodata.__chclass
                0x00126814      0x100 c:/devkitpro/devkitarm/bin/../lib/gcc/arm-none-eabi/6.3.0/../../../../arm-none-eabi/lib/armv6k/fpu\libg.a(lib_a-svfiprintf.o)
                0x00126814                __chclass
 .rodata.__state_table
                0x00126914       0x6c c:/devkitpro/devkitarm/bin/../lib/gcc/arm-none-eabi/6.3.0/../../../../arm-none-eabi/lib/armv6k/fpu\libg.a(lib_a-svfiprintf.o)
                0x00126914                __state_table
 .rodata._svfprintf_r.str1.4
                0x00126980       0x42 c:/devkitpro/devkitarm/bin/../lib/gcc/arm-none-eabi/6.3.0/../../../../arm-none-eabi/lib/armv6k/fpu\libg.a(lib_a-svfprintf.o)
 .rodata.blanks.8400
                0x00126980       0x10 c:/devkitpro/devkitarm/bin/../lib/gcc/arm-none-eabi/6.3.0/../../../../arm-none-eabi/lib/armv6k/fpu\libg.a(lib_a-svfprintf.o)
 .rodata.zeroes.8401
                0x00126990       0x10 c:/devkitpro/devkitarm/bin/../lib/gcc/arm-none-eabi/6.3.0/../../../../arm-none-eabi/lib/armv6k/fpu\libg.a(lib_a-svfprintf.o)
 .rodata._ctype_
                0x001269a0      0x101 c:/devkitpro/devkitarm/bin/../lib/gcc/arm-none-eabi/6.3.0/../../../../arm-none-eabi/lib/armv6k/fpu\libg.a(lib_a-ctype_.o)
                0x001269a0                _ctype_
 *fill*         0x00126aa1        0x3 
 .rodata.__hexdig
                0x00126aa4      0x100 c:/devkitpro/devkitarm/bin/../lib/gcc/arm-none-eabi/6.3.0/../../../../arm-none-eabi/lib/armv6k/fpu\libg.a(lib_a-gdtoa-gethex.o)
                0x00126aa4                __hexdig
 .rodata.AddDevice.str1.4
                0x00126ba4        0x8 c:/devkitpro/devkitarm/bin/../lib/gcc/arm-none-eabi/6.3.0/../../../../arm-none-eabi/lib/armv6k/fpu\libsysbase.a(iosupport.o)
 .rodata.dotab_stdnull
                0x00126bac       0x68 c:/devkitpro/devkitarm/bin/../lib/gcc/arm-none-eabi/6.3.0/../../../../arm-none-eabi/lib/armv6k/fpu\libsysbase.a(iosupport.o)
                0x00126bac                dotab_stdnull
 .rodata.DIRECTORY_PARENT
                0x00126c14        0x3 c:/devkitpro/devkitarm/bin/../lib/gcc/arm-none-eabi/6.3.0/../../../../arm-none-eabi/lib/armv6k/fpu\libsysbase.a(chdir.o)
                0x00126c14                DIRECTORY_PARENT
 *all.rodata*(*)
 *(.gnu.linkonce.r*)
                0x00126c18                . = ALIGN (0x4)
 *fill*         0x00126c17        0x1 

.eh_frame       0x00126c18        0x0
 .eh_frame      0x00126c18        0x0 c:/devkitpro/devkitarm/bin/../lib/gcc/arm-none-eabi/6.3.0/armv6k/fpu/crtbegin.o

.rel.dyn        0x00126c18        0x0
 .rel.iplt      0x00126c18        0x0 c:/devkitpro/devkitarm/bin/../lib/gcc/arm-none-eabi/6.3.0/../../../../arm-none-eabi/lib/armv6k/fpu/3dsx_crt0.o

.ARM.extab
 *(.ARM.extab* .gnu.linkonce.armextab.*)
                0x00126c18                __exidx_start = .

ARM.exidx
 *(.ARM.exidx* .gnu.linkonce.armexidx.*)
                0x00126c18                __exidx_end = .

.data           0x00127000     0x2f4c
 *(.data)
 .data          0x00127000        0xc c:/devkitPro/libctru/lib\libctru.a(gfx.o)
 .data          0x0012700c       0x51 c:/devkitPro/libctru/lib\libctru.a(console.o)
                0x0012700c                defaultConsole
                0x00127058                currentConsole
 *fill*         0x0012705d        0x3 
 .data          0x00127060        0x4 c:/devkitPro/libctru/lib\libctru.a(apt.o)
 .data          0x00127064        0x4 c:/devkitPro/libctru/lib\libctru.a(gspgpu.o)
 .data          0x00127068        0x4 c:/devkitPro/libctru/lib\libctru.a(stack_adjust.o)
                0x00127068                __stacksize__
 .data          0x0012706c        0x4 c:/devkitPro/libctru/lib\libctru.a(allocateHeaps.o)
                0x0012706c                __ctru_linear_heap_size
 .data          0x00127070      0x46c c:/devkitPro/libctru/lib\libctru.a(sdmc_dev.o)
 *(.data.*)
 .data.__sfp_lock
                0x001274dc        0xc c:/devkitpro/devkitarm/bin/../lib/gcc/arm-none-eabi/6.3.0/../../../../arm-none-eabi/lib/armv6k/fpu\libg.a(lib_a-findfp.o)
 .data.__sinit_lock
                0x001274e8        0xc c:/devkitpro/devkitarm/bin/../lib/gcc/arm-none-eabi/6.3.0/../../../../arm-none-eabi/lib/armv6k/fpu\libg.a(lib_a-findfp.o)
 .data._impure_ptr
                0x001274f4        0x4 c:/devkitpro/devkitarm/bin/../lib/gcc/arm-none-eabi/6.3.0/../../../../arm-none-eabi/lib/armv6k/fpu\libg.a(lib_a-impure.o)
                0x001274f4                _impure_ptr
 .data.impure_data
                0x001274f8      0x460 c:/devkitpro/devkitarm/bin/../lib/gcc/arm-none-eabi/6.3.0/../../../../arm-none-eabi/lib/armv6k/fpu\libg.a(lib_a-impure.o)
 .data.__malloc_av_
                0x00127958      0x408 c:/devkitpro/devkitarm/bin/../lib/gcc/arm-none-eabi/6.3.0/../../../../arm-none-eabi/lib/armv6k/fpu\libg.a(lib_a-mallocr.o)
                0x00127958                __malloc_av_
 .data.__malloc_sbrk_base
                0x00127d60        0x4 c:/devkitpro/devkitarm/bin/../lib/gcc/arm-none-eabi/6.3.0/../../../../arm-none-eabi/lib/armv6k/fpu\libg.a(lib_a-mallocr.o)
                0x00127d60                __malloc_sbrk_base
 .data.__malloc_trim_threshold
                0x00127d64        0x4 c:/devkitpro/devkitarm/bin/../lib/gcc/arm-none-eabi/6.3.0/../../../../arm-none-eabi/lib/armv6k/fpu\libg.a(lib_a-mallocr.o)
                0x00127d64                __malloc_trim_threshold
 .data.__malloc_lock_object
                0x00127d68        0xc c:/devkitpro/devkitarm/bin/../lib/gcc/arm-none-eabi/6.3.0/../../../../arm-none-eabi/lib/armv6k/fpu\libg.a(lib_a-mlock.o)
 .data.__global_locale
                0x00127d74      0x16c c:/devkitpro/devkitarm/bin/../lib/gcc/arm-none-eabi/6.3.0/../../../../arm-none-eabi/lib/armv6k/fpu\libg.a(lib_a-locale.o)
                0x00127d74                __global_locale
 .data.defaultDevice
                0x00127ee0        0x4 c:/devkitpro/devkitarm/bin/../lib/gcc/arm-none-eabi/6.3.0/../../../../arm-none-eabi/lib/armv6k/fpu\libsysbase.a(iosupport.o)
 .data.devoptab_list
                0x00127ee4       0x40 c:/devkitpro/devkitarm/bin/../lib/gcc/arm-none-eabi/6.3.0/../../../../arm-none-eabi/lib/armv6k/fpu\libsysbase.a(iosupport.o)
                0x00127ee4                devoptab_list
 .data._current_working_directory
                0x00127f24     0x1000 c:/devkitpro/devkitarm/bin/../lib/gcc/arm-none-eabi/6.3.0/../../../../arm-none-eabi/lib/armv6k/fpu\libsysbase.a(chdir.o)
 .data.__hndl_lock
                0x00128f24        0x4 c:/devkitpro/devkitarm/bin/../lib/gcc/arm-none-eabi/6.3.0/../../../../arm-none-eabi/lib/armv6k/fpu\libsysbase.a(handle_manager.o)
 .data.__stderr_handle
                0x00128f28        0xc c:/devkitpro/devkitarm/bin/../lib/gcc/arm-none-eabi/6.3.0/../../../../arm-none-eabi/lib/armv6k/fpu\libsysbase.a(handle_manager.o)
 .data.__stdin_handle
                0x00128f34        0xc c:/devkitpro/devkitarm/bin/../lib/gcc/arm-none-eabi/6.3.0/../../../../arm-none-eabi/lib/armv6k/fpu\libsysbase.a(handle_manager.o)
 .data.__stdout_handle
                0x00128f40        0xc c:/devkitpro/devkitarm/bin/../lib/gcc/arm-none-eabi/6.3.0/../../../../arm-none-eabi/lib/armv6k/fpu\libsysbase.a(handle_manager.o)
 .data.handles  0x00128f4c     0x1000 c:/devkitpro/devkitarm/bin/../lib/gcc/arm-none-eabi/6.3.0/../../../../arm-none-eabi/lib/armv6k/fpu\libsysbase.a(handle_manager.o)
 *(.gnu.linkonce.d*)
                0x00129f4c                . = ALIGN (0x4)

.igot.plt       0x00129f4c        0x0
 .igot.plt      0x00129f4c        0x0 c:/devkitpro/devkitarm/bin/../lib/gcc/arm-none-eabi/6.3.0/../../../../arm-none-eabi/lib/armv6k/fpu/3dsx_crt0.o

.jcr            0x00129f4c        0x0
 .jcr           0x00129f4c        0x0 c:/devkitpro/devkitarm/bin/../lib/gcc/arm-none-eabi/6.3.0/armv6k/fpu/crtbegin.o

.tm_clone_table
                0x00129f4c        0x0
 .tm_clone_table
                0x00129f4c        0x0 c:/devkitpro/devkitarm/bin/../lib/gcc/arm-none-eabi/6.3.0/armv6k/fpu/crtbegin.o
 .tm_clone_table
                0x00129f4c        0x0 c:/devkitpro/devkitarm/bin/../lib/gcc/arm-none-eabi/6.3.0/armv6k/fpu/crtend.o
                0x00129f4c                __TMC_END__

.tdata          0x00129f4c        0x0
                0x00129f4c                __tdata_lma = .
 *(.tdata)
 *(.tdata.*)
 *(.gnu.linkonce.td.*)
                0x00129f4c                . = ALIGN (0x4)
                0x00129f4c                __tdata_lma_end = .

.tbss           0x00129f4c     0x340c
 *(.tbss)
 .tbss          0x00129f4c     0x340a c:/devkitPro/libctru/lib\libctru.a(sdmc_dev.o)
 *(.tbss.*)
 *(.gnu.linkonce.tb.*)
 *(.tcommon)
                0x0012d358                . = ALIGN (0x4)
 *fill*         0x0012d356        0x2 

.preinit_array  0x00129f4c        0x0
                0x00129f4c                PROVIDE (__preinit_array_start, .)
 *(.preinit_array)
                0x00129f4c                PROVIDE (__preinit_array_end, .)

.init_array     0x00129f4c        0x4
                0x00129f4c                PROVIDE (__init_array_start, .)
 *(SORT(.init_array.*))
 *(.init_array)
 .init_array    0x00129f4c        0x4 c:/devkitpro/devkitarm/bin/../lib/gcc/arm-none-eabi/6.3.0/armv6k/fpu/crtbegin.o
                0x00129f50                PROVIDE (__init_array_end, .)

.fini_array     0x00129f50        0x4
                0x00129f50                PROVIDE (__fini_array_start, .)
 *(.fini_array)
 .fini_array    0x00129f50        0x4 c:/devkitpro/devkitarm/bin/../lib/gcc/arm-none-eabi/6.3.0/armv6k/fpu/crtbegin.o
 *(SORT(.fini_array.*))
                0x00129f54                PROVIDE (__fini_array_end, .)

.ctors
 *crtbegin.o(.ctors)
 *(EXCLUDE_FILE(*crtend.o) .ctors)
 *(SORT(.ctors.*))
 *(.ctors)

.dtors
 *crtbegin.o(.dtors)
 *(EXCLUDE_FILE(*crtend.o) .dtors)
 *(SORT(.dtors.*))
 *(.dtors)
                0x00129f54                __bss_start__ = .
